     VMA      LMA     Size Align Out     In      Symbol
       0        0 80200000     1 . = 0x80200000
80200000 80200000       5e     2 .text
80200000 80200000        e     2         /tmp/kernel-80b956.o:(.text.boot)
80200000 80200000        0     1                 
80200000 80200000        0     1                 
80200000 80200000        0     1                 $x.1
80200000 80200000        0     1                 
80200000 80200000        e     1                 boot
8020000e 8020000e        0     1                 
8020000e 8020000e        0     1                 
8020000e 8020000e       50     2         /tmp/kernel-80b956.o:(.text)
8020000e 8020000e        0     1                 
8020000e 8020000e        0     1                 
8020000e 8020000e        0     1                 $x.0
8020000e 8020000e        0     1                 
8020000e 8020000e        6     1                 sbi_call
80200012 80200012        0     1                 
80200014 80200014        0     1                 
80200014 80200014        0     1                 
80200014 80200014        0     1                 
80200014 80200014       14     1                 putchar
80200026 80200026        0     1                 
80200028 80200028        0     1                 
80200028 80200028        0     1                 
80200028 80200028        0     1                 
80200028 80200028       36     1                 kernel_main
80200030 80200030        0     1                 
80200038 80200038        0     1                 
80200044 80200044        0     1                 .LBB2_1
80200044 80200044        0     1                 
80200044 80200044        0     1                 
80200048 80200048        0     1                 
80200048 80200048        0     1                 
8020004e 8020004e        0     1                 
8020004e 8020004e        0     1                 
80200052 80200052        0     1                 
80200054 80200054        0     1                 
80200058 80200058        0     1                 
80200058 80200058        0     1                 .LBB2_2
80200058 80200058        0     1                 
8020005c 8020005c        0     1                 
8020005e 8020005e        0     1                 
8020005e 8020005e        0     1                 
80200060 80200060       10     4 .rodata
80200060 80200060       10     1         <internal>:(.rodata.str1.1)
80200070 80200070        0     4 .bss
80200070 80200070        0     1         __bss = .
80200070 80200070        0     1         __bss_end = .
80200070 80200070        0     1 . = ALIGN ( 4 )
80200070 80200070    20000     1 . += 128 * 1024
80220070 80220070        0     1 __stack_top = .
       0        0       c1     1 .debug_loc
       0        0       c1     1         /tmp/kernel-80b956.o:(.debug_loc)
       0        0        0     1                 
       0        0        0     1                 $d.3
      1b       1b        0     1                 
      36       36        0     1                 
      51       51        0     1                 
      6e       6e        0     1                 
      89       89        0     1                 
      a4       a4        0     1                 
       0        0      14e     1 .debug_abbrev
       0        0      14e     1         /tmp/kernel-80b956.o:(.debug_abbrev)
       0        0        0     1                 $d.4
       0        0      342     1 .debug_info
       0        0      342     1         /tmp/kernel-80b956.o:(.debug_info)
       0        0        0     1                 $d.5
       0        0       18     1 .debug_ranges
       0        0       18     1         /tmp/kernel-80b956.o:(.debug_ranges)
       0        0        0     1                 
       0        0        0     1                 $d.6
       0        0      12b     1 .debug_str
       0        0      12b     1         <internal>:(.debug_str)
       0        0       7d     1 .comment
       0        0       7d     1         <internal>:(.comment)
       0        0       2b     1 .riscv.attributes
       0        0       2b     1         <internal>:(.riscv.attributes)
       0        0       54     4 .debug_frame
       0        0       54     4         /tmp/kernel-80b956.o:(.debug_frame)
       0        0        0     1                 
       0        0        0     1                 $d.10
       0        0       ba     1 .debug_line
       0        0       ba     1         /tmp/kernel-80b956.o:(.debug_line)
       0        0        0     1                 .Lline_table_start0
       0        0        0     1                 $d.11
       0        0      5e0     4 .symtab
       0        0      5e0     4         <internal>:(.symtab)
       0        0       a0     1 .shstrtab
       0        0       a0     1         <internal>:(.shstrtab)
       0        0       86     1 .strtab
       0        0       86     1         <internal>:(.strtab)
