     VMA      LMA     Size Align Out     In      Symbol
       0        0 80200000     1 . = 0x80200000
80200000 80200000      69a     4 .text
80200000 80200000        e     2         /tmp/kernel-c920e3.o:(.text.boot)
80200000 80200000        0     1                 
80200000 80200000        0     1                 
80200000 80200000        0     1                 $x.1
80200000 80200000        0     1                 
80200000 80200000        e     1                 boot
8020000e 8020000e        0     1                 
8020000e 8020000e        0     1                 
8020000e 8020000e       8a     2         /tmp/kernel-c920e3.o:(.text)
8020000e 8020000e        0     1                 
8020000e 8020000e        0     1                 
8020000e 8020000e        0     1                 $x.0
8020000e 8020000e        0     1                 
8020000e 8020000e       1a     1                 process_a_entry
80200012 80200012        0     1                 
8020001c 8020001c        0     1                 
8020001c 8020001c        0     1                 
80200024 80200024        0     1                 
80200028 80200028        0     1                 
80200028 80200028        0     1                 
80200028 80200028        0     1                 
80200028 80200028        0     1                 
80200028 80200028        0     1                 
80200028 80200028       14     1                 process_b_entry
8020002c 8020002c        0     1                 
80200036 80200036        0     1                 
80200036 80200036        0     1                 
80200038 80200038        0     1                 
8020003c 8020003c        0     1                 
8020003c 8020003c        0     1                 
8020003c 8020003c        0     1                 
8020003c 8020003c        0     1                 
8020003c 8020003c        0     1                 
8020003c 8020003c       5c     1                 kernel_main
80200044 80200044        0     1                 
80200046 80200046        0     1                 
80200046 80200046        0     1                 
80200050 80200050        0     1                 
80200050 80200050        0     1                 
80200052 80200052        0     1                 
8020005e 8020005e        0     1                 
8020005e 8020005e        0     1                 
80200066 80200066        0     1                 
80200070 80200070        0     1                 
80200070 80200070        0     1                 
80200074 80200074        0     1                 
8020007c 8020007c        0     1                 
80200080 80200080        0     1                 
80200080 80200080        0     1                 
80200096 80200096        0     1                 
80200096 80200096        0     1                 .LBB2_1
80200098 80200098        0     1                 
80200098 80200098        0     1                 
80200098 80200098      602     4         /tmp/functions-507e0f.o:(.text)
80200098 80200098        0     1                 
80200098 80200098        0     1                 
80200098 80200098        0     1                 $x.0
80200098 80200098        0     1                 
80200098 80200098        6     1                 sbi_call
8020009c 8020009c        0     1                 
8020009e 8020009e        0     1                 
8020009e 8020009e        0     1                 
8020009e 8020009e        0     1                 
8020009e 8020009e       14     1                 putchar
802000b0 802000b0        0     1                 
802000b2 802000b2        0     1                 
802000b2 802000b2        0     1                 
802000b2 802000b2        0     1                 
802000b2 802000b2      264     1                 printf
802000ce 802000ce        0     1                 
802000f6 802000f6        0     1                 
802000fa 802000fa        0     1                 
802000fe 802000fe        0     1                 .LBB2_1
80200102 80200102        0     1                 
80200102 80200102        0     1                 
80200114 80200114        0     1                 
80200114 80200114        0     1                 .LBB2_3
80200114 80200114        0     1                 
80200116 80200116        0     1                 
8020011a 8020011a        0     1                 
8020011e 8020011e        0     1                 .LBB2_4
8020011e 8020011e        0     1                 
80200122 80200122        0     1                 
80200124 80200124        0     1                 
80200128 80200128        0     1                 
80200132 80200132        0     1                 
80200132 80200132        0     1                 
80200136 80200136        0     1                 
8020013a 8020013a        0     1                 
8020013a 8020013a        0     1                 .LBB2_7
8020013a 8020013a        0     1                 
8020013e 8020013e        0     1                 
8020013e 8020013e        0     1                 
80200150 80200150        0     1                 
80200150 80200150        0     1                 
80200154 80200154        0     1                 
80200156 80200156        0     1                 
80200158 80200158        0     1                 .LBB2_8
80200158 80200158        0     1                 
8020015c 8020015c        0     1                 
80200160 80200160        0     1                 .LBB2_9
80200160 80200160        0     1                 
80200166 80200166        0     1                 .LBB2_10
80200166 80200166        0     1                 
8020016a 8020016a        0     1                 .LBB2_11
8020016a 8020016a        0     1                 
8020016a 8020016a        0     1                 
80200174 80200174        0     1                 
80200174 80200174        0     1                 
80200178 80200178        0     1                 
8020017a 8020017a        0     1                 
8020017a 8020017a        0     1                 .LBB2_13
8020017c 8020017c        0     1                 
8020017c 8020017c        0     1                 
80200180 80200180        0     1                 
80200180 80200180        0     1                 
80200186 80200186        0     1                 
80200186 80200186        0     1                 
8020018c 8020018c        0     1                 
8020018e 8020018e        0     1                 
8020018e 8020018e        0     1                 
80200194 80200194        0     1                 .LBB2_14
80200194 80200194        0     1                 
80200194 80200194        0     1                 
80200196 80200196        0     1                 .LBB2_15
80200196 80200196        0     1                 
80200196 80200196        0     1                 
8020019a 8020019a        0     1                 
8020019c 8020019c        0     1                 
8020019c 8020019c        0     1                 
802001a0 802001a0        0     1                 .LBB2_16
802001a0 802001a0        0     1                 
802001a2 802001a2        0     1                 
802001a2 802001a2        0     1                 
802001a8 802001a8        0     1                 
802001a8 802001a8        0     1                 
802001b0 802001b0        0     1                 
802001b0 802001b0        0     1                 
802001b4 802001b4        0     1                 
802001b4 802001b4        0     1                 
802001c6 802001c6        0     1                 
802001c6 802001c6        0     1                 
802001ca 802001ca        0     1                 .LBB2_17
802001ca 802001ca        0     1                 
802001ce 802001ce        0     1                 
802001ce 802001ce        0     1                 
802001e0 802001e0        0     1                 
802001e0 802001e0        0     1                 
802001e4 802001e4        0     1                 
802001e8 802001e8        0     1                 .LBB2_18
802001e8 802001e8        0     1                 
802001e8 802001e8        0     1                 
802001fe 802001fe        0     1                 
802001fe 802001fe        0     1                 
80200214 80200214        0     1                 
80200214 80200214        0     1                 
8020021e 8020021e        0     1                 
8020021e 8020021e        0     1                 
80200222 80200222        0     1                 
80200222 80200222        0     1                 
80200224 80200224        0     1                 
80200228 80200228        0     1                 
80200228 80200228        0     1                 
8020023a 8020023a        0     1                 
8020023a 8020023a        0     1                 
80200240 80200240        0     1                 
80200240 80200240        0     1                 
80200242 80200242        0     1                 
80200246 80200246        0     1                 
80200246 80200246        0     1                 
80200258 80200258        0     1                 
80200258 80200258        0     1                 
8020025e 8020025e        0     1                 
8020025e 8020025e        0     1                 
80200260 80200260        0     1                 
80200264 80200264        0     1                 
80200264 80200264        0     1                 
80200276 80200276        0     1                 
80200276 80200276        0     1                 
8020027c 8020027c        0     1                 
8020027c 8020027c        0     1                 
8020027e 8020027e        0     1                 
80200282 80200282        0     1                 
80200282 80200282        0     1                 
80200294 80200294        0     1                 
80200294 80200294        0     1                 
8020029a 8020029a        0     1                 
8020029a 8020029a        0     1                 
8020029c 8020029c        0     1                 
802002a0 802002a0        0     1                 
802002a0 802002a0        0     1                 
802002b2 802002b2        0     1                 
802002b2 802002b2        0     1                 
802002b8 802002b8        0     1                 
802002b8 802002b8        0     1                 
802002ba 802002ba        0     1                 
802002be 802002be        0     1                 
802002be 802002be        0     1                 
802002d0 802002d0        0     1                 
802002d0 802002d0        0     1                 
802002d6 802002d6        0     1                 
802002d6 802002d6        0     1                 
802002d8 802002d8        0     1                 
802002dc 802002dc        0     1                 
802002dc 802002dc        0     1                 
802002ee 802002ee        0     1                 
802002ee 802002ee        0     1                 
802002f0 802002f0        0     1                 
802002f0 802002f0        0     1                 
802002f2 802002f2        0     1                 
802002f6 802002f6        0     1                 
802002f6 802002f6        0     1                 
80200308 80200308        0     1                 
80200308 80200308        0     1                 
8020030a 8020030a        0     1                 .LBB2_19
8020030a 8020030a        0     1                 
80200312 80200312        0     1                 
80200316 80200316        0     1                 
80200316 80200316        0     1                 
80200316 80200316        0     1                 
80200316 80200316        0     1                 
80200316 80200316        0     1                 
80200316 80200316       80     1                 print_title
8020031c 8020031c        0     1                 
80200328 80200328        0     1                 
80200328 80200328        0     1                 
80200332 80200332        0     1                 
80200332 80200332        0     1                 
8020033c 8020033c        0     1                 
8020033c 8020033c        0     1                 
80200346 80200346        0     1                 
80200346 80200346        0     1                 
80200350 80200350        0     1                 
80200350 80200350        0     1                 
8020035a 8020035a        0     1                 
8020035a 8020035a        0     1                 
80200364 80200364        0     1                 
80200364 80200364        0     1                 
80200368 80200368        0     1                 
80200368 80200368        0     1                 
80200372 80200372        0     1                 
80200372 80200372        0     1                 
8020037c 8020037c        0     1                 
8020037c 8020037c        0     1                 
80200386 80200386        0     1                 
80200386 80200386        0     1                 
80200392 80200392        0     1                 
80200396 80200396        0     1                 
80200396 80200396        0     1                 
80200396 80200396        0     1                 
80200396 80200396        0     1                 
80200396 80200396        0     1                 
80200396 80200396        0     1                 
80200396 80200396        e     1                 initialize_stvec
8020039e 8020039e        0     1                 
802003a2 802003a2        0     1                 
802003a2 802003a2        0     1                 
802003a4 802003a4        0     1                 
802003a4 802003a4        0     1                 
802003a4 802003a4        0     1                 
802003a4 802003a4        0     1                 
802003a4 802003a4        0     1                 
802003a4 802003a4       90     1                 kernel_entry
80200434 80200434        0     1                 
80200434 80200434        0     1                 
80200434 80200434        0     1                 
80200434 80200434        0     1                 
80200434 80200434        0     1                 
80200434 80200434       5c     1                 handle_trap
80200440 80200440        0     1                 
80200440 80200440        0     1                 
80200444 80200444        0     1                 
80200444 80200444        0     1                 
80200448 80200448        0     1                 
80200448 80200448        0     1                 
8020044c 8020044c        0     1                 
8020044c 8020044c        0     1                 
80200450 80200450        0     1                 
80200450 80200450        0     1                 
8020045a 8020045a        0     1                 
8020045a 8020045a        0     1                 
80200464 80200464        0     1                 
80200468 80200468        0     1                 
80200472 80200472        0     1                 
80200472 80200472        0     1                 
8020048e 8020048e        0     1                 
8020048e 8020048e        0     1                 .LBB6_1
80200490 80200490        0     1                 
80200490 80200490        0     1                 
80200490 80200490        0     1                 
80200490 80200490        0     1                 
80200490 80200490        0     1                 
80200490 80200490       3a     1                 malloc
80200494 80200494        0     1                 
80200494 80200494        0     1                 
80200496 80200496        0     1                 
802004a2 802004a2        0     1                 
802004a2 802004a2        0     1                 .LBB7_2
802004a2 802004a2        0     1                 
802004a4 802004a4        0     1                 
802004a8 802004a8        0     1                 .LBB7_3
802004a8 802004a8        0     1                 
802004a8 802004a8        0     1                 
802004aa 802004aa        0     1                 
802004ae 802004ae        0     1                 
802004ae 802004ae        0     1                 .LBB7_5
802004ae 802004ae        0     1                 
802004b2 802004b2        0     1                 
802004b4 802004b4        0     1                 
802004b8 802004b8        0     1                 
802004ba 802004ba        0     1                 
802004c0 802004c0        0     1                 .LBB7_6
802004c0 802004c0        0     1                 
802004c0 802004c0        0     1                 
802004c4 802004c4        0     1                 
802004ca 802004ca        0     1                 
802004ca 802004ca        0     1                 
802004ca 802004ca        0     1                 
802004ca 802004ca        0     1                 
802004ca 802004ca        0     1                 
802004ca 802004ca       16     1                 memset
802004cc 802004cc        0     1                 
802004ce 802004ce        0     1                 
802004ce 802004ce        0     1                 .LBB8_2
802004ce 802004ce        0     1                 
802004d2 802004d2        0     1                 
802004d4 802004d4        0     1                 
802004d8 802004d8        0     1                 
802004da 802004da        0     1                 
802004de 802004de        0     1                 .LBB8_3
802004de 802004de        0     1                 
802004de 802004de        0     1                 
802004e0 802004e0        0     1                 
802004e0 802004e0        0     1                 
802004e0 802004e0        0     1                 
802004e0 802004e0        0     1                 
802004e0 802004e0        0     1                 
802004e0 802004e0       46     1                 switch_context
80200526 80200526        0     1                 
80200526 80200526        0     1                 
80200526 80200526        0     1                 
80200526 80200526      114     1                 create_process
80200530 80200530        0     1                 
80200530 80200530        0     1                 
80200532 80200532        0     1                 
80200532 80200532        0     1                 
80200538 80200538        0     1                 
8020053a 8020053a        0     1                 
8020053a 8020053a        0     1                 
80200548 80200548        0     1                 
8020054a 8020054a        0     1                 
8020054a 8020054a        0     1                 
80200550 80200550        0     1                 
80200552 80200552        0     1                 
80200552 80200552        0     1                 
80200560 80200560        0     1                 
80200562 80200562        0     1                 
80200562 80200562        0     1                 
80200568 80200568        0     1                 
8020056a 8020056a        0     1                 
8020056a 8020056a        0     1                 
80200578 80200578        0     1                 
8020057a 8020057a        0     1                 
8020057a 8020057a        0     1                 
80200580 80200580        0     1                 
80200582 80200582        0     1                 
80200582 80200582        0     1                 
80200592 80200592        0     1                 
80200594 80200594        0     1                 
80200594 80200594        0     1                 
8020059c 8020059c        0     1                 
802005a0 802005a0        0     1                 
802005a2 802005a2        0     1                 
802005a2 802005a2        0     1                 
802005a6 802005a6        0     1                 
802005b8 802005b8        0     1                 
802005b8 802005b8        0     1                 
802005bc 802005bc        0     1                 .LBB10_11
802005bc 802005bc        0     1                 
802005be 802005be        0     1                 .LBB10_12
802005be 802005be        0     1                 
802005be 802005be        0     1                 
802005c2 802005c2        0     1                 .LBB10_13
802005c2 802005c2        0     1                 
802005c6 802005c6        0     1                 .LBB10_14
802005c6 802005c6        0     1                 
802005ca 802005ca        0     1                 .LBB10_15
802005ca 802005ca        0     1                 
802005ce 802005ce        0     1                 .LBB10_16
802005ce 802005ce        0     1                 
802005d2 802005d2        0     1                 .LBB10_17
802005d2 802005d2        0     1                 
802005d6 802005d6        0     1                 .LBB10_18
802005d6 802005d6        0     1                 
802005da 802005da        0     1                 .LBB10_19
802005da 802005da        0     1                 
802005de 802005de        0     1                 .LBB10_20
802005de 802005de        0     1                 
802005e0 802005e0        0     1                 .LBB10_21
802005e0 802005e0        0     1                 
802005e0 802005e0        0     1                 
802005ec 802005ec        0     1                 
802005ec 802005ec        0     1                 
802005ee 802005ee        0     1                 
802005f4 802005f4        0     1                 
802005f8 802005f8        0     1                 
802005fc 802005fc        0     1                 
80200600 80200600        0     1                 
80200604 80200604        0     1                 
80200608 80200608        0     1                 
8020060c 8020060c        0     1                 
80200610 80200610        0     1                 
80200614 80200614        0     1                 
80200618 80200618        0     1                 
8020061c 8020061c        0     1                 
80200620 80200620        0     1                 
80200628 80200628        0     1                 
8020062a 8020062a        0     1                 
8020062a 8020062a        0     1                 
8020062c 8020062c        0     1                 
80200630 80200630        0     1                 
80200630 80200630        0     1                 
80200632 80200632        0     1                 
80200636 80200636        0     1                 
8020063a 8020063a        0     1                 
8020063a 8020063a        0     1                 
8020063a 8020063a        0     1                 
8020063a 8020063a        0     1                 
8020063a 8020063a        0     1                 
8020063a 8020063a        e     1                 start_processes
8020063c 8020063c        0     1                 
8020063e 8020063e        0     1                 
80200646 80200646        0     1                 
80200646 80200646        0     1                 
80200648 80200648        0     1                 
80200648 80200648        0     1                 
80200648 80200648        0     1                 
80200648 80200648        0     1                 
80200648 80200648        0     1                 
80200648 80200648        0     1                 
80200648 80200648       52     1                 yield
8020064c 8020064c        0     1                 
80200656 80200656        0     1                 
80200656 80200656        0     1                 
80200674 80200674        0     1                 .LBB12_1
80200674 80200674        0     1                 
80200674 80200674        0     1                 
80200676 80200676        0     1                 
80200678 80200678        0     1                 .LBB12_2
80200678 80200678        0     1                 
8020067c 8020067c        0     1                 
80200680 80200680        0     1                 
80200684 80200684        0     1                 
80200684 80200684        0     1                 
8020068c 8020068c        0     1                 
80200690 80200690        0     1                 
80200696 80200696        0     1                 
8020069a 8020069a        0     1                 
8020069a 8020069a        0     1                 
8020069a 8020069a        0     1                 
8020069c 8020069c      763     4 .rodata
8020069c 8020069c      763     1         <internal>:(.rodata.str1.1)
80200e00 80200e00       88     4 .data
80200e00 80200e00       88     4         /tmp/functions-507e0f.o:(.data)
80200e00 80200e00        0     1                 $d.2
80200e00 80200e00       88     1                 exception_cause
80200e88 80200e88    140ac     4 .bss
80200e88 80200e88        0     1         __bss = .
80200e88 80200e88        8     4         /tmp/kernel-c920e3.o:(.sbss)
80200e88 80200e88        0     1                 $d.3
80200e88 80200e88        4     1                 proc_a
80200e8c 80200e8c        4     1                 proc_b
80200e90 80200e90    140a0     4         /tmp/functions-507e0f.o:(.bss)
80200e90 80200e90        0     1                 $d.3
80200e90 80200e90    140a0     1                 procs
80214f30 80214f30        4     4         /tmp/functions-507e0f.o:(.sbss)
80214f30 80214f30        0     1                 $d.4
80214f30 80214f30        4     1                 current_process
80214f34 80214f34        0     1         __bss_end = .
80214f34 80214f34        0     1 . = ALIGN ( 4 )
80214f34 80214f34    20000     1 . += 128 * 1024
80234f34 80234f34        0     1 __stack_top = .
80234f34 80234f34       cc     1 . = ALIGN ( 4096 )
80235000 80235000        0     1 __free_mem = .
80235000 80235000  4000000     1 . += 64 * 1024 * 1024
84235000 84235000        0     1 __free_mem_end = .
       0        0      40e     1 .debug_abbrev
       0        0      116     1         /tmp/kernel-c920e3.o:(.debug_abbrev)
       0        0        0     1                 $d.4
     116      116      2f8     1         /tmp/functions-507e0f.o:(.debug_abbrev)
     116      116        0     1                 $d.6
       0        0     10c7     1 .debug_info
       0        0      206     1         /tmp/kernel-c920e3.o:(.debug_info)
       0        0        0     1                 $d.5
     206      206      ec1     1         /tmp/functions-507e0f.o:(.debug_info)
     206      206        0     1                 $d.7
       0        0       a8     1 .debug_ranges
       0        0       18     1         /tmp/kernel-c920e3.o:(.debug_ranges)
       0        0        0     1                 
       0        0        0     1                 $d.6
      18       18       90     1         /tmp/functions-507e0f.o:(.debug_ranges)
      18       18        0     1                 
      18       18        0     1                 $d.8
      60       60        0     1                 
       0        0      3a2     1 .debug_str
       0        0      3a2     1         <internal>:(.debug_str)
       0        0       7d     1 .comment
       0        0       7d     1         <internal>:(.comment)
       0        0       2b     1 .riscv.attributes
       0        0       2b     1         <internal>:(.riscv.attributes)
       0        0      188     4 .debug_frame
       0        0       70     4         /tmp/kernel-c920e3.o:(.debug_frame)
       0        0        0     1                 
       0        0        0     1                 $d.10
      70       70      118     4         /tmp/functions-507e0f.o:(.debug_frame)
      70       70        0     1                 
      70       70        0     1                 $d.12
       0        0      71f     1 .debug_line
       0        0       f5     1         /tmp/kernel-c920e3.o:(.debug_line)
       0        0        0     1                 .Lline_table_start0
       0        0        0     1                 $d.11
      f5       f5      62a     1         /tmp/functions-507e0f.o:(.debug_line)
      f5       f5        0     1                 .Lline_table_start0
      f5       f5        0     1                 $d.13
       0        0      683     1 .debug_loc
       0        0      683     1         /tmp/functions-507e0f.o:(.debug_loc)
       0        0        0     1                 
       0        0        0     1                 $d.5
      13       13        0     1                 
      26       26        0     1                 
      39       39        0     1                 
      4d       4d        0     1                 
      6b       6b        0     1                 
      7e       7e        0     1                 
      92       92        0     1                 
      bd       bd        0     1                 
      d0       d0        0     1                 
      e4       e4        0     1                 
     13b      13b        0     1                 
     164      164        0     1                 
     177      177        0     1                 
     18b      18b        0     1                 
     19f      19f        0     1                 
     1b4      1b4        0     1                 
     1c8      1c8        0     1                 
     1dc      1dc        0     1                 
     1f1      1f1        0     1                 
     26e      26e        0     1                 
     281      281        0     1                 
     2e1      2e1        0     1                 
     341      341        0     1                 
     3a1      3a1        0     1                 
     409      409        0     1                 
     41c      41c        0     1                 
     42f      42f        0     1                 
     442      442        0     1                 
     455      455        0     1                 
     468      468        0     1                 
     47b      47b        0     1                 
     49a      49a        0     1                 
     4b9      4b9        0     1                 
     4cc      4cc        0     1                 
     4df      4df        0     1                 
     4fe      4fe        0     1                 
     51c      51c        0     1                 
     628      628        0     1                 
     63b      63b        0     1                 
     65d      65d        0     1                 
     670      670        0     1                 
       0        0     2600     4 .symtab
       0        0     2600     4         <internal>:(.symtab)
       0        0       a6     1 .shstrtab
       0        0       a6     1         <internal>:(.shstrtab)
       0        0      1c9     1 .strtab
       0        0      1c9     1         <internal>:(.strtab)
