     VMA      LMA     Size Align Out     In      Symbol
       0        0 80200000     1 . = 0x80200000
80200000 80200000      4bc     4 .text
80200000 80200000        e     2         /tmp/kernel-773a20.o:(.text.boot)
80200000 80200000        0     1                 
80200000 80200000        0     1                 
80200000 80200000        0     1                 $x.1
80200000 80200000        0     1                 
80200000 80200000        e     1                 boot
8020000e 8020000e        0     1                 
8020000e 8020000e        0     1                 
80200010 80200010      4ac     4         /tmp/kernel-773a20.o:(.text)
80200010 80200010        0     1                 
80200010 80200010        0     1                 
80200010 80200010        0     1                 $x.0
80200010 80200010        0     1                 
80200010 80200010       90     1                 kernel_entry
802000a0 802000a0        0     1                 
802000a0 802000a0        0     1                 
802000a0 802000a0        0     1                 
802000a0 802000a0        0     1                 
802000a0 802000a0        0     1                 
802000a0 802000a0        6     1                 sbi_call
802000a4 802000a4        0     1                 
802000a4 802000a4        0     1                 
802000a6 802000a6        0     1                 
802000a6 802000a6        0     1                 
802000a6 802000a6        0     1                 
802000a6 802000a6       14     1                 putchar
802000b8 802000b8        0     1                 
802000b8 802000b8        0     1                 
802000ba 802000ba        0     1                 
802000ba 802000ba        0     1                 
802000ba 802000ba        0     1                 
802000ba 802000ba      2d8     1                 printf
802000d2 802000d2        0     1                 
802000e2 802000e2        0     1                 
8020012e 8020012e        0     1                 
80200132 80200132        0     1                 
80200136 80200136        0     1                 .LBB3_1
8020013a 8020013a        0     1                 
8020013a 8020013a        0     1                 
8020014c 8020014c        0     1                 
8020014c 8020014c        0     1                 .LBB3_3
8020014c 8020014c        0     1                 
8020014e 8020014e        0     1                 
80200152 80200152        0     1                 
80200156 80200156        0     1                 .LBB3_4
80200156 80200156        0     1                 
80200156 80200156        0     1                 
8020015a 8020015a        0     1                 
8020015e 8020015e        0     1                 
80200168 80200168        0     1                 
80200168 80200168        0     1                 
8020016c 8020016c        0     1                 
80200170 80200170        0     1                 
80200170 80200170        0     1                 .LBB3_7
80200170 80200170        0     1                 
80200174 80200174        0     1                 
80200174 80200174        0     1                 
80200186 80200186        0     1                 
80200186 80200186        0     1                 
8020018a 8020018a        0     1                 
8020018c 8020018c        0     1                 
8020018e 8020018e        0     1                 .LBB3_8
8020018e 8020018e        0     1                 
80200190 80200190        0     1                 
80200190 80200190        0     1                 
80200194 80200194        0     1                 
8020019a 8020019a        0     1                 .LBB3_9
8020019a 8020019a        0     1                 
8020019a 8020019a        0     1                 
8020019c 8020019c        0     1                 
8020019c 8020019c        0     1                 
802001a0 802001a0        0     1                 .LBB3_10
802001a0 802001a0        0     1                 
802001a0 802001a0        0     1                 
802001aa 802001aa        0     1                 
802001aa 802001aa        0     1                 
802001ae 802001ae        0     1                 
802001b0 802001b0        0     1                 
802001b0 802001b0        0     1                 .LBB3_12
802001b2 802001b2        0     1                 
802001b2 802001b2        0     1                 
802001b6 802001b6        0     1                 
802001b6 802001b6        0     1                 
802001bc 802001bc        0     1                 
802001bc 802001bc        0     1                 
802001c2 802001c2        0     1                 
802001c4 802001c4        0     1                 
802001c4 802001c4        0     1                 
802001ca 802001ca        0     1                 .LBB3_13
802001ca 802001ca        0     1                 
802001ca 802001ca        0     1                 
802001cc 802001cc        0     1                 .LBB3_14
802001cc 802001cc        0     1                 
802001cc 802001cc        0     1                 
802001d0 802001d0        0     1                 
802001d2 802001d2        0     1                 
802001d2 802001d2        0     1                 
802001d6 802001d6        0     1                 .LBB3_15
802001d6 802001d6        0     1                 
802001d8 802001d8        0     1                 
802001d8 802001d8        0     1                 
802001de 802001de        0     1                 
802001de 802001de        0     1                 
802001e6 802001e6        0     1                 
802001e6 802001e6        0     1                 
802001ea 802001ea        0     1                 
802001ea 802001ea        0     1                 
802001fc 802001fc        0     1                 
802001fc 802001fc        0     1                 
80200200 80200200        0     1                 .LBB3_16
80200200 80200200        0     1                 
80200204 80200204        0     1                 
80200204 80200204        0     1                 
80200216 80200216        0     1                 
80200216 80200216        0     1                 
8020021a 8020021a        0     1                 .LBB3_17
8020021a 8020021a        0     1                 
8020021a 8020021a        0     1                 
8020021e 8020021e        0     1                 
8020021e 8020021e        0     1                 
80200228 80200228        0     1                 
80200228 80200228        0     1                 
8020022c 8020022c        0     1                 
80200238 80200238        0     1                 
80200238 80200238        0     1                 
8020023a 8020023a        0     1                 
8020023e 8020023e        0     1                 
8020023e 8020023e        0     1                 
80200250 80200250        0     1                 
80200250 80200250        0     1                 
80200254 80200254        0     1                 
80200266 80200266        0     1                 
80200266 80200266        0     1                 
80200268 80200268        0     1                 
8020026c 8020026c        0     1                 
8020026c 8020026c        0     1                 
8020027e 8020027e        0     1                 
8020027e 8020027e        0     1                 
80200282 80200282        0     1                 
80200294 80200294        0     1                 
80200294 80200294        0     1                 
80200296 80200296        0     1                 
8020029a 8020029a        0     1                 
8020029a 8020029a        0     1                 
802002ac 802002ac        0     1                 
802002ac 802002ac        0     1                 
802002b0 802002b0        0     1                 
802002c2 802002c2        0     1                 
802002c2 802002c2        0     1                 
802002c4 802002c4        0     1                 
802002c8 802002c8        0     1                 
802002c8 802002c8        0     1                 
802002da 802002da        0     1                 
802002da 802002da        0     1                 
802002de 802002de        0     1                 
802002ea 802002ea        0     1                 
802002ea 802002ea        0     1                 
802002ec 802002ec        0     1                 
802002f0 802002f0        0     1                 
802002f0 802002f0        0     1                 
80200302 80200302        0     1                 
80200302 80200302        0     1                 
80200306 80200306        0     1                 
80200312 80200312        0     1                 
80200312 80200312        0     1                 
80200314 80200314        0     1                 
80200318 80200318        0     1                 
80200318 80200318        0     1                 
8020032a 8020032a        0     1                 
8020032a 8020032a        0     1                 
8020032e 8020032e        0     1                 
8020033a 8020033a        0     1                 
8020033a 8020033a        0     1                 
8020033c 8020033c        0     1                 
80200340 80200340        0     1                 
80200340 80200340        0     1                 
80200352 80200352        0     1                 
80200352 80200352        0     1                 
80200360 80200360        0     1                 
80200360 80200360        0     1                 
80200362 80200362        0     1                 
80200366 80200366        0     1                 
80200366 80200366        0     1                 
80200378 80200378        0     1                 
80200378 80200378        0     1                 
8020037a 8020037a        0     1                 .LBB3_19
8020037a 8020037a        0     1                 
8020038e 8020038e        0     1                 
80200392 80200392        0     1                 
80200392 80200392        0     1                 
80200392 80200392        0     1                 
80200392 80200392        0     1                 
80200392 80200392        0     1                 
80200392 80200392       44     1                 print_title
80200396 80200396        0     1                 
802003a0 802003a0        0     1                 
802003a0 802003a0        0     1                 
802003aa 802003aa        0     1                 
802003aa 802003aa        0     1                 
802003b4 802003b4        0     1                 
802003b4 802003b4        0     1                 
802003be 802003be        0     1                 
802003be 802003be        0     1                 
802003c8 802003c8        0     1                 
802003c8 802003c8        0     1                 
802003d2 802003d2        0     1                 
802003d6 802003d6        0     1                 
802003d6 802003d6        0     1                 
802003d6 802003d6        0     1                 
802003d6 802003d6        0     1                 
802003d6 802003d6        0     1                 
802003d6 802003d6        0     1                 
802003d6 802003d6       b0     1                 kernel_main
802003da 802003da        0     1                 
802003e4 802003e4        0     1                 
802003e4 802003e4        0     1                 
802003ee 802003ee        0     1                 
802003ee 802003ee        0     1                 
802003f8 802003f8        0     1                 
802003f8 802003f8        0     1                 
80200402 80200402        0     1                 
80200402 80200402        0     1                 
8020040c 8020040c        0     1                 
8020040c 8020040c        0     1                 
80200416 80200416        0     1                 
80200416 80200416        0     1                 
80200420 80200420        0     1                 
80200420 80200420        0     1                 
8020042a 8020042a        0     1                 
8020042a 8020042a        0     1                 
80200434 80200434        0     1                 
80200434 80200434        0     1                 
8020043e 8020043e        0     1                 
8020043e 8020043e        0     1                 
80200448 80200448        0     1                 
80200448 80200448        0     1                 
80200452 80200452        0     1                 
80200452 80200452        0     1                 
8020045a 8020045a        0     1                 
8020045e 8020045e        0     1                 
8020045e 8020045e        0     1                 
80200462 80200462        0     1                 
80200462 80200462        0     1                 
80200466 80200466        0     1                 
8020046e 8020046e        0     1                 
8020046e 8020046e        0     1                 
80200484 80200484        0     1                 
80200484 80200484        0     1                 .LBB5_1
80200486 80200486        0     1                 
80200486 80200486        0     1                 
80200486 80200486        0     1                 
80200486 80200486        0     1                 
80200486 80200486        0     1                 
80200486 80200486        e     1                 initialize_stvec
8020048e 8020048e        0     1                 
80200492 80200492        0     1                 
80200492 80200492        0     1                 
80200494 80200494        0     1                 
80200494 80200494        0     1                 
80200494 80200494        0     1                 
80200494 80200494        0     1                 
80200494 80200494        0     1                 
80200494 80200494       28     1                 handle_trap
80200498 80200498        0     1                 
80200498 80200498        0     1                 
8020049c 8020049c        0     1                 
8020049c 8020049c        0     1                 
802004a0 802004a0        0     1                 
802004a0 802004a0        0     1                 
802004a4 802004a4        0     1                 
802004a4 802004a4        0     1                 
802004ba 802004ba        0     1                 
802004ba 802004ba        0     1                 .LBB8_1
802004bc 802004bc        0     1                 
802004bc 802004bc        0     1                 
802004bc 802004bc      4eb     4 .rodata
802004bc 802004bc      4eb     1         <internal>:(.rodata.str1.1)
802009a8 802009a8        0     4 .bss
802009a8 802009a8        0     1         __bss = .
802009a8 802009a8        0     1         __bss_end = .
802009a8 802009a8        0     1 . = ALIGN ( 4 )
802009a8 802009a8    20000     1 . += 128 * 1024
802209a8 802209a8        0     1 __stack_top = .
       0        0      541     1 .debug_loc
       0        0      541     1         /tmp/kernel-773a20.o:(.debug_loc)
       0        0        0     1                 
       0        0        0     1                 $d.3
      1b       1b        0     1                 
      36       36        0     1                 
      51       51        0     1                 
      6e       6e        0     1                 
      aa       aa        0     1                 
      c5       c5        0     1                 
      e2       e2        0     1                 
     115      115        0     1                 
     130      130        0     1                 
     14d      14d        0     1                 
     1ac      1ac        0     1                 
     1dd      1dd        0     1                 
     1f8      1f8        0     1                 
     215      215        0     1                 
     232      232        0     1                 
     2b7      2b7        0     1                 
     2d2      2d2        0     1                 
     33a      33a        0     1                 
     3a2      3a2        0     1                 
     40a      40a        0     1                 
     482      482        0     1                 
     49d      49d        0     1                 
     4ba      4ba        0     1                 
     4d5      4d5        0     1                 
     4f0      4f0        0     1                 
     50b      50b        0     1                 
     526      526        0     1                 
       0        0      1ec     1 .debug_abbrev
       0        0      1ec     1         /tmp/kernel-773a20.o:(.debug_abbrev)
       0        0        0     1                 $d.4
       0        0      9ae     1 .debug_info
       0        0      9ae     1         /tmp/kernel-773a20.o:(.debug_info)
       0        0        0     1                 $d.5
       0        0       b0     1 .debug_ranges
       0        0       b0     1         /tmp/kernel-773a20.o:(.debug_ranges)
       0        0        0     1                 
       0        0        0     1                 $d.6
      48       48        0     1                 
      90       90        0     1                 
       0        0      1f3     1 .debug_str
       0        0      1f3     1         <internal>:(.debug_str)
       0        0       7d     1 .comment
       0        0       7d     1         <internal>:(.comment)
       0        0       2b     1 .riscv.attributes
       0        0       2b     1         <internal>:(.riscv.attributes)
       0        0       d4     4 .debug_frame
       0        0       d4     4         /tmp/kernel-773a20.o:(.debug_frame)
       0        0        0     1                 
       0        0        0     1                 $d.10
       0        0      40d     1 .debug_line
       0        0      40d     1         /tmp/kernel-773a20.o:(.debug_line)
       0        0        0     1                 .Lline_table_start0
       0        0        0     1                 $d.11
       0        0     1640     4 .symtab
       0        0     1640     4         <internal>:(.symtab)
       0        0       a0     1 .shstrtab
       0        0       a0     1         <internal>:(.shstrtab)
       0        0       c3     1 .strtab
       0        0       c3     1         <internal>:(.strtab)
