     VMA      LMA     Size Align Out     In      Symbol
       0        0 80200000     1 . = 0x80200000
80200000 80200000      5be     4 .text
80200000 80200000        e     2         /tmp/kernel-bac446.o:(.text.boot)
80200000 80200000        0     1                 
80200000 80200000        0     1                 
80200000 80200000        0     1                 $x.1
80200000 80200000        0     1                 
80200000 80200000        e     1                 boot
8020000e 8020000e        0     1                 
8020000e 8020000e        0     1                 
8020000e 8020000e      18e     2         /tmp/kernel-bac446.o:(.text)
8020000e 8020000e        0     1                 
8020000e 8020000e        0     1                 
8020000e 8020000e        0     1                 $x.0
8020000e 8020000e        0     1                 
8020000e 8020000e      18e     1                 kernel_main
80200016 80200016        0     1                 
80200018 80200018        0     1                 
80200018 80200018        0     1                 
80200022 80200022        0     1                 
80200022 80200022        0     1                 
80200024 80200024        0     1                 
8020002c 8020002c        0     1                 
80200036 80200036        0     1                 
80200036 80200036        0     1                 
8020003a 8020003a        0     1                 
80200046 80200046        0     1                 
80200046 80200046        0     1                 
8020004a 8020004a        0     1                 
8020004e 8020004e        0     1                 
8020004e 8020004e        0     1                 
80200052 80200052        0     1                 
80200056 80200056        0     1                 
80200056 80200056        0     1                 
8020005a 8020005a        0     1                 
8020005e 8020005e        0     1                 
8020005e 8020005e        0     1                 
80200062 80200062        0     1                 
80200066 80200066        0     1                 
80200066 80200066        0     1                 
8020006a 8020006a        0     1                 
8020006e 8020006e        0     1                 
8020006e 8020006e        0     1                 
80200072 80200072        0     1                 
80200076 80200076        0     1                 
80200076 80200076        0     1                 
8020007a 8020007a        0     1                 
8020007e 8020007e        0     1                 
8020007e 8020007e        0     1                 
80200082 80200082        0     1                 
80200086 80200086        0     1                 
80200086 80200086        0     1                 
8020008a 8020008a        0     1                 
8020008e 8020008e        0     1                 
8020008e 8020008e        0     1                 
80200092 80200092        0     1                 
80200096 80200096        0     1                 
80200096 80200096        0     1                 
8020009a 8020009a        0     1                 
8020009e 8020009e        0     1                 
8020009e 8020009e        0     1                 
802000a2 802000a2        0     1                 
802000a6 802000a6        0     1                 
802000a6 802000a6        0     1                 
802000aa 802000aa        0     1                 
802000ae 802000ae        0     1                 
802000ae 802000ae        0     1                 
802000b2 802000b2        0     1                 
802000b6 802000b6        0     1                 
802000b6 802000b6        0     1                 
802000ba 802000ba        0     1                 
802000be 802000be        0     1                 
802000be 802000be        0     1                 
802000c2 802000c2        0     1                 
802000c6 802000c6        0     1                 
802000c6 802000c6        0     1                 
802000ca 802000ca        0     1                 
802000ce 802000ce        0     1                 
802000ce 802000ce        0     1                 
802000d2 802000d2        0     1                 
802000d6 802000d6        0     1                 
802000d6 802000d6        0     1                 
802000da 802000da        0     1                 
802000de 802000de        0     1                 
802000de 802000de        0     1                 
802000e2 802000e2        0     1                 
802000e6 802000e6        0     1                 
802000e6 802000e6        0     1                 
802000ea 802000ea        0     1                 
802000ee 802000ee        0     1                 
802000ee 802000ee        0     1                 
802000f2 802000f2        0     1                 
802000f6 802000f6        0     1                 
802000f6 802000f6        0     1                 
802000fa 802000fa        0     1                 
802000fe 802000fe        0     1                 
802000fe 802000fe        0     1                 
80200102 80200102        0     1                 
80200106 80200106        0     1                 
80200106 80200106        0     1                 
8020010a 8020010a        0     1                 
8020010e 8020010e        0     1                 
8020010e 8020010e        0     1                 
80200112 80200112        0     1                 
80200116 80200116        0     1                 
80200116 80200116        0     1                 
8020011a 8020011a        0     1                 
8020011e 8020011e        0     1                 
8020011e 8020011e        0     1                 
80200122 80200122        0     1                 
80200126 80200126        0     1                 
80200126 80200126        0     1                 
8020012a 8020012a        0     1                 
8020012e 8020012e        0     1                 
8020012e 8020012e        0     1                 
80200132 80200132        0     1                 
80200136 80200136        0     1                 
80200136 80200136        0     1                 
8020013a 8020013a        0     1                 
8020013e 8020013e        0     1                 
8020013e 8020013e        0     1                 
80200142 80200142        0     1                 
80200146 80200146        0     1                 
80200146 80200146        0     1                 
8020014a 8020014a        0     1                 
8020014e 8020014e        0     1                 
8020014e 8020014e        0     1                 
80200152 80200152        0     1                 
80200156 80200156        0     1                 
80200156 80200156        0     1                 
8020015a 8020015a        0     1                 
8020015e 8020015e        0     1                 
8020015e 8020015e        0     1                 
80200162 80200162        0     1                 
80200166 80200166        0     1                 
80200166 80200166        0     1                 
8020016a 8020016a        0     1                 
8020016e 8020016e        0     1                 
8020016e 8020016e        0     1                 
80200172 80200172        0     1                 
80200176 80200176        0     1                 
80200176 80200176        0     1                 
8020017a 8020017a        0     1                 
8020017e 8020017e        0     1                 
8020017e 8020017e        0     1                 
80200182 80200182        0     1                 
80200186 80200186        0     1                 
80200186 80200186        0     1                 
8020019a 8020019a        0     1                 
8020019a 8020019a        0     1                 .LBB0_1
8020019c 8020019c        0     1                 
8020019c 8020019c        0     1                 
8020019c 8020019c      422     4         /tmp/functions-8cab7f.o:(.text)
8020019c 8020019c        0     1                 
8020019c 8020019c        0     1                 
8020019c 8020019c        0     1                 $x.0
8020019c 8020019c        0     1                 
8020019c 8020019c        6     1                 sbi_call
802001a0 802001a0        0     1                 
802001a2 802001a2        0     1                 
802001a2 802001a2        0     1                 
802001a2 802001a2        0     1                 
802001a2 802001a2       14     1                 putchar
802001b4 802001b4        0     1                 
802001b6 802001b6        0     1                 
802001b6 802001b6        0     1                 
802001b6 802001b6        0     1                 
802001b6 802001b6      264     1                 printf
802001d2 802001d2        0     1                 
802001fa 802001fa        0     1                 
802001fe 802001fe        0     1                 
80200202 80200202        0     1                 .LBB2_1
80200206 80200206        0     1                 
80200206 80200206        0     1                 
80200218 80200218        0     1                 
80200218 80200218        0     1                 .LBB2_3
80200218 80200218        0     1                 
8020021a 8020021a        0     1                 
8020021e 8020021e        0     1                 
80200222 80200222        0     1                 .LBB2_4
80200222 80200222        0     1                 
80200226 80200226        0     1                 
80200228 80200228        0     1                 
8020022c 8020022c        0     1                 
80200236 80200236        0     1                 
80200236 80200236        0     1                 
8020023a 8020023a        0     1                 
8020023e 8020023e        0     1                 
8020023e 8020023e        0     1                 .LBB2_7
8020023e 8020023e        0     1                 
80200242 80200242        0     1                 
80200242 80200242        0     1                 
80200254 80200254        0     1                 
80200254 80200254        0     1                 
80200258 80200258        0     1                 
8020025a 8020025a        0     1                 
8020025c 8020025c        0     1                 .LBB2_8
8020025c 8020025c        0     1                 
80200260 80200260        0     1                 
80200264 80200264        0     1                 .LBB2_9
80200264 80200264        0     1                 
8020026a 8020026a        0     1                 .LBB2_10
8020026a 8020026a        0     1                 
8020026e 8020026e        0     1                 .LBB2_11
8020026e 8020026e        0     1                 
8020026e 8020026e        0     1                 
80200278 80200278        0     1                 
80200278 80200278        0     1                 
8020027c 8020027c        0     1                 
8020027e 8020027e        0     1                 
8020027e 8020027e        0     1                 .LBB2_13
80200280 80200280        0     1                 
80200280 80200280        0     1                 
80200284 80200284        0     1                 
80200284 80200284        0     1                 
8020028a 8020028a        0     1                 
8020028a 8020028a        0     1                 
80200290 80200290        0     1                 
80200292 80200292        0     1                 
80200292 80200292        0     1                 
80200298 80200298        0     1                 .LBB2_14
80200298 80200298        0     1                 
80200298 80200298        0     1                 
8020029a 8020029a        0     1                 .LBB2_15
8020029a 8020029a        0     1                 
8020029a 8020029a        0     1                 
8020029e 8020029e        0     1                 
802002a0 802002a0        0     1                 
802002a0 802002a0        0     1                 
802002a4 802002a4        0     1                 .LBB2_16
802002a4 802002a4        0     1                 
802002a6 802002a6        0     1                 
802002a6 802002a6        0     1                 
802002ac 802002ac        0     1                 
802002ac 802002ac        0     1                 
802002b4 802002b4        0     1                 
802002b4 802002b4        0     1                 
802002b8 802002b8        0     1                 
802002b8 802002b8        0     1                 
802002ca 802002ca        0     1                 
802002ca 802002ca        0     1                 
802002ce 802002ce        0     1                 .LBB2_17
802002ce 802002ce        0     1                 
802002d2 802002d2        0     1                 
802002d2 802002d2        0     1                 
802002e4 802002e4        0     1                 
802002e4 802002e4        0     1                 
802002e8 802002e8        0     1                 
802002ec 802002ec        0     1                 .LBB2_18
802002ec 802002ec        0     1                 
802002ec 802002ec        0     1                 
80200302 80200302        0     1                 
80200302 80200302        0     1                 
80200318 80200318        0     1                 
80200318 80200318        0     1                 
80200322 80200322        0     1                 
80200322 80200322        0     1                 
80200326 80200326        0     1                 
80200326 80200326        0     1                 
80200328 80200328        0     1                 
8020032c 8020032c        0     1                 
8020032c 8020032c        0     1                 
8020033e 8020033e        0     1                 
8020033e 8020033e        0     1                 
80200344 80200344        0     1                 
80200344 80200344        0     1                 
80200346 80200346        0     1                 
8020034a 8020034a        0     1                 
8020034a 8020034a        0     1                 
8020035c 8020035c        0     1                 
8020035c 8020035c        0     1                 
80200362 80200362        0     1                 
80200362 80200362        0     1                 
80200364 80200364        0     1                 
80200368 80200368        0     1                 
80200368 80200368        0     1                 
8020037a 8020037a        0     1                 
8020037a 8020037a        0     1                 
80200380 80200380        0     1                 
80200380 80200380        0     1                 
80200382 80200382        0     1                 
80200386 80200386        0     1                 
80200386 80200386        0     1                 
80200398 80200398        0     1                 
80200398 80200398        0     1                 
8020039e 8020039e        0     1                 
8020039e 8020039e        0     1                 
802003a0 802003a0        0     1                 
802003a4 802003a4        0     1                 
802003a4 802003a4        0     1                 
802003b6 802003b6        0     1                 
802003b6 802003b6        0     1                 
802003bc 802003bc        0     1                 
802003bc 802003bc        0     1                 
802003be 802003be        0     1                 
802003c2 802003c2        0     1                 
802003c2 802003c2        0     1                 
802003d4 802003d4        0     1                 
802003d4 802003d4        0     1                 
802003da 802003da        0     1                 
802003da 802003da        0     1                 
802003dc 802003dc        0     1                 
802003e0 802003e0        0     1                 
802003e0 802003e0        0     1                 
802003f2 802003f2        0     1                 
802003f2 802003f2        0     1                 
802003f4 802003f4        0     1                 
802003f4 802003f4        0     1                 
802003f6 802003f6        0     1                 
802003fa 802003fa        0     1                 
802003fa 802003fa        0     1                 
8020040c 8020040c        0     1                 
8020040c 8020040c        0     1                 
8020040e 8020040e        0     1                 .LBB2_19
8020040e 8020040e        0     1                 
80200416 80200416        0     1                 
8020041a 8020041a        0     1                 
8020041a 8020041a        0     1                 
8020041a 8020041a        0     1                 
8020041a 8020041a        0     1                 
8020041a 8020041a        0     1                 
8020041a 8020041a       80     1                 print_title
80200420 80200420        0     1                 
8020042c 8020042c        0     1                 
8020042c 8020042c        0     1                 
80200436 80200436        0     1                 
80200436 80200436        0     1                 
80200440 80200440        0     1                 
80200440 80200440        0     1                 
8020044a 8020044a        0     1                 
8020044a 8020044a        0     1                 
80200454 80200454        0     1                 
80200454 80200454        0     1                 
8020045e 8020045e        0     1                 
8020045e 8020045e        0     1                 
80200468 80200468        0     1                 
80200468 80200468        0     1                 
8020046c 8020046c        0     1                 
8020046c 8020046c        0     1                 
80200476 80200476        0     1                 
80200476 80200476        0     1                 
80200480 80200480        0     1                 
80200480 80200480        0     1                 
8020048a 8020048a        0     1                 
8020048a 8020048a        0     1                 
80200496 80200496        0     1                 
8020049a 8020049a        0     1                 
8020049a 8020049a        0     1                 
8020049a 8020049a        0     1                 
8020049a 8020049a        0     1                 
8020049a 8020049a        0     1                 
8020049a 8020049a        0     1                 
8020049a 8020049a        e     1                 initialize_stvec
802004a2 802004a2        0     1                 
802004a6 802004a6        0     1                 
802004a6 802004a6        0     1                 
802004a8 802004a8        0     1                 
802004a8 802004a8        0     1                 
802004a8 802004a8        0     1                 
802004a8 802004a8        0     1                 
802004a8 802004a8        0     1                 
802004a8 802004a8       90     1                 kernel_entry
80200538 80200538        0     1                 
80200538 80200538        0     1                 
80200538 80200538        0     1                 
80200538 80200538        0     1                 
80200538 80200538        0     1                 
80200538 80200538       70     1                 handle_trap
80200544 80200544        0     1                 
80200544 80200544        0     1                 
80200548 80200548        0     1                 
80200548 80200548        0     1                 
8020054c 8020054c        0     1                 
8020054c 8020054c        0     1                 
80200550 80200550        0     1                 
80200550 80200550        0     1                 
80200554 80200554        0     1                 
8020055a 8020055a        0     1                 
8020055c 8020055c        0     1                 
8020055c 8020055c        0     1                 
80200568 80200568        0     1                 
80200568 80200568        0     1                 
80200572 80200572        0     1                 
80200572 80200572        0     1                 
80200574 80200574        0     1                 
80200580 80200580        0     1                 
8020058a 8020058a        0     1                 
8020058a 8020058a        0     1                 
802005a6 802005a6        0     1                 
802005a6 802005a6        0     1                 .LBB6_1
802005a8 802005a8        0     1                 
802005a8 802005a8        0     1                 
802005a8 802005a8        0     1                 
802005a8 802005a8        0     1                 
802005a8 802005a8        0     1                 
802005a8 802005a8       16     1                 memset
802005aa 802005aa        0     1                 
802005ac 802005ac        0     1                 
802005ac 802005ac        0     1                 .LBB7_2
802005ac 802005ac        0     1                 
802005b0 802005b0        0     1                 
802005b2 802005b2        0     1                 
802005b6 802005b6        0     1                 
802005b8 802005b8        0     1                 
802005bc 802005bc        0     1                 .LBB7_3
802005bc 802005bc        0     1                 
802005bc 802005bc        0     1                 
802005be 802005be        0     1                 
802005be 802005be        0     1                 
802005c0 802005c0      6fe     4 .rodata
802005c0 802005c0      6fe     1         <internal>:(.rodata.str1.1)
80200cc0 80200cc0       88     4 .data
80200cc0 80200cc0       88     4         /tmp/functions-8cab7f.o:(.data)
80200cc0 80200cc0        0     1                 $d.2
80200cc0 80200cc0       88     1                 exception_cause
80200d48 80200d48        0     4 .bss
80200d48 80200d48        0     1         __bss = .
80200d48 80200d48        0     1         __bss_end = .
80200d48 80200d48        0     1 . = ALIGN ( 4 )
80200d48 80200d48    20000     1 . += 128 * 1024
80220d48 80220d48        0     1 __stack_top = .
80220d48 80220d48      2b8     1 . = ALIGN ( 4096 )
80221000 80221000        0     1 __free_mem = .
80221000 80221000  4000000     1 . += 64 * 1024 * 1024
84221000 84221000        0     1 __free_mem_end = .
       0        0      4b7     1 .debug_loc
       0        0       1d     1         /tmp/kernel-bac446.o:(.debug_loc)
       0        0        0     1                 
       0        0        0     1                 $d.3
      1d       1d      49a     1         /tmp/functions-8cab7f.o:(.debug_loc)
      1d       1d        0     1                 
      1d       1d        0     1                 $d.3
      30       30        0     1                 
      43       43        0     1                 
      56       56        0     1                 
      6a       6a        0     1                 
      88       88        0     1                 
      9b       9b        0     1                 
      af       af        0     1                 
      da       da        0     1                 
      ed       ed        0     1                 
     101      101        0     1                 
     158      158        0     1                 
     181      181        0     1                 
     194      194        0     1                 
     1a8      1a8        0     1                 
     1bc      1bc        0     1                 
     1d1      1d1        0     1                 
     1e5      1e5        0     1                 
     1f9      1f9        0     1                 
     20e      20e        0     1                 
     28b      28b        0     1                 
     29e      29e        0     1                 
     2fe      2fe        0     1                 
     35e      35e        0     1                 
     3be      3be        0     1                 
     426      426        0     1                 
     439      439        0     1                 
     44c      44c        0     1                 
     45f      45f        0     1                 
     472      472        0     1                 
     485      485        0     1                 
     498      498        0     1                 
       0        0      307     1 .debug_abbrev
       0        0       dc     1         /tmp/kernel-bac446.o:(.debug_abbrev)
       0        0        0     1                 $d.4
      dc       dc      22b     1         /tmp/functions-8cab7f.o:(.debug_abbrev)
      dc       dc        0     1                 $d.4
       0        0      f07     1 .debug_info
       0        0      2c5     1         /tmp/kernel-bac446.o:(.debug_info)
       0        0        0     1                 $d.5
     2c5      2c5      c42     1         /tmp/functions-8cab7f.o:(.debug_info)
     2c5      2c5        0     1                 $d.5
       0        0       a8     1 .debug_ranges
       0        0       18     1         /tmp/kernel-bac446.o:(.debug_ranges)
       0        0        0     1                 
       0        0        0     1                 $d.6
      18       18       90     1         /tmp/functions-8cab7f.o:(.debug_ranges)
      18       18        0     1                 
      18       18        0     1                 $d.6
      60       60        0     1                 
       0        0      264     1 .debug_str
       0        0      264     1         <internal>:(.debug_str)
       0        0       7d     1 .comment
       0        0       7d     1         <internal>:(.comment)
       0        0       2b     1 .riscv.attributes
       0        0       2b     1         <internal>:(.riscv.attributes)
       0        0       f8     4 .debug_frame
       0        0       40     4         /tmp/kernel-bac446.o:(.debug_frame)
       0        0        0     1                 
       0        0        0     1                 $d.10
      40       40       b8     4         /tmp/functions-8cab7f.o:(.debug_frame)
      40       40        0     1                 
      40       40        0     1                 $d.10
       0        0      6fd     1 .debug_line
       0        0      311     1         /tmp/kernel-bac446.o:(.debug_line)
       0        0        0     1                 .Lline_table_start0
       0        0        0     1                 $d.11
     311      311      3ec     1         /tmp/functions-8cab7f.o:(.debug_line)
     311      311        0     1                 .Lline_table_start0
     311      311        0     1                 $d.11
       0        0     20d0     4 .symtab
       0        0     20d0     4         <internal>:(.symtab)
       0        0       a6     1 .shstrtab
       0        0       a6     1         <internal>:(.shstrtab)
       0        0      13e     1 .strtab
       0        0      13e     1         <internal>:(.strtab)
