     VMA      LMA     Size Align Out     In      Symbol
       0        0 80200000     1 . = 0x80200000
80200000        0        0     1 kernel_base = .
80200000 80200000      7b6     4 .text
80200000 80200000        e     2         /tmp/kernel-9db353.o:(.text.boot)
80200000 80200000        0     1                 
80200000 80200000        0     1                 
80200000 80200000        0     1                 $x.1
80200000 80200000        0     1                 
80200000 80200000        e     1                 boot
8020000e 8020000e        0     1                 
8020000e 8020000e        0     1                 
8020000e 8020000e       8a     2         /tmp/kernel-9db353.o:(.text)
8020000e 8020000e        0     1                 
8020000e 8020000e        0     1                 
8020000e 8020000e        0     1                 $x.0
8020000e 8020000e        0     1                 
8020000e 8020000e       1a     1                 process_a_entry
80200012 80200012        0     1                 
8020001c 8020001c        0     1                 
8020001c 8020001c        0     1                 
80200024 80200024        0     1                 
80200028 80200028        0     1                 
80200028 80200028        0     1                 
80200028 80200028        0     1                 
80200028 80200028        0     1                 
80200028 80200028        0     1                 
80200028 80200028       14     1                 process_b_entry
8020002c 8020002c        0     1                 
80200036 80200036        0     1                 
80200036 80200036        0     1                 
80200038 80200038        0     1                 
8020003c 8020003c        0     1                 
8020003c 8020003c        0     1                 
8020003c 8020003c        0     1                 
8020003c 8020003c        0     1                 
8020003c 8020003c        0     1                 
8020003c 8020003c       5c     1                 kernel_main
80200044 80200044        0     1                 
80200046 80200046        0     1                 
80200046 80200046        0     1                 
80200050 80200050        0     1                 
80200050 80200050        0     1                 
80200052 80200052        0     1                 
8020005e 8020005e        0     1                 
8020005e 8020005e        0     1                 
80200066 80200066        0     1                 
80200070 80200070        0     1                 
80200070 80200070        0     1                 
80200074 80200074        0     1                 
8020007c 8020007c        0     1                 
80200080 80200080        0     1                 
80200080 80200080        0     1                 
80200096 80200096        0     1                 
80200096 80200096        0     1                 .LBB2_1
80200098 80200098        0     1                 
80200098 80200098        0     1                 
80200098 80200098      71e     4         /tmp/functions-f12527.o:(.text)
80200098 80200098        0     1                 
80200098 80200098        0     1                 
80200098 80200098        0     1                 $x.0
80200098 80200098        0     1                 
80200098 80200098        6     1                 sbi_call
8020009c 8020009c        0     1                 
8020009e 8020009e        0     1                 
8020009e 8020009e        0     1                 
8020009e 8020009e        0     1                 
8020009e 8020009e       14     1                 putchar
802000b0 802000b0        0     1                 
802000b2 802000b2        0     1                 
802000b2 802000b2        0     1                 
802000b2 802000b2        0     1                 
802000b2 802000b2      264     1                 printf
802000ce 802000ce        0     1                 
802000f6 802000f6        0     1                 
802000fa 802000fa        0     1                 
802000fe 802000fe        0     1                 .LBB2_1
80200102 80200102        0     1                 
80200102 80200102        0     1                 
80200114 80200114        0     1                 
80200114 80200114        0     1                 .LBB2_3
80200114 80200114        0     1                 
80200116 80200116        0     1                 
8020011a 8020011a        0     1                 
8020011e 8020011e        0     1                 .LBB2_4
8020011e 8020011e        0     1                 
80200122 80200122        0     1                 
80200124 80200124        0     1                 
80200128 80200128        0     1                 
80200132 80200132        0     1                 
80200132 80200132        0     1                 
80200136 80200136        0     1                 
8020013a 8020013a        0     1                 
8020013a 8020013a        0     1                 .LBB2_7
8020013a 8020013a        0     1                 
8020013e 8020013e        0     1                 
8020013e 8020013e        0     1                 
80200150 80200150        0     1                 
80200150 80200150        0     1                 
80200154 80200154        0     1                 
80200156 80200156        0     1                 
80200158 80200158        0     1                 .LBB2_8
80200158 80200158        0     1                 
8020015c 8020015c        0     1                 
80200160 80200160        0     1                 .LBB2_9
80200160 80200160        0     1                 
80200166 80200166        0     1                 .LBB2_10
80200166 80200166        0     1                 
8020016a 8020016a        0     1                 .LBB2_11
8020016a 8020016a        0     1                 
8020016a 8020016a        0     1                 
80200174 80200174        0     1                 
80200174 80200174        0     1                 
80200178 80200178        0     1                 
8020017a 8020017a        0     1                 
8020017a 8020017a        0     1                 .LBB2_13
8020017c 8020017c        0     1                 
8020017c 8020017c        0     1                 
80200180 80200180        0     1                 
80200180 80200180        0     1                 
80200186 80200186        0     1                 
80200186 80200186        0     1                 
8020018c 8020018c        0     1                 
8020018e 8020018e        0     1                 
8020018e 8020018e        0     1                 
80200194 80200194        0     1                 .LBB2_14
80200194 80200194        0     1                 
80200194 80200194        0     1                 
80200196 80200196        0     1                 .LBB2_15
80200196 80200196        0     1                 
80200196 80200196        0     1                 
8020019a 8020019a        0     1                 
8020019c 8020019c        0     1                 
8020019c 8020019c        0     1                 
802001a0 802001a0        0     1                 .LBB2_16
802001a0 802001a0        0     1                 
802001a2 802001a2        0     1                 
802001a2 802001a2        0     1                 
802001a8 802001a8        0     1                 
802001a8 802001a8        0     1                 
802001b0 802001b0        0     1                 
802001b0 802001b0        0     1                 
802001b4 802001b4        0     1                 
802001b4 802001b4        0     1                 
802001c6 802001c6        0     1                 
802001c6 802001c6        0     1                 
802001ca 802001ca        0     1                 .LBB2_17
802001ca 802001ca        0     1                 
802001ce 802001ce        0     1                 
802001ce 802001ce        0     1                 
802001e0 802001e0        0     1                 
802001e0 802001e0        0     1                 
802001e4 802001e4        0     1                 
802001e8 802001e8        0     1                 .LBB2_18
802001e8 802001e8        0     1                 
802001e8 802001e8        0     1                 
802001fe 802001fe        0     1                 
802001fe 802001fe        0     1                 
80200214 80200214        0     1                 
80200214 80200214        0     1                 
8020021e 8020021e        0     1                 
8020021e 8020021e        0     1                 
80200222 80200222        0     1                 
80200222 80200222        0     1                 
80200224 80200224        0     1                 
80200228 80200228        0     1                 
80200228 80200228        0     1                 
8020023a 8020023a        0     1                 
8020023a 8020023a        0     1                 
80200240 80200240        0     1                 
80200240 80200240        0     1                 
80200242 80200242        0     1                 
80200246 80200246        0     1                 
80200246 80200246        0     1                 
80200258 80200258        0     1                 
80200258 80200258        0     1                 
8020025e 8020025e        0     1                 
8020025e 8020025e        0     1                 
80200260 80200260        0     1                 
80200264 80200264        0     1                 
80200264 80200264        0     1                 
80200276 80200276        0     1                 
80200276 80200276        0     1                 
8020027c 8020027c        0     1                 
8020027c 8020027c        0     1                 
8020027e 8020027e        0     1                 
80200282 80200282        0     1                 
80200282 80200282        0     1                 
80200294 80200294        0     1                 
80200294 80200294        0     1                 
8020029a 8020029a        0     1                 
8020029a 8020029a        0     1                 
8020029c 8020029c        0     1                 
802002a0 802002a0        0     1                 
802002a0 802002a0        0     1                 
802002b2 802002b2        0     1                 
802002b2 802002b2        0     1                 
802002b8 802002b8        0     1                 
802002b8 802002b8        0     1                 
802002ba 802002ba        0     1                 
802002be 802002be        0     1                 
802002be 802002be        0     1                 
802002d0 802002d0        0     1                 
802002d0 802002d0        0     1                 
802002d6 802002d6        0     1                 
802002d6 802002d6        0     1                 
802002d8 802002d8        0     1                 
802002dc 802002dc        0     1                 
802002dc 802002dc        0     1                 
802002ee 802002ee        0     1                 
802002ee 802002ee        0     1                 
802002f0 802002f0        0     1                 
802002f0 802002f0        0     1                 
802002f2 802002f2        0     1                 
802002f6 802002f6        0     1                 
802002f6 802002f6        0     1                 
80200308 80200308        0     1                 
80200308 80200308        0     1                 
8020030a 8020030a        0     1                 .LBB2_19
8020030a 8020030a        0     1                 
80200312 80200312        0     1                 
80200316 80200316        0     1                 
80200316 80200316        0     1                 
80200316 80200316        0     1                 
80200316 80200316        0     1                 
80200316 80200316        0     1                 
80200316 80200316       80     1                 print_title
8020031c 8020031c        0     1                 
80200328 80200328        0     1                 
80200328 80200328        0     1                 
80200332 80200332        0     1                 
80200332 80200332        0     1                 
8020033c 8020033c        0     1                 
8020033c 8020033c        0     1                 
80200346 80200346        0     1                 
80200346 80200346        0     1                 
80200350 80200350        0     1                 
80200350 80200350        0     1                 
8020035a 8020035a        0     1                 
8020035a 8020035a        0     1                 
80200364 80200364        0     1                 
80200364 80200364        0     1                 
80200368 80200368        0     1                 
80200368 80200368        0     1                 
80200372 80200372        0     1                 
80200372 80200372        0     1                 
8020037c 8020037c        0     1                 
8020037c 8020037c        0     1                 
80200386 80200386        0     1                 
80200386 80200386        0     1                 
80200392 80200392        0     1                 
80200396 80200396        0     1                 
80200396 80200396        0     1                 
80200396 80200396        0     1                 
80200396 80200396        0     1                 
80200396 80200396        0     1                 
80200396 80200396        0     1                 
80200396 80200396        e     1                 initialize_stvec
8020039e 8020039e        0     1                 
802003a2 802003a2        0     1                 
802003a2 802003a2        0     1                 
802003a4 802003a4        0     1                 
802003a4 802003a4        0     1                 
802003a4 802003a4        0     1                 
802003a4 802003a4        0     1                 
802003a4 802003a4        0     1                 
802003a4 802003a4       90     1                 kernel_entry
80200434 80200434        0     1                 
80200434 80200434        0     1                 
80200434 80200434        0     1                 
80200434 80200434        0     1                 
80200434 80200434        0     1                 
80200434 80200434       5c     1                 handle_trap
80200440 80200440        0     1                 
80200440 80200440        0     1                 
80200444 80200444        0     1                 
80200444 80200444        0     1                 
80200448 80200448        0     1                 
80200448 80200448        0     1                 
8020044c 8020044c        0     1                 
8020044c 8020044c        0     1                 
80200450 80200450        0     1                 
80200450 80200450        0     1                 
8020045a 8020045a        0     1                 
8020045a 8020045a        0     1                 
80200464 80200464        0     1                 
80200468 80200468        0     1                 
80200472 80200472        0     1                 
80200472 80200472        0     1                 
8020048e 8020048e        0     1                 
8020048e 8020048e        0     1                 .LBB6_1
80200490 80200490        0     1                 
80200490 80200490        0     1                 
80200490 80200490        0     1                 
80200490 80200490        0     1                 
80200490 80200490        0     1                 
80200490 80200490       22     1                 malloc
80200498 80200498        0     1                 
80200498 80200498        0     1                 
802004a0 802004a0        0     1                 
802004a0 802004a0        0     1                 
802004a2 802004a2        0     1                 
802004a4 802004a4        0     1                 
802004a4 802004a4        0     1                 .LBB7_2
802004a4 802004a4        0     1                 
802004a8 802004a8        0     1                 
802004aa 802004aa        0     1                 
802004aa 802004aa        0     1                 
802004ae 802004ae        0     1                 .LBB7_3
802004ae 802004ae        0     1                 
802004ae 802004ae        0     1                 
802004b2 802004b2        0     1                 
802004b2 802004b2        0     1                 
802004b2 802004b2        0     1                 
802004b2 802004b2        0     1                 
802004b2 802004b2        0     1                 
802004b2 802004b2       10     1                 memset
802004b6 802004b6        0     1                 
802004b6 802004b6        0     1                 .LBB8_2
802004b6 802004b6        0     1                 
802004ba 802004ba        0     1                 
802004bc 802004bc        0     1                 
802004c0 802004c0        0     1                 .LBB8_3
802004c0 802004c0        0     1                 
802004c0 802004c0        0     1                 
802004c2 802004c2        0     1                 
802004c2 802004c2        0     1                 
802004c2 802004c2        0     1                 
802004c2 802004c2        0     1                 
802004c2 802004c2        0     1                 
802004c2 802004c2       26     1                 malloc_pages
802004ca 802004ca        0     1                 
802004ca 802004ca        0     1                 
802004ce 802004ce        0     1                 
802004d2 802004d2        0     1                 
802004d6 802004d6        0     1                 
802004d6 802004d6        0     1                 
802004d8 802004d8        0     1                 
802004da 802004da        0     1                 
802004da 802004da        0     1                 .LBB9_2
802004da 802004da        0     1                 
802004de 802004de        0     1                 
802004e0 802004e0        0     1                 
802004e0 802004e0        0     1                 
802004e4 802004e4        0     1                 .LBB9_3
802004e4 802004e4        0     1                 
802004e4 802004e4        0     1                 
802004e8 802004e8        0     1                 
802004e8 802004e8        0     1                 
802004e8 802004e8        0     1                 
802004e8 802004e8        0     1                 
802004e8 802004e8        0     1                 
802004e8 802004e8       46     1                 switch_context
8020052e 8020052e        0     1                 
8020052e 8020052e        0     1                 
8020052e 8020052e        0     1                 
8020052e 8020052e      140     1                 create_process
80200532 80200532        0     1                 
8020053c 8020053c        0     1                 
8020053c 8020053c        0     1                 
8020053e 8020053e        0     1                 
8020053e 8020053e        0     1                 
80200544 80200544        0     1                 
80200546 80200546        0     1                 
80200546 80200546        0     1                 
80200554 80200554        0     1                 
80200556 80200556        0     1                 
80200556 80200556        0     1                 
8020055c 8020055c        0     1                 
8020055e 8020055e        0     1                 
8020055e 8020055e        0     1                 
8020056c 8020056c        0     1                 
8020056e 8020056e        0     1                 
8020056e 8020056e        0     1                 
80200574 80200574        0     1                 
80200576 80200576        0     1                 
80200576 80200576        0     1                 
80200586 80200586        0     1                 
80200588 80200588        0     1                 
80200588 80200588        0     1                 
80200590 80200590        0     1                 
80200592 80200592        0     1                 
80200592 80200592        0     1                 
802005a2 802005a2        0     1                 
802005a4 802005a4        0     1                 
802005a4 802005a4        0     1                 
802005ac 802005ac        0     1                 
802005ae 802005ae        0     1                 
802005ae 802005ae        0     1                 
802005b2 802005b2        0     1                 
802005c4 802005c4        0     1                 
802005c4 802005c4        0     1                 .LBB11_11
802005c6 802005c6        0     1                 .LBB11_12
802005c6 802005c6        0     1                 
802005c6 802005c6        0     1                 
802005ca 802005ca        0     1                 .LBB11_13
802005ca 802005ca        0     1                 
802005ce 802005ce        0     1                 .LBB11_14
802005ce 802005ce        0     1                 
802005d2 802005d2        0     1                 .LBB11_15
802005d2 802005d2        0     1                 
802005d6 802005d6        0     1                 .LBB11_16
802005d6 802005d6        0     1                 
802005da 802005da        0     1                 .LBB11_17
802005da 802005da        0     1                 
802005de 802005de        0     1                 .LBB11_18
802005de 802005de        0     1                 
802005e2 802005e2        0     1                 .LBB11_19
802005e2 802005e2        0     1                 
802005e6 802005e6        0     1                 .LBB11_20
802005e6 802005e6        0     1                 
802005e8 802005e8        0     1                 .LBB11_21
802005e8 802005e8        0     1                 
802005ec 802005ec        0     1                 
802005f0 802005f0        0     1                 
802005f0 802005f0        0     1                 
802005f8 802005f8        0     1                 
802005f8 802005f8        0     1                 
802005fa 802005fa        0     1                 
802005fa 802005fa        0     1                 
802005fc 802005fc        0     1                 
802005fc 802005fc        0     1                 
802005fe 802005fe        0     1                 
802005fe 802005fe        0     1                 
80200604 80200604        0     1                 
80200604 80200604        0     1                 .LBB11_22
80200604 80200604        0     1                 
80200608 80200608        0     1                 
8020060a 8020060a        0     1                 
8020060e 8020060e        0     1                 
8020060e 8020060e        0     1                 
80200622 80200622        0     1                 
80200626 80200626        0     1                 
8020062a 8020062a        0     1                 
8020062e 8020062e        0     1                 
80200632 80200632        0     1                 
80200636 80200636        0     1                 
8020063a 8020063a        0     1                 
8020063e 8020063e        0     1                 
80200642 80200642        0     1                 
80200646 80200646        0     1                 
8020064a 8020064a        0     1                 
8020064e 8020064e        0     1                 
80200652 80200652        0     1                 
80200658 80200658        0     1                 
8020065a 8020065a        0     1                 
8020065a 8020065a        0     1                 
8020065c 8020065c        0     1                 
80200660 80200660        0     1                 
80200660 80200660        0     1                 
80200662 80200662        0     1                 
80200666 80200666        0     1                 
80200668 80200668        0     1                 
8020066a 8020066a        0     1                 
8020066e 8020066e        0     1                 
8020066e 8020066e        0     1                 
8020066e 8020066e        0     1                 
8020066e 8020066e        0     1                 
8020066e 8020066e        0     1                 
8020066e 8020066e        0     1                 
8020066e 8020066e        0     1                 
8020066e 8020066e        0     1                 map_page
8020066e 8020066e        e     1                 start_processes
80200670 80200670        0     1                 
80200672 80200672        0     1                 
8020067a 8020067a        0     1                 
8020067a 8020067a        0     1                 
8020067c 8020067c        0     1                 
8020067c 8020067c        0     1                 
8020067c 8020067c        0     1                 
8020067c 8020067c        0     1                 
8020067c 8020067c        0     1                 
8020067c 8020067c        0     1                 
8020067c 8020067c      13a     1                 yield
80200680 80200680        0     1                 
8020068a 8020068a        0     1                 
8020068a 8020068a        0     1                 
8020068e 8020068e        0     1                 
8020068e 8020068e        0     1                 
8020069e 8020069e        0     1                 
802006a2 802006a2        0     1                 
802006a4 802006a4        0     1                 
802006a6 802006a6        0     1                 
802006aa 802006aa        0     1                 .LBB14_3
802006aa 802006aa        0     1                 
802006aa 802006aa        0     1                 
802006b0 802006b0        0     1                 
802006b4 802006b4        0     1                 
802006b8 802006b8        0     1                 
802006bc 802006bc        0     1                 .LBB14_5
802006bc 802006bc        0     1                 
802006bc 802006bc        0     1                 
802006cc 802006cc        0     1                 
802006d0 802006d0        0     1                 
802006d4 802006d4        0     1                 
802006d8 802006d8        0     1                 .LBB14_7
802006d8 802006d8        0     1                 
802006d8 802006d8        0     1                 
802006de 802006de        0     1                 
802006e2 802006e2        0     1                 
802006e6 802006e6        0     1                 
802006ea 802006ea        0     1                 .LBB14_9
802006ea 802006ea        0     1                 
802006ea 802006ea        0     1                 
802006fa 802006fa        0     1                 
802006fe 802006fe        0     1                 
80200702 80200702        0     1                 
80200706 80200706        0     1                 .LBB14_11
80200706 80200706        0     1                 
80200706 80200706        0     1                 
8020070c 8020070c        0     1                 
80200710 80200710        0     1                 
80200714 80200714        0     1                 
80200718 80200718        0     1                 .LBB14_13
80200718 80200718        0     1                 
80200718 80200718        0     1                 
8020072a 8020072a        0     1                 
8020072e 8020072e        0     1                 
80200732 80200732        0     1                 
80200736 80200736        0     1                 .LBB14_15
80200736 80200736        0     1                 
80200736 80200736        0     1                 
8020073e 8020073e        0     1                 
80200742 80200742        0     1                 
80200746 80200746        0     1                 
8020074a 8020074a        0     1                 .LBB14_17
8020074a 8020074a        0     1                 
8020074a 8020074a        0     1                 
8020075c 8020075c        0     1                 
80200760 80200760        0     1                 
80200764 80200764        0     1                 
80200768 80200768        0     1                 .LBB14_19
80200768 80200768        0     1                 
80200768 80200768        0     1                 
80200770 80200770        0     1                 
80200774 80200774        0     1                 
80200778 80200778        0     1                 
8020077c 8020077c        0     1                 .LBB14_21
8020077c 8020077c        0     1                 
8020077c 8020077c        0     1                 
8020078e 8020078e        0     1                 .LBB14_22
8020078e 8020078e        0     1                 
8020078e 8020078e        0     1                 
80200790 80200790        0     1                 
8020079c 8020079c        0     1                 
8020079e 8020079e        0     1                 
8020079e 8020079e        0     1                 
802007a0 802007a0        0     1                 
802007a0 802007a0        0     1                 
802007a4 802007a4        0     1                 
802007b2 802007b2        0     1                 
802007b6 802007b6        0     1                 
802007b6 802007b6        0     1                 
802007b6 802007b6        0     1                 
802007b8 802007b8      763     4 .rodata
802007b8 802007b8      763     1         <internal>:(.rodata.str1.1)
80200f1c 80200f1c       88     4 .data
80200f1c 80200f1c       88     4         /tmp/functions-f12527.o:(.data)
80200f1c 80200f1c        0     1                 $d.2
80200f1c 80200f1c       88     1                 exception_cause
80200fa4 80200fa4        4     4 .sdata
80200fa4 80200fa4        4     4         /tmp/functions-f12527.o:(.sdata)
80200fa4 80200fa4        0     1                 $d.3
80200fa4 80200fa4        4     1                 next_address
80200fa8 80200fa8    140d4     4 .bss
80200fa8 80200fa8        0     1         __bss = .
80200fa8 80200fa8        8     4         /tmp/kernel-9db353.o:(.sbss)
80200fa8 80200fa8        0     1                 $d.3
80200fa8 80200fa8        4     1                 proc_a
80200fac 80200fac        4     1                 proc_b
80200fb0 80200fb0    140c8     4         /tmp/functions-f12527.o:(.bss)
80200fb0 80200fb0        0     1                 $d.4
80200fb0 80200fb0    140c8     1                 procs
80215078 80215078        4     4         /tmp/functions-f12527.o:(.sbss)
80215078 80215078        0     1                 $d.5
80215078 80215078        4     1                 current_process
8021507c 8021507c        0     1         __bss_end = .
8021507c 8021507c        0     1 . = ALIGN ( 4 )
8021507c 8021507c    20000     1 . += 128 * 1024
8023507c 8023507c        0     1 __stack_top = .
8023507c 8023507c      f84     1 . = ALIGN ( 4096 )
80236000 80236000        0     1 __free_mem = .
80236000 80236000  4000000     1 . += 64 * 1024 * 1024
84236000 84236000        0     1 __free_mem_end = .
       0        0      432     1 .debug_abbrev
       0        0      116     1         /tmp/kernel-9db353.o:(.debug_abbrev)
       0        0        0     1                 $d.4
     116      116      31c     1         /tmp/functions-f12527.o:(.debug_abbrev)
     116      116        0     1                 $d.7
       0        0     11fe     1 .debug_info
       0        0      212     1         /tmp/kernel-9db353.o:(.debug_info)
       0        0        0     1                 $d.5
     212      212      fec     1         /tmp/functions-f12527.o:(.debug_info)
     212      212        0     1                 $d.8
       0        0       c0     1 .debug_ranges
       0        0       18     1         /tmp/kernel-9db353.o:(.debug_ranges)
       0        0        0     1                 
       0        0        0     1                 $d.6
      18       18       a8     1         /tmp/functions-f12527.o:(.debug_ranges)
      18       18        0     1                 
      18       18        0     1                 $d.9
      60       60        0     1                 
      a8       a8        0     1                 
       0        0      404     1 .debug_str
       0        0      404     1         <internal>:(.debug_str)
       0        0       7d     1 .comment
       0        0       7d     1         <internal>:(.comment)
       0        0       2b     1 .riscv.attributes
       0        0       2b     1         <internal>:(.riscv.attributes)
       0        0      1a8     4 .debug_frame
       0        0       70     4         /tmp/kernel-9db353.o:(.debug_frame)
       0        0        0     1                 
       0        0        0     1                 $d.10
      70       70      138     4         /tmp/functions-f12527.o:(.debug_frame)
      70       70        0     1                 
      70       70        0     1                 $d.13
       0        0      8a9     1 .debug_line
       0        0       f5     1         /tmp/kernel-9db353.o:(.debug_line)
       0        0        0     1                 .Lline_table_start0
       0        0        0     1                 $d.11
      f5       f5      7b4     1         /tmp/functions-f12527.o:(.debug_line)
      f5       f5        0     1                 .Lline_table_start0
      f5       f5        0     1                 $d.14
       0        0      840     1 .debug_loc
       0        0      840     1         /tmp/functions-f12527.o:(.debug_loc)
       0        0        0     1                 
       0        0        0     1                 $d.6
      13       13        0     1                 
      26       26        0     1                 
      39       39        0     1                 
      4d       4d        0     1                 
      6b       6b        0     1                 
      7e       7e        0     1                 
      92       92        0     1                 
      bd       bd        0     1                 
      d0       d0        0     1                 
      e4       e4        0     1                 
     13b      13b        0     1                 
     164      164        0     1                 
     177      177        0     1                 
     18b      18b        0     1                 
     19f      19f        0     1                 
     1b4      1b4        0     1                 
     1c8      1c8        0     1                 
     1dc      1dc        0     1                 
     1f1      1f1        0     1                 
     26e      26e        0     1                 
     281      281        0     1                 
     2e1      2e1        0     1                 
     341      341        0     1                 
     3a1      3a1        0     1                 
     409      409        0     1                 
     41c      41c        0     1                 
     42f      42f        0     1                 
     442      442        0     1                 
     455      455        0     1                 
     468      468        0     1                 
     47b      47b        0     1                 
     48e      48e        0     1                 
     4c5      4c5        0     1                 
     4d8      4d8        0     1                 
     4f6      4f6        0     1                 
     509      509        0     1                 
     51c      51c        0     1                 
     530      530        0     1                 
     543      543        0     1                 
     556      556        0     1                 
     58d      58d        0     1                 
     5ab      5ab        0     1                 
     5c9      5c9        0     1                 
     6d5      6d5        0     1                 
     6eb      6eb        0     1                 
     6fe      6fe        0     1                 
     711      711        0     1                 
     725      725        0     1                 
     739      739        0     1                 
     76a      76a        0     1                 
     77d      77d        0     1                 
     807      807        0     1                 
     81a      81a        0     1                 
     82d      82d        0     1                 
       0        0     2ca0     4 .symtab
       0        0     2ca0     4         <internal>:(.symtab)
       0        0       ad     1 .shstrtab
       0        0       ad     1         <internal>:(.shstrtab)
       0        0      1fe     1 .strtab
       0        0      1fe     1         <internal>:(.strtab)
