     VMA      LMA     Size Align Out     In      Symbol
       0        0 80200000     1 . = 0x80200000
80200000 80200000      4fc     4 .text
80200000 80200000        e     2         /tmp/kernel-158b0c.o:(.text.boot)
80200000 80200000        0     1                 
80200000 80200000        0     1                 
80200000 80200000        0     1                 $x.1
80200000 80200000        0     1                 
80200000 80200000        e     1                 boot
8020000e 8020000e        0     1                 
8020000e 8020000e        0     1                 
8020000e 8020000e       94     2         /tmp/kernel-158b0c.o:(.text)
8020000e 8020000e        0     1                 
8020000e 8020000e        0     1                 
8020000e 8020000e        0     1                 $x.0
8020000e 8020000e        0     1                 
8020000e 8020000e       94     1                 kernel_main
80200016 80200016        0     1                 
80200018 80200018        0     1                 
80200018 80200018        0     1                 
80200022 80200022        0     1                 
80200022 80200022        0     1                 
80200024 80200024        0     1                 
80200028 80200028        0     1                 
8020002a 8020002a        0     1                 
8020002a 8020002a        0     1                 
8020002e 8020002e        0     1                 
80200030 80200030        0     1                 
8020003c 8020003c        0     1                 
8020003c 8020003c        0     1                 
80200040 80200040        0     1                 
80200044 80200044        0     1                 
80200044 80200044        0     1                 
80200048 80200048        0     1                 
8020004c 8020004c        0     1                 
8020004c 8020004c        0     1                 
80200050 80200050        0     1                 
80200054 80200054        0     1                 
80200054 80200054        0     1                 
80200058 80200058        0     1                 
8020005c 8020005c        0     1                 
8020005c 8020005c        0     1                 
80200060 80200060        0     1                 
80200064 80200064        0     1                 
80200064 80200064        0     1                 
80200068 80200068        0     1                 
8020006c 8020006c        0     1                 
8020006c 8020006c        0     1                 
80200070 80200070        0     1                 
80200074 80200074        0     1                 
80200074 80200074        0     1                 
80200078 80200078        0     1                 
8020007c 8020007c        0     1                 
8020007c 8020007c        0     1                 
80200080 80200080        0     1                 
80200084 80200084        0     1                 
80200084 80200084        0     1                 
80200088 80200088        0     1                 
8020008c 8020008c        0     1                 
8020008c 8020008c        0     1                 
802000a0 802000a0        0     1                 
802000a0 802000a0        0     1                 .LBB0_1
802000a2 802000a2        0     1                 
802000a2 802000a2        0     1                 
802000a4 802000a4      458     4         /tmp/functions-e86c2a.o:(.text)
802000a4 802000a4        0     1                 
802000a4 802000a4        0     1                 
802000a4 802000a4        0     1                 $x.0
802000a4 802000a4        0     1                 
802000a4 802000a4        6     1                 sbi_call
802000a8 802000a8        0     1                 
802000aa 802000aa        0     1                 
802000aa 802000aa        0     1                 
802000aa 802000aa        0     1                 
802000aa 802000aa       14     1                 putchar
802000bc 802000bc        0     1                 
802000be 802000be        0     1                 
802000be 802000be        0     1                 
802000be 802000be        0     1                 
802000be 802000be      264     1                 printf
802000da 802000da        0     1                 
80200102 80200102        0     1                 
80200106 80200106        0     1                 
8020010a 8020010a        0     1                 .LBB2_1
8020010e 8020010e        0     1                 
8020010e 8020010e        0     1                 
80200120 80200120        0     1                 
80200120 80200120        0     1                 .LBB2_3
80200120 80200120        0     1                 
80200122 80200122        0     1                 
80200126 80200126        0     1                 
8020012a 8020012a        0     1                 .LBB2_4
8020012a 8020012a        0     1                 
8020012e 8020012e        0     1                 
80200130 80200130        0     1                 
80200134 80200134        0     1                 
8020013e 8020013e        0     1                 
8020013e 8020013e        0     1                 
80200142 80200142        0     1                 
80200146 80200146        0     1                 
80200146 80200146        0     1                 .LBB2_7
80200146 80200146        0     1                 
8020014a 8020014a        0     1                 
8020014a 8020014a        0     1                 
8020015c 8020015c        0     1                 
8020015c 8020015c        0     1                 
80200160 80200160        0     1                 
80200162 80200162        0     1                 
80200164 80200164        0     1                 .LBB2_8
80200164 80200164        0     1                 
80200168 80200168        0     1                 
8020016c 8020016c        0     1                 .LBB2_9
8020016c 8020016c        0     1                 
80200172 80200172        0     1                 .LBB2_10
80200172 80200172        0     1                 
80200176 80200176        0     1                 .LBB2_11
80200176 80200176        0     1                 
80200176 80200176        0     1                 
80200180 80200180        0     1                 
80200180 80200180        0     1                 
80200184 80200184        0     1                 
80200186 80200186        0     1                 
80200186 80200186        0     1                 .LBB2_13
80200188 80200188        0     1                 
80200188 80200188        0     1                 
8020018c 8020018c        0     1                 
8020018c 8020018c        0     1                 
80200192 80200192        0     1                 
80200192 80200192        0     1                 
80200198 80200198        0     1                 
8020019a 8020019a        0     1                 
8020019a 8020019a        0     1                 
802001a0 802001a0        0     1                 .LBB2_14
802001a0 802001a0        0     1                 
802001a0 802001a0        0     1                 
802001a2 802001a2        0     1                 .LBB2_15
802001a2 802001a2        0     1                 
802001a2 802001a2        0     1                 
802001a6 802001a6        0     1                 
802001a8 802001a8        0     1                 
802001a8 802001a8        0     1                 
802001ac 802001ac        0     1                 .LBB2_16
802001ac 802001ac        0     1                 
802001ae 802001ae        0     1                 
802001ae 802001ae        0     1                 
802001b4 802001b4        0     1                 
802001b4 802001b4        0     1                 
802001bc 802001bc        0     1                 
802001bc 802001bc        0     1                 
802001c0 802001c0        0     1                 
802001c0 802001c0        0     1                 
802001d2 802001d2        0     1                 
802001d2 802001d2        0     1                 
802001d6 802001d6        0     1                 .LBB2_17
802001d6 802001d6        0     1                 
802001da 802001da        0     1                 
802001da 802001da        0     1                 
802001ec 802001ec        0     1                 
802001ec 802001ec        0     1                 
802001f0 802001f0        0     1                 
802001f4 802001f4        0     1                 .LBB2_18
802001f4 802001f4        0     1                 
802001f4 802001f4        0     1                 
8020020a 8020020a        0     1                 
8020020a 8020020a        0     1                 
80200220 80200220        0     1                 
80200220 80200220        0     1                 
8020022a 8020022a        0     1                 
8020022a 8020022a        0     1                 
8020022e 8020022e        0     1                 
8020022e 8020022e        0     1                 
80200230 80200230        0     1                 
80200234 80200234        0     1                 
80200234 80200234        0     1                 
80200246 80200246        0     1                 
80200246 80200246        0     1                 
8020024c 8020024c        0     1                 
8020024c 8020024c        0     1                 
8020024e 8020024e        0     1                 
80200252 80200252        0     1                 
80200252 80200252        0     1                 
80200264 80200264        0     1                 
80200264 80200264        0     1                 
8020026a 8020026a        0     1                 
8020026a 8020026a        0     1                 
8020026c 8020026c        0     1                 
80200270 80200270        0     1                 
80200270 80200270        0     1                 
80200282 80200282        0     1                 
80200282 80200282        0     1                 
80200288 80200288        0     1                 
80200288 80200288        0     1                 
8020028a 8020028a        0     1                 
8020028e 8020028e        0     1                 
8020028e 8020028e        0     1                 
802002a0 802002a0        0     1                 
802002a0 802002a0        0     1                 
802002a6 802002a6        0     1                 
802002a6 802002a6        0     1                 
802002a8 802002a8        0     1                 
802002ac 802002ac        0     1                 
802002ac 802002ac        0     1                 
802002be 802002be        0     1                 
802002be 802002be        0     1                 
802002c4 802002c4        0     1                 
802002c4 802002c4        0     1                 
802002c6 802002c6        0     1                 
802002ca 802002ca        0     1                 
802002ca 802002ca        0     1                 
802002dc 802002dc        0     1                 
802002dc 802002dc        0     1                 
802002e2 802002e2        0     1                 
802002e2 802002e2        0     1                 
802002e4 802002e4        0     1                 
802002e8 802002e8        0     1                 
802002e8 802002e8        0     1                 
802002fa 802002fa        0     1                 
802002fa 802002fa        0     1                 
802002fc 802002fc        0     1                 
802002fc 802002fc        0     1                 
802002fe 802002fe        0     1                 
80200302 80200302        0     1                 
80200302 80200302        0     1                 
80200314 80200314        0     1                 
80200314 80200314        0     1                 
80200316 80200316        0     1                 .LBB2_19
80200316 80200316        0     1                 
8020031e 8020031e        0     1                 
80200322 80200322        0     1                 
80200322 80200322        0     1                 
80200322 80200322        0     1                 
80200322 80200322        0     1                 
80200322 80200322        0     1                 
80200322 80200322       80     1                 print_title
80200328 80200328        0     1                 
80200334 80200334        0     1                 
80200334 80200334        0     1                 
8020033e 8020033e        0     1                 
8020033e 8020033e        0     1                 
80200348 80200348        0     1                 
80200348 80200348        0     1                 
80200352 80200352        0     1                 
80200352 80200352        0     1                 
8020035c 8020035c        0     1                 
8020035c 8020035c        0     1                 
80200366 80200366        0     1                 
80200366 80200366        0     1                 
80200370 80200370        0     1                 
80200370 80200370        0     1                 
80200374 80200374        0     1                 
80200374 80200374        0     1                 
8020037e 8020037e        0     1                 
8020037e 8020037e        0     1                 
80200388 80200388        0     1                 
80200388 80200388        0     1                 
80200392 80200392        0     1                 
80200392 80200392        0     1                 
8020039e 8020039e        0     1                 
802003a2 802003a2        0     1                 
802003a2 802003a2        0     1                 
802003a2 802003a2        0     1                 
802003a2 802003a2        0     1                 
802003a2 802003a2        0     1                 
802003a2 802003a2        0     1                 
802003a2 802003a2        e     1                 initialize_stvec
802003aa 802003aa        0     1                 
802003ae 802003ae        0     1                 
802003ae 802003ae        0     1                 
802003b0 802003b0        0     1                 
802003b0 802003b0        0     1                 
802003b0 802003b0        0     1                 
802003b0 802003b0        0     1                 
802003b0 802003b0        0     1                 
802003b0 802003b0       90     1                 kernel_entry
80200440 80200440        0     1                 
80200440 80200440        0     1                 
80200440 80200440        0     1                 
80200440 80200440        0     1                 
80200440 80200440        0     1                 
80200440 80200440       68     1                 handle_trap
8020044c 8020044c        0     1                 
8020044c 8020044c        0     1                 
80200450 80200450        0     1                 
80200450 80200450        0     1                 
80200454 80200454        0     1                 
80200454 80200454        0     1                 
80200458 80200458        0     1                 
80200458 80200458        0     1                 
8020045c 8020045c        0     1                 
8020045c 8020045c        0     1                 
80200468 80200468        0     1                 
80200468 80200468        0     1                 
80200472 80200472        0     1                 
80200472 80200472        0     1                 
8020047c 8020047c        0     1                 
80200480 80200480        0     1                 
8020048a 8020048a        0     1                 
8020048a 8020048a        0     1                 
802004a6 802004a6        0     1                 
802004a6 802004a6        0     1                 .LBB6_1
802004a8 802004a8        0     1                 
802004a8 802004a8        0     1                 
802004a8 802004a8        0     1                 
802004a8 802004a8        0     1                 
802004a8 802004a8        0     1                 
802004a8 802004a8       3e     1                 malloc
802004ac 802004ac        0     1                 
802004ac 802004ac        0     1                 
802004b0 802004b0        0     1                 
802004be 802004be        0     1                 
802004be 802004be        0     1                 .LBB7_2
802004be 802004be        0     1                 
802004c0 802004c0        0     1                 
802004c4 802004c4        0     1                 .LBB7_3
802004c4 802004c4        0     1                 
802004c4 802004c4        0     1                 
802004c6 802004c6        0     1                 
802004ca 802004ca        0     1                 
802004ca 802004ca        0     1                 .LBB7_5
802004ca 802004ca        0     1                 
802004ce 802004ce        0     1                 
802004d0 802004d0        0     1                 
802004d4 802004d4        0     1                 
802004d6 802004d6        0     1                 
802004dc 802004dc        0     1                 .LBB7_6
802004dc 802004dc        0     1                 
802004dc 802004dc        0     1                 
802004e0 802004e0        0     1                 
802004e6 802004e6        0     1                 
802004e6 802004e6        0     1                 
802004e6 802004e6        0     1                 
802004e6 802004e6        0     1                 
802004e6 802004e6        0     1                 
802004e6 802004e6       16     1                 memset
802004e8 802004e8        0     1                 
802004ea 802004ea        0     1                 
802004ea 802004ea        0     1                 .LBB8_2
802004ea 802004ea        0     1                 
802004ee 802004ee        0     1                 
802004f0 802004f0        0     1                 
802004f4 802004f4        0     1                 
802004f6 802004f6        0     1                 
802004fa 802004fa        0     1                 .LBB8_3
802004fa 802004fa        0     1                 
802004fa 802004fa        0     1                 
802004fc 802004fc        0     1                 
802004fc 802004fc        0     1                 
802004fc 802004fc      70a     4 .rodata
802004fc 802004fc      70a     1         <internal>:(.rodata.str1.1)
80200c08 80200c08       88     4 .data
80200c08 80200c08       88     4         /tmp/functions-e86c2a.o:(.data)
80200c08 80200c08        0     1                 $d.2
80200c08 80200c08       88     1                 exception_cause
80200c90 80200c90        0     4 .bss
80200c90 80200c90        0     1         __bss = .
80200c90 80200c90        0     1         __bss_end = .
80200c90 80200c90        0     1 . = ALIGN ( 4 )
80200c90 80200c90    20000     1 . += 128 * 1024
80220c90 80220c90        0     1 __stack_top = .
80220c90 80220c90      370     1 . = ALIGN ( 4096 )
80221000 80221000        0     1 __free_mem = .
80221000 80221000  4000000     1 . += 64 * 1024 * 1024
84221000 84221000        0     1 __free_mem_end = .
       0        0      5bb     1 .debug_loc
       0        0       bc     1         /tmp/kernel-158b0c.o:(.debug_loc)
       0        0        0     1                 
       0        0        0     1                 $d.3
      1d       1d        0     1                 
      bc       bc      4ff     1         /tmp/functions-e86c2a.o:(.debug_loc)
      bc       bc        0     1                 
      bc       bc        0     1                 $d.3
      cf       cf        0     1                 
      e2       e2        0     1                 
      f5       f5        0     1                 
     109      109        0     1                 
     127      127        0     1                 
     13a      13a        0     1                 
     14e      14e        0     1                 
     179      179        0     1                 
     18c      18c        0     1                 
     1a0      1a0        0     1                 
     1f7      1f7        0     1                 
     220      220        0     1                 
     233      233        0     1                 
     247      247        0     1                 
     25b      25b        0     1                 
     270      270        0     1                 
     284      284        0     1                 
     298      298        0     1                 
     2ad      2ad        0     1                 
     32a      32a        0     1                 
     33d      33d        0     1                 
     39d      39d        0     1                 
     3fd      3fd        0     1                 
     45d      45d        0     1                 
     4c5      4c5        0     1                 
     4d8      4d8        0     1                 
     4eb      4eb        0     1                 
     4fe      4fe        0     1                 
     511      511        0     1                 
     524      524        0     1                 
     537      537        0     1                 
     557      557        0     1                 
     576      576        0     1                 
     589      589        0     1                 
     59c      59c        0     1                 
       0        0      332     1 .debug_abbrev
       0        0       e2     1         /tmp/kernel-158b0c.o:(.debug_abbrev)
       0        0        0     1                 $d.4
      e2       e2      250     1         /tmp/functions-e86c2a.o:(.debug_abbrev)
      e2       e2        0     1                 $d.4
       0        0      ea3     1 .debug_info
       0        0      1b0     1         /tmp/kernel-158b0c.o:(.debug_info)
       0        0        0     1                 $d.5
     1b0      1b0      cf3     1         /tmp/functions-e86c2a.o:(.debug_info)
     1b0      1b0        0     1                 $d.5
       0        0       a8     1 .debug_ranges
       0        0       18     1         /tmp/kernel-158b0c.o:(.debug_ranges)
       0        0        0     1                 
       0        0        0     1                 $d.6
      18       18       90     1         /tmp/functions-e86c2a.o:(.debug_ranges)
      18       18        0     1                 
      18       18        0     1                 $d.6
      60       60        0     1                 
       0        0      2a8     1 .debug_str
       0        0      2a8     1         <internal>:(.debug_str)
       0        0       7d     1 .comment
       0        0       7d     1         <internal>:(.comment)
       0        0       2b     1 .riscv.attributes
       0        0       2b     1         <internal>:(.riscv.attributes)
       0        0      108     4 .debug_frame
       0        0       40     4         /tmp/kernel-158b0c.o:(.debug_frame)
       0        0        0     1                 
       0        0        0     1                 $d.10
      40       40       c8     4         /tmp/functions-e86c2a.o:(.debug_frame)
      40       40        0     1                 
      40       40        0     1                 $d.10
       0        0      582     1 .debug_line
       0        0      13d     1         /tmp/kernel-158b0c.o:(.debug_line)
       0        0        0     1                 .Lline_table_start0
       0        0        0     1                 $d.11
     13d      13d      445     1         /tmp/functions-e86c2a.o:(.debug_line)
     13d      13d        0     1                 .Lline_table_start0
     13d      13d        0     1                 $d.11
       0        0     1d30     4 .symtab
       0        0     1d30     4         <internal>:(.symtab)
       0        0       a6     1 .shstrtab
       0        0       a6     1         <internal>:(.shstrtab)
       0        0      145     1 .strtab
       0        0      145     1         <internal>:(.strtab)
