     VMA      LMA     Size Align Out     In      Symbol
       0        0 80200000     1 . = 0x80200000
80200000 80200000      48e     4 .text
80200000 80200000        e     2         /tmp/kernel-13ba54.o:(.text.boot)
80200000 80200000        0     1                 
80200000 80200000        0     1                 
80200000 80200000        0     1                 $x.1
80200000 80200000        0     1                 
80200000 80200000        e     1                 boot
8020000e 8020000e        0     1                 
8020000e 8020000e        0     1                 
8020000e 8020000e       58     2         /tmp/kernel-13ba54.o:(.text)
8020000e 8020000e        0     1                 
8020000e 8020000e        0     1                 
8020000e 8020000e        0     1                 $x.0
8020000e 8020000e        0     1                 
8020000e 8020000e       58     1                 kernel_main
80200018 80200018        0     1                 
8020001a 8020001a        0     1                 
8020001a 8020001a        0     1                 
80200024 80200024        0     1                 
80200024 80200024        0     1                 
80200026 80200026        0     1                 
8020002e 8020002e        0     1                 
80200038 80200038        0     1                 
80200038 80200038        0     1                 
80200044 80200044        0     1                 
80200044 80200044        0     1                 .LBB0_1
80200044 80200044        0     1                 
80200046 80200046        0     1                 
8020004a 8020004a        0     1                 
8020004a 8020004a        0     1                 
8020004c 8020004c        0     1                 
80200050 80200050        0     1                 
80200050 80200050        0     1                 
80200064 80200064        0     1                 
80200064 80200064        0     1                 .LBB0_3
80200066 80200066        0     1                 
80200066 80200066        0     1                 
80200068 80200068      426     4         /tmp/functions-79a2a3.o:(.text)
80200068 80200068        0     1                 
80200068 80200068        0     1                 
80200068 80200068        0     1                 $x.0
80200068 80200068        0     1                 
80200068 80200068        6     1                 sbi_call
8020006c 8020006c        0     1                 
8020006e 8020006e        0     1                 
8020006e 8020006e        0     1                 
8020006e 8020006e        0     1                 
8020006e 8020006e       14     1                 putchar
80200080 80200080        0     1                 
80200082 80200082        0     1                 
80200082 80200082        0     1                 
80200082 80200082        0     1                 
80200082 80200082      264     1                 printf
8020009e 8020009e        0     1                 
802000c6 802000c6        0     1                 
802000ca 802000ca        0     1                 
802000ce 802000ce        0     1                 .LBB2_1
802000d2 802000d2        0     1                 
802000d2 802000d2        0     1                 
802000e4 802000e4        0     1                 
802000e4 802000e4        0     1                 .LBB2_3
802000e4 802000e4        0     1                 
802000e6 802000e6        0     1                 
802000ea 802000ea        0     1                 
802000ee 802000ee        0     1                 .LBB2_4
802000ee 802000ee        0     1                 
802000f2 802000f2        0     1                 
802000f4 802000f4        0     1                 
802000f8 802000f8        0     1                 
80200102 80200102        0     1                 
80200102 80200102        0     1                 
80200106 80200106        0     1                 
8020010a 8020010a        0     1                 
8020010a 8020010a        0     1                 .LBB2_7
8020010a 8020010a        0     1                 
8020010e 8020010e        0     1                 
8020010e 8020010e        0     1                 
80200120 80200120        0     1                 
80200120 80200120        0     1                 
80200124 80200124        0     1                 
80200126 80200126        0     1                 
80200128 80200128        0     1                 .LBB2_8
80200128 80200128        0     1                 
8020012c 8020012c        0     1                 
80200130 80200130        0     1                 .LBB2_9
80200130 80200130        0     1                 
80200136 80200136        0     1                 .LBB2_10
80200136 80200136        0     1                 
8020013a 8020013a        0     1                 .LBB2_11
8020013a 8020013a        0     1                 
8020013a 8020013a        0     1                 
80200144 80200144        0     1                 
80200144 80200144        0     1                 
80200148 80200148        0     1                 
8020014a 8020014a        0     1                 
8020014a 8020014a        0     1                 .LBB2_13
8020014c 8020014c        0     1                 
8020014c 8020014c        0     1                 
80200150 80200150        0     1                 
80200150 80200150        0     1                 
80200156 80200156        0     1                 
80200156 80200156        0     1                 
8020015c 8020015c        0     1                 
8020015e 8020015e        0     1                 
8020015e 8020015e        0     1                 
80200164 80200164        0     1                 .LBB2_14
80200164 80200164        0     1                 
80200164 80200164        0     1                 
80200166 80200166        0     1                 .LBB2_15
80200166 80200166        0     1                 
80200166 80200166        0     1                 
8020016a 8020016a        0     1                 
8020016c 8020016c        0     1                 
8020016c 8020016c        0     1                 
80200170 80200170        0     1                 .LBB2_16
80200170 80200170        0     1                 
80200172 80200172        0     1                 
80200172 80200172        0     1                 
80200178 80200178        0     1                 
80200178 80200178        0     1                 
80200180 80200180        0     1                 
80200180 80200180        0     1                 
80200184 80200184        0     1                 
80200184 80200184        0     1                 
80200196 80200196        0     1                 
80200196 80200196        0     1                 
8020019a 8020019a        0     1                 .LBB2_17
8020019a 8020019a        0     1                 
8020019e 8020019e        0     1                 
8020019e 8020019e        0     1                 
802001b0 802001b0        0     1                 
802001b0 802001b0        0     1                 
802001b4 802001b4        0     1                 
802001b8 802001b8        0     1                 .LBB2_18
802001b8 802001b8        0     1                 
802001b8 802001b8        0     1                 
802001ce 802001ce        0     1                 
802001ce 802001ce        0     1                 
802001e4 802001e4        0     1                 
802001e4 802001e4        0     1                 
802001ee 802001ee        0     1                 
802001ee 802001ee        0     1                 
802001f2 802001f2        0     1                 
802001f2 802001f2        0     1                 
802001f4 802001f4        0     1                 
802001f8 802001f8        0     1                 
802001f8 802001f8        0     1                 
8020020a 8020020a        0     1                 
8020020a 8020020a        0     1                 
80200210 80200210        0     1                 
80200210 80200210        0     1                 
80200212 80200212        0     1                 
80200216 80200216        0     1                 
80200216 80200216        0     1                 
80200228 80200228        0     1                 
80200228 80200228        0     1                 
8020022e 8020022e        0     1                 
8020022e 8020022e        0     1                 
80200230 80200230        0     1                 
80200234 80200234        0     1                 
80200234 80200234        0     1                 
80200246 80200246        0     1                 
80200246 80200246        0     1                 
8020024c 8020024c        0     1                 
8020024c 8020024c        0     1                 
8020024e 8020024e        0     1                 
80200252 80200252        0     1                 
80200252 80200252        0     1                 
80200264 80200264        0     1                 
80200264 80200264        0     1                 
8020026a 8020026a        0     1                 
8020026a 8020026a        0     1                 
8020026c 8020026c        0     1                 
80200270 80200270        0     1                 
80200270 80200270        0     1                 
80200282 80200282        0     1                 
80200282 80200282        0     1                 
80200288 80200288        0     1                 
80200288 80200288        0     1                 
8020028a 8020028a        0     1                 
8020028e 8020028e        0     1                 
8020028e 8020028e        0     1                 
802002a0 802002a0        0     1                 
802002a0 802002a0        0     1                 
802002a6 802002a6        0     1                 
802002a6 802002a6        0     1                 
802002a8 802002a8        0     1                 
802002ac 802002ac        0     1                 
802002ac 802002ac        0     1                 
802002be 802002be        0     1                 
802002be 802002be        0     1                 
802002c0 802002c0        0     1                 
802002c0 802002c0        0     1                 
802002c2 802002c2        0     1                 
802002c6 802002c6        0     1                 
802002c6 802002c6        0     1                 
802002d8 802002d8        0     1                 
802002d8 802002d8        0     1                 
802002da 802002da        0     1                 .LBB2_19
802002da 802002da        0     1                 
802002e2 802002e2        0     1                 
802002e6 802002e6        0     1                 
802002e6 802002e6        0     1                 
802002e6 802002e6        0     1                 
802002e6 802002e6        0     1                 
802002e6 802002e6        0     1                 
802002e6 802002e6       80     1                 print_title
802002ec 802002ec        0     1                 
802002f8 802002f8        0     1                 
802002f8 802002f8        0     1                 
80200302 80200302        0     1                 
80200302 80200302        0     1                 
8020030c 8020030c        0     1                 
8020030c 8020030c        0     1                 
80200316 80200316        0     1                 
80200316 80200316        0     1                 
80200320 80200320        0     1                 
80200320 80200320        0     1                 
8020032a 8020032a        0     1                 
8020032a 8020032a        0     1                 
80200334 80200334        0     1                 
80200334 80200334        0     1                 
80200338 80200338        0     1                 
80200338 80200338        0     1                 
80200342 80200342        0     1                 
80200342 80200342        0     1                 
8020034c 8020034c        0     1                 
8020034c 8020034c        0     1                 
80200356 80200356        0     1                 
80200356 80200356        0     1                 
80200362 80200362        0     1                 
80200366 80200366        0     1                 
80200366 80200366        0     1                 
80200366 80200366        0     1                 
80200366 80200366        0     1                 
80200366 80200366        0     1                 
80200366 80200366        0     1                 
80200366 80200366        e     1                 initialize_stvec
8020036e 8020036e        0     1                 
80200372 80200372        0     1                 
80200372 80200372        0     1                 
80200374 80200374        0     1                 
80200374 80200374        0     1                 
80200374 80200374        0     1                 
80200374 80200374        0     1                 
80200374 80200374        0     1                 
80200374 80200374       90     1                 kernel_entry
80200404 80200404        0     1                 
80200404 80200404        0     1                 
80200404 80200404        0     1                 
80200404 80200404        0     1                 
80200404 80200404        0     1                 
80200404 80200404       70     1                 handle_trap
80200410 80200410        0     1                 
80200410 80200410        0     1                 
80200414 80200414        0     1                 
80200414 80200414        0     1                 
80200418 80200418        0     1                 
80200418 80200418        0     1                 
8020041c 8020041c        0     1                 
8020041c 8020041c        0     1                 
80200420 80200420        0     1                 
80200426 80200426        0     1                 
80200428 80200428        0     1                 
80200428 80200428        0     1                 
80200434 80200434        0     1                 
80200434 80200434        0     1                 
8020043e 8020043e        0     1                 
8020043e 8020043e        0     1                 
80200440 80200440        0     1                 
8020044c 8020044c        0     1                 
80200456 80200456        0     1                 
80200456 80200456        0     1                 
80200472 80200472        0     1                 
80200472 80200472        0     1                 .LBB6_1
80200474 80200474        0     1                 
80200474 80200474        0     1                 
80200474 80200474        0     1                 
80200474 80200474        0     1                 
80200474 80200474        0     1                 
80200474 80200474       1a     1                 memset
80200478 80200478        0     1                 
80200478 80200478        0     1                 
8020047a 8020047a        0     1                 
8020047c 8020047c        0     1                 
8020047c 8020047c        0     1                 .LBB7_2
8020047c 8020047c        0     1                 
80200480 80200480        0     1                 
80200482 80200482        0     1                 
80200486 80200486        0     1                 
80200488 80200488        0     1                 
8020048c 8020048c        0     1                 .LBB7_3
8020048c 8020048c        0     1                 
8020048c 8020048c        0     1                 
8020048e 8020048e        0     1                 
8020048e 8020048e        0     1                 
80200490 80200490      6fe     4 .rodata
80200490 80200490      6fe     1         <internal>:(.rodata.str1.1)
80200b90 80200b90       88     4 .data
80200b90 80200b90       88     4         /tmp/functions-79a2a3.o:(.data)
80200b90 80200b90        0     1                 $d.2
80200b90 80200b90       88     1                 exception_cause
80200c18 80200c18        0     4 .bss
80200c18 80200c18        0     1         __bss = .
80200c18 80200c18        0     1         __bss_end = .
80200c18 80200c18        0     1 . = ALIGN ( 4 )
80200c18 80200c18    20000     1 . += 128 * 1024
80220c18 80220c18        0     1 __stack_top = .
80220c18 80220c18      3e8     1 . = ALIGN ( 4096 )
80221000 80221000        0     1 __free_mem = .
80221000 80221000  4000000     1 . += 64 * 1024 * 1024
84221000 84221000        0     1 __free_mem_end = .
       0        0      4db     1 .debug_loc
       0        0       1b     1         /tmp/kernel-13ba54.o:(.debug_loc)
       0        0        0     1                 
       0        0        0     1                 $d.3
      1b       1b      4c0     1         /tmp/functions-79a2a3.o:(.debug_loc)
      1b       1b        0     1                 
      1b       1b        0     1                 $d.3
      2e       2e        0     1                 
      41       41        0     1                 
      54       54        0     1                 
      68       68        0     1                 
      86       86        0     1                 
      99       99        0     1                 
      ad       ad        0     1                 
      d8       d8        0     1                 
      eb       eb        0     1                 
      ff       ff        0     1                 
     156      156        0     1                 
     17f      17f        0     1                 
     192      192        0     1                 
     1a6      1a6        0     1                 
     1ba      1ba        0     1                 
     1cf      1cf        0     1                 
     1e3      1e3        0     1                 
     1f7      1f7        0     1                 
     20c      20c        0     1                 
     289      289        0     1                 
     29c      29c        0     1                 
     2fc      2fc        0     1                 
     35c      35c        0     1                 
     3bc      3bc        0     1                 
     424      424        0     1                 
     437      437        0     1                 
     44a      44a        0     1                 
     45d      45d        0     1                 
     470      470        0     1                 
     483      483        0     1                 
     496      496        0     1                 
     4a9      4a9        0     1                 
     4bc      4bc        0     1                 
       0        0      2f8     1 .debug_abbrev
       0        0       dc     1         /tmp/kernel-13ba54.o:(.debug_abbrev)
       0        0        0     1                 $d.4
      dc       dc      21c     1         /tmp/functions-79a2a3.o:(.debug_abbrev)
      dc       dc        0     1                 $d.4
       0        0      d9e     1 .debug_info
       0        0      158     1         /tmp/kernel-13ba54.o:(.debug_info)
       0        0        0     1                 $d.5
     158      158      c46     1         /tmp/functions-79a2a3.o:(.debug_info)
     158      158        0     1                 $d.5
       0        0       a8     1 .debug_ranges
       0        0       18     1         /tmp/kernel-13ba54.o:(.debug_ranges)
       0        0        0     1                 
       0        0        0     1                 $d.6
      18       18       90     1         /tmp/functions-79a2a3.o:(.debug_ranges)
      18       18        0     1                 
      18       18        0     1                 $d.6
      60       60        0     1                 
       0        0      264     1 .debug_str
       0        0      264     1         <internal>:(.debug_str)
       0        0       7d     1 .comment
       0        0       7d     1         <internal>:(.comment)
       0        0       2b     1 .riscv.attributes
       0        0       2b     1         <internal>:(.riscv.attributes)
       0        0       f8     4 .debug_frame
       0        0       40     4         /tmp/kernel-13ba54.o:(.debug_frame)
       0        0        0     1                 
       0        0        0     1                 $d.10
      40       40       b8     4         /tmp/functions-79a2a3.o:(.debug_frame)
      40       40        0     1                 
      40       40        0     1                 $d.10
       0        0      49d     1 .debug_line
       0        0       a7     1         /tmp/kernel-13ba54.o:(.debug_line)
       0        0        0     1                 .Lline_table_start0
       0        0        0     1                 $d.11
      a7       a7      3f6     1         /tmp/functions-79a2a3.o:(.debug_line)
      a7       a7        0     1                 .Lline_table_start0
      a7       a7        0     1                 $d.11
       0        0     19e0     4 .symtab
       0        0     19e0     4         <internal>:(.symtab)
       0        0       a6     1 .shstrtab
       0        0       a6     1         <internal>:(.shstrtab)
       0        0      13e     1 .strtab
       0        0      13e     1         <internal>:(.strtab)
