     VMA      LMA     Size Align Out     In      Symbol
       0        0 80200000     1 . = 0x80200000
80200000 80200000      780     4 .text
80200000 80200000        e     2         /tmp/kernel-87977c.o:(.text.boot)
80200000 80200000        0     1                 
80200000 80200000        0     1                 
80200000 80200000        0     1                 $x.1
80200000 80200000        0     1                 
80200000 80200000        e     1                 boot
8020000e 8020000e        0     1                 
8020000e 8020000e        0     1                 
8020000e 8020000e      1ae     2         /tmp/kernel-87977c.o:(.text)
8020000e 8020000e        0     1                 
8020000e 8020000e        0     1                 
8020000e 8020000e        0     1                 $x.0
8020000e 8020000e        0     1                 
8020000e 8020000e       2e     1                 process_a_entry
80200012 80200012        0     1                 
8020001c 8020001c        0     1                 
8020001c 8020001c        0     1                 
80200022 80200022        0     1                 
8020002a 8020002a        0     1                 
80200032 80200032        0     1                 
80200034 80200034        0     1                 
80200038 80200038        0     1                 
8020003c 8020003c        0     1                 
8020003c 8020003c        0     1                 
8020003c 8020003c        0     1                 
8020003c 8020003c        0     1                 
8020003c 8020003c        0     1                 
8020003c 8020003c        0     1                 
8020003c 8020003c       28     1                 process_b_entry
80200040 80200040        0     1                 
8020004a 8020004a        0     1                 
8020004a 8020004a        0     1                 
80200052 80200052        0     1                 
8020005a 8020005a        0     1                 
8020005c 8020005c        0     1                 
80200060 80200060        0     1                 
80200064 80200064        0     1                 
80200064 80200064        0     1                 
80200064 80200064        0     1                 
80200064 80200064        0     1                 
80200064 80200064        0     1                 
80200064 80200064        0     1                 
80200064 80200064      158     1                 kernel_main
80200072 80200072        0     1                 
80200074 80200074        0     1                 
80200074 80200074        0     1                 
8020007e 8020007e        0     1                 
8020007e 8020007e        0     1                 
80200080 80200080        0     1                 
8020008c 8020008c        0     1                 
8020008c 8020008c        0     1                 
80200094 80200094        0     1                 
802000a0 802000a0        0     1                 
802000a0 802000a0        0     1                 
802000a2 802000a2        0     1                 
802000a2 802000a2        0     1                 
802000aa 802000aa        0     1                 
802000b6 802000b6        0     1                 
802000b6 802000b6        0     1                 
802000c2 802000c2        0     1                 
802000c2 802000c2        0     1                 
802000d0 802000d0        0     1                 
802000d0 802000d0        0     1                 
802000d2 802000d2        0     1                 
802000de 802000de        0     1                 
802000de 802000de        0     1                 
802000e2 802000e2        0     1                 
802000e6 802000e6        0     1                 
802000e6 802000e6        0     1                 
802000e8 802000e8        0     1                 
802000ec 802000ec        0     1                 
802000ec 802000ec        0     1                 
802000f0 802000f0        0     1                 
802000f4 802000f4        0     1                 
802000f4 802000f4        0     1                 
802000f6 802000f6        0     1                 
802000fa 802000fa        0     1                 
802000fa 802000fa        0     1                 
802000fe 802000fe        0     1                 
80200102 80200102        0     1                 
80200102 80200102        0     1                 
80200104 80200104        0     1                 
80200108 80200108        0     1                 
80200108 80200108        0     1                 
8020010c 8020010c        0     1                 
80200110 80200110        0     1                 
80200110 80200110        0     1                 
80200112 80200112        0     1                 
80200116 80200116        0     1                 
80200116 80200116        0     1                 
8020011a 8020011a        0     1                 
8020011e 8020011e        0     1                 
8020011e 8020011e        0     1                 
80200120 80200120        0     1                 
80200124 80200124        0     1                 
80200124 80200124        0     1                 
80200128 80200128        0     1                 
8020012c 8020012c        0     1                 
8020012c 8020012c        0     1                 
8020012e 8020012e        0     1                 
80200132 80200132        0     1                 
80200132 80200132        0     1                 
80200136 80200136        0     1                 
8020013a 8020013a        0     1                 
8020013a 8020013a        0     1                 
8020013c 8020013c        0     1                 
80200140 80200140        0     1                 
80200140 80200140        0     1                 
80200144 80200144        0     1                 
80200148 80200148        0     1                 
80200148 80200148        0     1                 
8020014a 8020014a        0     1                 
8020014e 8020014e        0     1                 
8020014e 8020014e        0     1                 
80200152 80200152        0     1                 
80200156 80200156        0     1                 
80200156 80200156        0     1                 
80200158 80200158        0     1                 
8020015c 8020015c        0     1                 
8020015c 8020015c        0     1                 
80200160 80200160        0     1                 
80200164 80200164        0     1                 
80200164 80200164        0     1                 
80200166 80200166        0     1                 
8020016a 8020016a        0     1                 
8020016a 8020016a        0     1                 
8020016e 8020016e        0     1                 
80200172 80200172        0     1                 
80200172 80200172        0     1                 
80200174 80200174        0     1                 
80200178 80200178        0     1                 
80200178 80200178        0     1                 
8020017c 8020017c        0     1                 
80200180 80200180        0     1                 
80200180 80200180        0     1                 
80200182 80200182        0     1                 
80200186 80200186        0     1                 
80200186 80200186        0     1                 
80200190 80200190        0     1                 
80200190 80200190        0     1                 
80200196 80200196        0     1                 
8020019a 8020019a        0     1                 
8020019e 8020019e        0     1                 
802001a0 802001a0        0     1                 
802001a2 802001a2        0     1                 
802001a4 802001a4        0     1                 
802001a4 802001a4        0     1                 
802001ba 802001ba        0     1                 
802001ba 802001ba        0     1                 .LBB2_1
802001bc 802001bc        0     1                 
802001bc 802001bc        0     1                 
802001bc 802001bc      5c4     4         /tmp/functions-8cb02e.o:(.text)
802001bc 802001bc        0     1                 
802001bc 802001bc        0     1                 
802001bc 802001bc        0     1                 $x.0
802001bc 802001bc        0     1                 
802001bc 802001bc        6     1                 sbi_call
802001c0 802001c0        0     1                 
802001c2 802001c2        0     1                 
802001c2 802001c2        0     1                 
802001c2 802001c2        0     1                 
802001c2 802001c2       14     1                 putchar
802001d4 802001d4        0     1                 
802001d6 802001d6        0     1                 
802001d6 802001d6        0     1                 
802001d6 802001d6        0     1                 
802001d6 802001d6      264     1                 printf
802001f2 802001f2        0     1                 
8020021a 8020021a        0     1                 
8020021e 8020021e        0     1                 
80200222 80200222        0     1                 .LBB2_1
80200226 80200226        0     1                 
80200226 80200226        0     1                 
80200238 80200238        0     1                 
80200238 80200238        0     1                 .LBB2_3
80200238 80200238        0     1                 
8020023a 8020023a        0     1                 
8020023e 8020023e        0     1                 
80200242 80200242        0     1                 .LBB2_4
80200242 80200242        0     1                 
80200246 80200246        0     1                 
80200248 80200248        0     1                 
8020024c 8020024c        0     1                 
80200256 80200256        0     1                 
80200256 80200256        0     1                 
8020025a 8020025a        0     1                 
8020025e 8020025e        0     1                 
8020025e 8020025e        0     1                 .LBB2_7
8020025e 8020025e        0     1                 
80200262 80200262        0     1                 
80200262 80200262        0     1                 
80200274 80200274        0     1                 
80200274 80200274        0     1                 
80200278 80200278        0     1                 
8020027a 8020027a        0     1                 
8020027c 8020027c        0     1                 .LBB2_8
8020027c 8020027c        0     1                 
80200280 80200280        0     1                 
80200284 80200284        0     1                 .LBB2_9
80200284 80200284        0     1                 
8020028a 8020028a        0     1                 .LBB2_10
8020028a 8020028a        0     1                 
8020028e 8020028e        0     1                 .LBB2_11
8020028e 8020028e        0     1                 
8020028e 8020028e        0     1                 
80200298 80200298        0     1                 
80200298 80200298        0     1                 
8020029c 8020029c        0     1                 
8020029e 8020029e        0     1                 
8020029e 8020029e        0     1                 .LBB2_13
802002a0 802002a0        0     1                 
802002a0 802002a0        0     1                 
802002a4 802002a4        0     1                 
802002a4 802002a4        0     1                 
802002aa 802002aa        0     1                 
802002aa 802002aa        0     1                 
802002b0 802002b0        0     1                 
802002b2 802002b2        0     1                 
802002b2 802002b2        0     1                 
802002b8 802002b8        0     1                 .LBB2_14
802002b8 802002b8        0     1                 
802002b8 802002b8        0     1                 
802002ba 802002ba        0     1                 .LBB2_15
802002ba 802002ba        0     1                 
802002ba 802002ba        0     1                 
802002be 802002be        0     1                 
802002c0 802002c0        0     1                 
802002c0 802002c0        0     1                 
802002c4 802002c4        0     1                 .LBB2_16
802002c4 802002c4        0     1                 
802002c6 802002c6        0     1                 
802002c6 802002c6        0     1                 
802002cc 802002cc        0     1                 
802002cc 802002cc        0     1                 
802002d4 802002d4        0     1                 
802002d4 802002d4        0     1                 
802002d8 802002d8        0     1                 
802002d8 802002d8        0     1                 
802002ea 802002ea        0     1                 
802002ea 802002ea        0     1                 
802002ee 802002ee        0     1                 .LBB2_17
802002ee 802002ee        0     1                 
802002f2 802002f2        0     1                 
802002f2 802002f2        0     1                 
80200304 80200304        0     1                 
80200304 80200304        0     1                 
80200308 80200308        0     1                 
8020030c 8020030c        0     1                 .LBB2_18
8020030c 8020030c        0     1                 
8020030c 8020030c        0     1                 
80200322 80200322        0     1                 
80200322 80200322        0     1                 
80200338 80200338        0     1                 
80200338 80200338        0     1                 
80200342 80200342        0     1                 
80200342 80200342        0     1                 
80200346 80200346        0     1                 
80200346 80200346        0     1                 
80200348 80200348        0     1                 
8020034c 8020034c        0     1                 
8020034c 8020034c        0     1                 
8020035e 8020035e        0     1                 
8020035e 8020035e        0     1                 
80200364 80200364        0     1                 
80200364 80200364        0     1                 
80200366 80200366        0     1                 
8020036a 8020036a        0     1                 
8020036a 8020036a        0     1                 
8020037c 8020037c        0     1                 
8020037c 8020037c        0     1                 
80200382 80200382        0     1                 
80200382 80200382        0     1                 
80200384 80200384        0     1                 
80200388 80200388        0     1                 
80200388 80200388        0     1                 
8020039a 8020039a        0     1                 
8020039a 8020039a        0     1                 
802003a0 802003a0        0     1                 
802003a0 802003a0        0     1                 
802003a2 802003a2        0     1                 
802003a6 802003a6        0     1                 
802003a6 802003a6        0     1                 
802003b8 802003b8        0     1                 
802003b8 802003b8        0     1                 
802003be 802003be        0     1                 
802003be 802003be        0     1                 
802003c0 802003c0        0     1                 
802003c4 802003c4        0     1                 
802003c4 802003c4        0     1                 
802003d6 802003d6        0     1                 
802003d6 802003d6        0     1                 
802003dc 802003dc        0     1                 
802003dc 802003dc        0     1                 
802003de 802003de        0     1                 
802003e2 802003e2        0     1                 
802003e2 802003e2        0     1                 
802003f4 802003f4        0     1                 
802003f4 802003f4        0     1                 
802003fa 802003fa        0     1                 
802003fa 802003fa        0     1                 
802003fc 802003fc        0     1                 
80200400 80200400        0     1                 
80200400 80200400        0     1                 
80200412 80200412        0     1                 
80200412 80200412        0     1                 
80200414 80200414        0     1                 
80200414 80200414        0     1                 
80200416 80200416        0     1                 
8020041a 8020041a        0     1                 
8020041a 8020041a        0     1                 
8020042c 8020042c        0     1                 
8020042c 8020042c        0     1                 
8020042e 8020042e        0     1                 .LBB2_19
8020042e 8020042e        0     1                 
80200436 80200436        0     1                 
8020043a 8020043a        0     1                 
8020043a 8020043a        0     1                 
8020043a 8020043a        0     1                 
8020043a 8020043a        0     1                 
8020043a 8020043a        0     1                 
8020043a 8020043a       80     1                 print_title
80200440 80200440        0     1                 
8020044c 8020044c        0     1                 
8020044c 8020044c        0     1                 
80200456 80200456        0     1                 
80200456 80200456        0     1                 
80200460 80200460        0     1                 
80200460 80200460        0     1                 
8020046a 8020046a        0     1                 
8020046a 8020046a        0     1                 
80200474 80200474        0     1                 
80200474 80200474        0     1                 
8020047e 8020047e        0     1                 
8020047e 8020047e        0     1                 
80200488 80200488        0     1                 
80200488 80200488        0     1                 
8020048c 8020048c        0     1                 
8020048c 8020048c        0     1                 
80200496 80200496        0     1                 
80200496 80200496        0     1                 
802004a0 802004a0        0     1                 
802004a0 802004a0        0     1                 
802004aa 802004aa        0     1                 
802004aa 802004aa        0     1                 
802004b6 802004b6        0     1                 
802004ba 802004ba        0     1                 
802004ba 802004ba        0     1                 
802004ba 802004ba        0     1                 
802004ba 802004ba        0     1                 
802004ba 802004ba        0     1                 
802004ba 802004ba        0     1                 
802004ba 802004ba        e     1                 initialize_stvec
802004c2 802004c2        0     1                 
802004c6 802004c6        0     1                 
802004c6 802004c6        0     1                 
802004c8 802004c8        0     1                 
802004c8 802004c8        0     1                 
802004c8 802004c8        0     1                 
802004c8 802004c8        0     1                 
802004c8 802004c8        0     1                 
802004c8 802004c8       90     1                 kernel_entry
80200558 80200558        0     1                 
80200558 80200558        0     1                 
80200558 80200558        0     1                 
80200558 80200558        0     1                 
80200558 80200558        0     1                 
80200558 80200558       5c     1                 handle_trap
80200564 80200564        0     1                 
80200564 80200564        0     1                 
80200568 80200568        0     1                 
80200568 80200568        0     1                 
8020056c 8020056c        0     1                 
8020056c 8020056c        0     1                 
80200570 80200570        0     1                 
80200570 80200570        0     1                 
80200574 80200574        0     1                 
80200574 80200574        0     1                 
8020057e 8020057e        0     1                 
8020057e 8020057e        0     1                 
80200588 80200588        0     1                 
8020058c 8020058c        0     1                 
80200596 80200596        0     1                 
80200596 80200596        0     1                 
802005b2 802005b2        0     1                 
802005b2 802005b2        0     1                 .LBB6_1
802005b4 802005b4        0     1                 
802005b4 802005b4        0     1                 
802005b4 802005b4        0     1                 
802005b4 802005b4        0     1                 
802005b4 802005b4        0     1                 
802005b4 802005b4       3a     1                 malloc
802005b8 802005b8        0     1                 
802005b8 802005b8        0     1                 
802005ba 802005ba        0     1                 
802005c6 802005c6        0     1                 
802005c6 802005c6        0     1                 .LBB7_2
802005c6 802005c6        0     1                 
802005c8 802005c8        0     1                 
802005cc 802005cc        0     1                 .LBB7_3
802005cc 802005cc        0     1                 
802005cc 802005cc        0     1                 
802005ce 802005ce        0     1                 
802005d2 802005d2        0     1                 
802005d2 802005d2        0     1                 .LBB7_5
802005d2 802005d2        0     1                 
802005d6 802005d6        0     1                 
802005d8 802005d8        0     1                 
802005dc 802005dc        0     1                 
802005de 802005de        0     1                 
802005e4 802005e4        0     1                 .LBB7_6
802005e4 802005e4        0     1                 
802005e4 802005e4        0     1                 
802005e8 802005e8        0     1                 
802005ee 802005ee        0     1                 
802005ee 802005ee        0     1                 
802005ee 802005ee        0     1                 
802005ee 802005ee        0     1                 
802005ee 802005ee        0     1                 
802005ee 802005ee       16     1                 memset
802005f0 802005f0        0     1                 
802005f2 802005f2        0     1                 
802005f2 802005f2        0     1                 .LBB8_2
802005f2 802005f2        0     1                 
802005f6 802005f6        0     1                 
802005f8 802005f8        0     1                 
802005fc 802005fc        0     1                 
802005fe 802005fe        0     1                 
80200602 80200602        0     1                 .LBB8_3
80200602 80200602        0     1                 
80200602 80200602        0     1                 
80200604 80200604        0     1                 
80200604 80200604        0     1                 
80200604 80200604        0     1                 
80200604 80200604        0     1                 
80200604 80200604        0     1                 
80200604 80200604       46     1                 switch_context
8020064a 8020064a        0     1                 
8020064a 8020064a        0     1                 
8020064a 8020064a        0     1                 
8020064a 8020064a      136     1                 create_process
80200654 80200654        0     1                 
80200660 80200660        0     1                 
80200660 80200660        0     1                 
80200662 80200662        0     1                 
80200662 80200662        0     1                 
80200668 80200668        0     1                 
8020066a 8020066a        0     1                 
8020066a 8020066a        0     1                 
80200678 80200678        0     1                 
8020067a 8020067a        0     1                 
8020067a 8020067a        0     1                 
80200680 80200680        0     1                 
80200682 80200682        0     1                 
80200682 80200682        0     1                 
80200690 80200690        0     1                 
80200692 80200692        0     1                 
80200692 80200692        0     1                 
80200698 80200698        0     1                 
8020069a 8020069a        0     1                 
8020069a 8020069a        0     1                 
802006a8 802006a8        0     1                 
802006aa 802006aa        0     1                 
802006aa 802006aa        0     1                 
802006b0 802006b0        0     1                 
802006b2 802006b2        0     1                 
802006b2 802006b2        0     1                 
802006c0 802006c0        0     1                 
802006c2 802006c2        0     1                 
802006c2 802006c2        0     1                 
802006c8 802006c8        0     1                 
802006ca 802006ca        0     1                 
802006ca 802006ca        0     1                 
802006e0 802006e0        0     1                 
802006e0 802006e0        0     1                 .LBB10_11
802006e2 802006e2        0     1                 .LBB10_12
802006e2 802006e2        0     1                 
802006e2 802006e2        0     1                 
802006e6 802006e6        0     1                 .LBB10_13
802006e6 802006e6        0     1                 
802006ea 802006ea        0     1                 .LBB10_14
802006ea 802006ea        0     1                 
802006ee 802006ee        0     1                 .LBB10_15
802006ee 802006ee        0     1                 
802006f2 802006f2        0     1                 .LBB10_16
802006f2 802006f2        0     1                 
802006f6 802006f6        0     1                 .LBB10_17
802006f6 802006f6        0     1                 
802006fa 802006fa        0     1                 .LBB10_18
802006fa 802006fa        0     1                 
802006fe 802006fe        0     1                 .LBB10_19
802006fe 802006fe        0     1                 
80200702 80200702        0     1                 .LBB10_20
80200702 80200702        0     1                 
80200706 80200706        0     1                 .LBB10_21
80200706 80200706        0     1                 
80200708 80200708        0     1                 .LBB10_22
80200708 80200708        0     1                 
80200708 80200708        0     1                 
8020070e 8020070e        0     1                 
80200714 80200714        0     1                 
80200714 80200714        0     1                 
80200716 80200716        0     1                 
80200718 80200718        0     1                 
80200718 80200718        0     1                 
80200722 80200722        0     1                 
80200722 80200722        0     1                 
80200726 80200726        0     1                 
8020072a 8020072a        0     1                 
8020072e 8020072e        0     1                 
80200732 80200732        0     1                 
80200736 80200736        0     1                 
8020073a 8020073a        0     1                 
8020073e 8020073e        0     1                 
80200742 80200742        0     1                 
80200746 80200746        0     1                 
8020074a 8020074a        0     1                 
8020074e 8020074e        0     1                 
80200752 80200752        0     1                 
8020075a 8020075a        0     1                 
8020075c 8020075c        0     1                 
8020075c 8020075c        0     1                 
80200760 80200760        0     1                 
8020076c 8020076c        0     1                 
8020076c 8020076c        0     1                 
80200770 80200770        0     1                 
80200772 80200772        0     1                 
80200778 80200778        0     1                 
80200778 80200778        0     1                 
8020077a 8020077a        0     1                 
8020077c 8020077c        0     1                 
8020077c 8020077c        0     1                 
80200780 80200780        0     1                 
80200780 80200780        0     1                 
80200780 80200780      81c     4 .rodata
80200780 80200780      81c     1         <internal>:(.rodata.str1.1)
80200f9c 80200f9c       88     4 .data
80200f9c 80200f9c       88     4         /tmp/functions-8cb02e.o:(.data)
80200f9c 80200f9c        0     1                 $d.2
80200f9c 80200f9c       88     1                 exception_cause
80201024 80201024    14080     4 .bss
80201024 80201024        0     1         __bss = .
80201024 80201024        8     4         /tmp/kernel-87977c.o:(.sbss)
80201024 80201024        0     1                 $d.3
80201024 80201024        4     1                 proc_a
80201028 80201028        4     1                 proc_b
8020102c 8020102c    14078     4         /tmp/functions-8cb02e.o:(.bss)
8020102c 8020102c        0     1                 $d.3
8020102c 8020102c    14078     1                 procs
802150a4 802150a4        0     1         __bss_end = .
802150a4 802150a4        0     1 . = ALIGN ( 4 )
802150a4 802150a4    20000     1 . += 128 * 1024
802350a4 802350a4        0     1 __stack_top = .
802350a4 802350a4      f5c     1 . = ALIGN ( 4096 )
80236000 80236000        0     1 __free_mem = .
80236000 80236000  4000000     1 . += 64 * 1024 * 1024
84236000 84236000        0     1 __free_mem_end = .
       0        0      756     1 .debug_loc
       0        0       e1     1         /tmp/kernel-87977c.o:(.debug_loc)
       0        0        0     1                 
       0        0        0     1                 $d.4
      1b       1b        0     1                 
      e1       e1      675     1         /tmp/functions-8cb02e.o:(.debug_loc)
      e1       e1        0     1                 
      e1       e1        0     1                 $d.4
      f4       f4        0     1                 
     107      107        0     1                 
     11a      11a        0     1                 
     12e      12e        0     1                 
     14c      14c        0     1                 
     15f      15f        0     1                 
     173      173        0     1                 
     19e      19e        0     1                 
     1b1      1b1        0     1                 
     1c5      1c5        0     1                 
     21c      21c        0     1                 
     245      245        0     1                 
     258      258        0     1                 
     26c      26c        0     1                 
     280      280        0     1                 
     295      295        0     1                 
     2a9      2a9        0     1                 
     2bd      2bd        0     1                 
     2d2      2d2        0     1                 
     34f      34f        0     1                 
     362      362        0     1                 
     3c2      3c2        0     1                 
     422      422        0     1                 
     482      482        0     1                 
     4ea      4ea        0     1                 
     4fd      4fd        0     1                 
     510      510        0     1                 
     523      523        0     1                 
     536      536        0     1                 
     549      549        0     1                 
     55c      55c        0     1                 
     57b      57b        0     1                 
     59a      59a        0     1                 
     5ad      5ad        0     1                 
     5c0      5c0        0     1                 
     5df      5df        0     1                 
     5fd      5fd        0     1                 
     716      716        0     1                 
     729      729        0     1                 
       0        0      408     1 .debug_abbrev
       0        0      16c     1         /tmp/kernel-87977c.o:(.debug_abbrev)
       0        0        0     1                 $d.5
     16c      16c      29c     1         /tmp/functions-8cb02e.o:(.debug_abbrev)
     16c      16c        0     1                 $d.5
       0        0     11c5     1 .debug_info
       0        0      39b     1         /tmp/kernel-87977c.o:(.debug_info)
       0        0        0     1                 $d.6
     39b      39b      e2a     1         /tmp/functions-8cb02e.o:(.debug_info)
     39b      39b        0     1                 $d.6
       0        0       a8     1 .debug_ranges
       0        0       18     1         /tmp/kernel-87977c.o:(.debug_ranges)
       0        0        0     1                 
       0        0        0     1                 $d.7
      18       18       90     1         /tmp/functions-8cb02e.o:(.debug_ranges)
      18       18        0     1                 
      18       18        0     1                 $d.7
      60       60        0     1                 
       0        0      33a     1 .debug_str
       0        0      33a     1         <internal>:(.debug_str)
       0        0       7d     1 .comment
       0        0       7d     1         <internal>:(.comment)
       0        0       2b     1 .riscv.attributes
       0        0       2b     1         <internal>:(.riscv.attributes)
       0        0      168     4 .debug_frame
       0        0       74     4         /tmp/kernel-87977c.o:(.debug_frame)
       0        0        0     1                 
       0        0        0     1                 $d.11
      74       74       f4     4         /tmp/functions-8cb02e.o:(.debug_frame)
      74       74        0     1                 
      74       74        0     1                 $d.11
       0        0      8ff     1 .debug_line
       0        0      33c     1         /tmp/kernel-87977c.o:(.debug_line)
       0        0        0     1                 .Lline_table_start0
       0        0        0     1                 $d.12
     33c      33c      5c3     1         /tmp/functions-8cb02e.o:(.debug_line)
     33c      33c        0     1                 .Lline_table_start0
     33c      33c        0     1                 $d.12
       0        0     2a10     4 .symtab
       0        0     2a10     4         <internal>:(.symtab)
       0        0       a6     1 .shstrtab
       0        0       a6     1         <internal>:(.shstrtab)
       0        0      1a3     1 .strtab
       0        0      1a3     1         <internal>:(.strtab)
