     VMA      LMA     Size Align Out     In      Symbol
       0        0 80200000     1 . = 0x80200000
80200000 80200000      300     4 .text
80200000 80200000        e     2         /tmp/kernel-a4b191.o:(.text.boot)
80200000 80200000        0     1                 
80200000 80200000        0     1                 
80200000 80200000        0     1                 $x.1
80200000 80200000        0     1                 
80200000 80200000        e     1                 boot
8020000e 8020000e        0     1                 
8020000e 8020000e        0     1                 
80200010 80200010      2f0     4         /tmp/kernel-a4b191.o:(.text)
80200010 80200010        0     1                 
80200010 80200010        0     1                 
80200010 80200010        0     1                 $x.0
80200010 80200010        0     1                 
80200010 80200010       90     1                 kernel_entry
802000a0 802000a0        0     1                 
802000a0 802000a0        0     1                 
802000a0 802000a0        0     1                 
802000a0 802000a0        0     1                 
802000a0 802000a0        0     1                 
802000a0 802000a0        6     1                 sbi_call
802000a4 802000a4        0     1                 
802000a4 802000a4        0     1                 
802000a6 802000a6        0     1                 
802000a6 802000a6        0     1                 
802000a6 802000a6        0     1                 
802000a6 802000a6       14     1                 putchar
802000b8 802000b8        0     1                 
802000b8 802000b8        0     1                 
802000ba 802000ba        0     1                 
802000ba 802000ba        0     1                 
802000ba 802000ba        0     1                 
802000ba 802000ba      126     1                 printf
802000c2 802000c2        0     1                 
802000d2 802000d2        0     1                 
802000ee 802000ee        0     1                 
802000f2 802000f2        0     1                 
802000f6 802000f6        0     1                 .LBB3_1
802000f6 802000f6        0     1                 
802000f8 802000f8        0     1                 
802000f8 802000f8        0     1                 
8020010a 8020010a        0     1                 
8020010a 8020010a        0     1                 
8020010c 8020010c        0     1                 
8020010c 8020010c        0     1                 .LBB3_3
8020010c 8020010c        0     1                 
80200110 80200110        0     1                 
80200110 80200110        0     1                 
80200122 80200122        0     1                 .LBB3_4
80200122 80200122        0     1                 
80200122 80200122        0     1                 
80200124 80200124        0     1                 
80200128 80200128        0     1                 
8020012c 8020012c        0     1                 .LBB3_5
8020012c 8020012c        0     1                 
8020012c 8020012c        0     1                 
80200130 80200130        0     1                 
80200134 80200134        0     1                 
8020013e 8020013e        0     1                 
8020013e 8020013e        0     1                 
80200142 80200142        0     1                 
80200146 80200146        0     1                 
80200146 80200146        0     1                 .LBB3_8
80200146 80200146        0     1                 
8020014a 8020014a        0     1                 
8020014a 8020014a        0     1                 
8020015c 8020015c        0     1                 
8020015c 8020015c        0     1                 
80200160 80200160        0     1                 
80200162 80200162        0     1                 
80200164 80200164        0     1                 .LBB3_9
80200164 80200164        0     1                 
80200166 80200166        0     1                 
80200166 80200166        0     1                 
8020016a 8020016a        0     1                 
80200170 80200170        0     1                 .LBB3_10
80200170 80200170        0     1                 
80200170 80200170        0     1                 
80200172 80200172        0     1                 
80200172 80200172        0     1                 
80200176 80200176        0     1                 .LBB3_11
80200176 80200176        0     1                 
80200176 80200176        0     1                 
80200180 80200180        0     1                 
80200180 80200180        0     1                 
80200184 80200184        0     1                 
80200186 80200186        0     1                 
80200186 80200186        0     1                 .LBB3_13
80200188 80200188        0     1                 
80200188 80200188        0     1                 
8020018c 8020018c        0     1                 
8020018c 8020018c        0     1                 
80200192 80200192        0     1                 
80200192 80200192        0     1                 
80200198 80200198        0     1                 
8020019a 8020019a        0     1                 
8020019a 8020019a        0     1                 
802001a0 802001a0        0     1                 .LBB3_14
802001a0 802001a0        0     1                 
802001a0 802001a0        0     1                 
802001a2 802001a2        0     1                 .LBB3_15
802001a2 802001a2        0     1                 
802001a2 802001a2        0     1                 
802001a6 802001a6        0     1                 
802001a8 802001a8        0     1                 
802001a8 802001a8        0     1                 
802001ac 802001ac        0     1                 .LBB3_16
802001ac 802001ac        0     1                 
802001ae 802001ae        0     1                 
802001ae 802001ae        0     1                 
802001b4 802001b4        0     1                 
802001b4 802001b4        0     1                 
802001bc 802001bc        0     1                 
802001bc 802001bc        0     1                 
802001c0 802001c0        0     1                 
802001c0 802001c0        0     1                 
802001d2 802001d2        0     1                 
802001d2 802001d2        0     1                 
802001d8 802001d8        0     1                 .LBB3_17
802001d8 802001d8        0     1                 
802001d8 802001d8        0     1                 
802001dc 802001dc        0     1                 
802001e0 802001e0        0     1                 
802001e0 802001e0        0     1                 
802001e0 802001e0        0     1                 
802001e0 802001e0        0     1                 
802001e0 802001e0        0     1                 
802001e0 802001e0       44     1                 print_title
802001e4 802001e4        0     1                 
802001ee 802001ee        0     1                 
802001ee 802001ee        0     1                 
802001f8 802001f8        0     1                 
802001f8 802001f8        0     1                 
80200202 80200202        0     1                 
80200202 80200202        0     1                 
8020020c 8020020c        0     1                 
8020020c 8020020c        0     1                 
80200216 80200216        0     1                 
80200216 80200216        0     1                 
80200220 80200220        0     1                 
80200224 80200224        0     1                 
80200224 80200224        0     1                 
80200224 80200224        0     1                 
80200224 80200224        0     1                 
80200224 80200224        0     1                 
80200224 80200224        0     1                 
80200224 80200224       a6     1                 kernel_main
8020022a 8020022a        0     1                 
80200234 80200234        0     1                 
80200234 80200234        0     1                 
8020023e 8020023e        0     1                 
8020023e 8020023e        0     1                 
80200248 80200248        0     1                 
80200248 80200248        0     1                 
80200252 80200252        0     1                 
80200252 80200252        0     1                 
8020025c 8020025c        0     1                 
8020025c 8020025c        0     1                 
80200266 80200266        0     1                 
80200266 80200266        0     1                 
80200270 80200270        0     1                 
80200270 80200270        0     1                 
8020027a 8020027a        0     1                 
8020027a 8020027a        0     1                 
80200286 80200286        0     1                 
80200286 80200286        0     1                 
80200290 80200290        0     1                 
80200290 80200290        0     1                 
80200294 80200294        0     1                 
80200294 80200294        0     1                 
80200296 80200296        0     1                 
80200296 80200296        0     1                 
80200298 80200298        0     1                 
80200298 80200298        0     1                 
8020029c 8020029c        0     1                 
802002a0 802002a0        0     1                 
802002a4 802002a4        0     1                 
802002a4 802002a4        0     1                 
802002a8 802002a8        0     1                 
802002a8 802002a8        0     1                 
802002ac 802002ac        0     1                 
802002b2 802002b2        0     1                 
802002b2 802002b2        0     1                 
802002c8 802002c8        0     1                 
802002c8 802002c8        0     1                 .LBB5_1
802002ca 802002ca        0     1                 
802002ca 802002ca        0     1                 
802002ca 802002ca        0     1                 
802002ca 802002ca        0     1                 
802002ca 802002ca        0     1                 
802002ca 802002ca        e     1                 initialize_stvec
802002d2 802002d2        0     1                 
802002d6 802002d6        0     1                 
802002d6 802002d6        0     1                 
802002d8 802002d8        0     1                 
802002d8 802002d8        0     1                 
802002d8 802002d8        0     1                 
802002d8 802002d8        0     1                 
802002d8 802002d8        0     1                 
802002d8 802002d8       28     1                 handle_trap
802002dc 802002dc        0     1                 
802002dc 802002dc        0     1                 
802002e0 802002e0        0     1                 
802002e0 802002e0        0     1                 
802002e4 802002e4        0     1                 
802002e4 802002e4        0     1                 
802002e8 802002e8        0     1                 
802002e8 802002e8        0     1                 
802002fe 802002fe        0     1                 
802002fe 802002fe        0     1                 .LBB8_1
80200300 80200300        0     1                 
80200300 80200300        0     1                 
80200300 80200300      504     4 .rodata
80200300 80200300      504     1         <internal>:(.rodata.str1.1)
80200804 80200804        0     4 .bss
80200804 80200804        0     1         __bss = .
80200804 80200804        0     1         __bss_end = .
80200804 80200804        0     1 . = ALIGN ( 4 )
80200804 80200804    20000     1 . += 128 * 1024
80220804 80220804        0     1 __stack_top = .
       0        0      330     1 .debug_loc
       0        0      330     1         /tmp/kernel-a4b191.o:(.debug_loc)
       0        0        0     1                 
       0        0        0     1                 $d.3
      1b       1b        0     1                 
      36       36        0     1                 
      51       51        0     1                 
      6e       6e        0     1                 
      aa       aa        0     1                 
      c5       c5        0     1                 
      e0       e0        0     1                 
      fd       fd        0     1                 
     167      167        0     1                 
     184      184        0     1                 
     19f      19f        0     1                 
     1d2      1d2        0     1                 
     1ed      1ed        0     1                 
     20a      20a        0     1                 
     23b      23b        0     1                 
     256      256        0     1                 
     273      273        0     1                 
     28e      28e        0     1                 
     2a9      2a9        0     1                 
     2c4      2c4        0     1                 
     2df      2df        0     1                 
     2fa      2fa        0     1                 
     315      315        0     1                 
       0        0      1e4     1 .debug_abbrev
       0        0      1e4     1         /tmp/kernel-a4b191.o:(.debug_abbrev)
       0        0        0     1                 $d.4
       0        0      8a1     1 .debug_info
       0        0      8a1     1         /tmp/kernel-a4b191.o:(.debug_info)
       0        0        0     1                 $d.5
       0        0       38     1 .debug_ranges
       0        0       38     1         /tmp/kernel-a4b191.o:(.debug_ranges)
       0        0        0     1                 
       0        0        0     1                 $d.6
      18       18        0     1                 
       0        0      1f0     1 .debug_str
       0        0      1f0     1         <internal>:(.debug_str)
       0        0       7d     1 .comment
       0        0       7d     1         <internal>:(.comment)
       0        0       2b     1 .riscv.attributes
       0        0       2b     1         <internal>:(.riscv.attributes)
       0        0       c4     4 .debug_frame
       0        0       c4     4         /tmp/kernel-a4b191.o:(.debug_frame)
       0        0        0     1                 
       0        0        0     1                 $d.10
       0        0      2fd     1 .debug_line
       0        0      2fd     1         /tmp/kernel-a4b191.o:(.debug_line)
       0        0        0     1                 .Lline_table_start0
       0        0        0     1                 $d.11
       0        0     11f0     4 .symtab
       0        0     11f0     4         <internal>:(.symtab)
       0        0       a0     1 .shstrtab
       0        0       a0     1         <internal>:(.shstrtab)
       0        0       c3     1 .strtab
       0        0       c3     1         <internal>:(.strtab)
