     VMA      LMA     Size Align Out     In      Symbol
       0        0 80200000     1 . = 0x80200000
80200000        0        0     1 __kernel_base = .
80200000 80200000      c8a     4 .text
80200000 80200000        e     2         /tmp/kernel-46e316.o:(.text.boot)
80200000 80200000        0     1                 
80200000 80200000        0     1                 
80200000 80200000        0     1                 $x.1
80200000 80200000        0     1                 
80200000 80200000        e     1                 boot
8020000e 8020000e        0     1                 
8020000e 8020000e        0     1                 
8020000e 8020000e       9c     2         /tmp/kernel-46e316.o:(.text)
8020000e 8020000e        0     1                 
8020000e 8020000e        0     1                 
8020000e 8020000e        0     1                 $x.0
8020000e 8020000e        0     1                 
8020000e 8020000e       24     1                 process_a_entry
80200016 80200016        0     1                 
80200020 80200020        0     1                 
80200026 80200026        0     1                 
8020002e 8020002e        0     1                 
80200032 80200032        0     1                 
80200032 80200032        0     1                 
80200032 80200032        0     1                 
80200032 80200032        0     1                 
80200032 80200032        0     1                 
80200032 80200032       1e     1                 process_b_entry
8020003a 8020003a        0     1                 
80200044 80200044        0     1                 
8020004c 8020004c        0     1                 
80200050 80200050        0     1                 
80200050 80200050        0     1                 
80200050 80200050        0     1                 
80200050 80200050        0     1                 
80200050 80200050        0     1                 
80200050 80200050       5a     1                 kernel_main
80200058 80200058        0     1                 
8020005a 8020005a        0     1                 
80200064 80200064        0     1                 
80200066 80200066        0     1                 
80200078 80200078        0     1                 
80200080 80200080        0     1                 
80200084 80200084        0     1                 
80200088 80200088        0     1                 
8020008c 8020008c        0     1                 .LBB2_1
8020008c 8020008c        0     1                 
802000a6 802000a6        0     1                 .LBB2_2
802000aa 802000aa        0     1                 
802000aa 802000aa        0     1                 
802000ac 802000ac      bde     4         /tmp/functions-81f992.o:(.text)
802000ac 802000ac        0     1                 
802000ac 802000ac        0     1                 
802000ac 802000ac        0     1                 $x.0
802000ac 802000ac        0     1                 
802000ac 802000ac       b4     1                 sbi_call
802000d4 802000d4        0     1                 
802000d8 802000d8        0     1                 
802000dc 802000dc        0     1                 
802000e0 802000e0        0     1                 
802000e4 802000e4        0     1                 
802000e8 802000e8        0     1                 
802000ec 802000ec        0     1                 
802000f0 802000f0        0     1                 
802000f4 802000f4        0     1                 
802000f8 802000f8        0     1                 
802000fc 802000fc        0     1                 
80200100 80200100        0     1                 
80200104 80200104        0     1                 
80200108 80200108        0     1                 
8020010c 8020010c        0     1                 
80200110 80200110        0     1                 
80200114 80200114        0     1                 
80200118 80200118        0     1                 
8020011c 8020011c        0     1                 
80200120 80200120        0     1                 
80200124 80200124        0     1                 
80200128 80200128        0     1                 
8020012c 8020012c        0     1                 
80200130 80200130        0     1                 
80200134 80200134        0     1                 
80200140 80200140        0     1                 
80200144 80200144        0     1                 
80200148 80200148        0     1                 
8020014c 8020014c        0     1                 
80200150 80200150        0     1                 
8020015c 8020015c        0     1                 
80200160 80200160        0     1                 
80200160 80200160        0     1                 
80200160 80200160        0     1                 
80200160 80200160       30     1                 putchar
8020016c 8020016c        0     1                 
80200174 80200174        0     1                 
8020018c 8020018c        0     1                 
80200190 80200190        0     1                 
80200190 80200190        0     1                 
80200190 80200190        0     1                 
80200190 80200190        0     1                 
80200190 80200190        0     1                 
80200190 80200190      272     1                 printf
802001b2 802001b2        0     1                 
802001b6 802001b6        0     1                 
802001ba 802001ba        0     1                 .LBB2_1
802001ba 802001ba        0     1                 
802001be 802001be        0     1                 
802001c2 802001c2        0     1                 
802001cc 802001cc        0     1                 .LBB2_2
802001cc 802001cc        0     1                 
802001d0 802001d0        0     1                 
802001d8 802001d8        0     1                 
802001e4 802001e4        0     1                 .LBB2_3
802001e4 802001e4        0     1                 
802001ee 802001ee        0     1                 
802001f2 802001f2        0     1                 
802001fa 802001fa        0     1                 
80200206 80200206        0     1                 .LBB2_4
80200206 80200206        0     1                 
80200214 80200214        0     1                 
80200218 80200218        0     1                 
8020021c 8020021c        0     1                 .LBB2_5
8020021c 8020021c        0     1                 
80200220 80200220        0     1                 
80200224 80200224        0     1                 
8020022e 8020022e        0     1                 .LBB2_6
8020022e 8020022e        0     1                 
80200232 80200232        0     1                 
80200236 80200236        0     1                 
80200238 80200238        0     1                 
80200242 80200242        0     1                 
80200246 80200246        0     1                 .LBB2_7
80200246 80200246        0     1                 
8020024a 8020024a        0     1                 .LBB2_8
8020024a 8020024a        0     1                 
8020024e 8020024e        0     1                 
80200256 80200256        0     1                 
80200262 80200262        0     1                 .LBB2_9
80200262 80200262        0     1                 
80200262 80200262        0     1                 
80200270 80200270        0     1                 
80200276 80200276        0     1                 
8020027a 8020027a        0     1                 
8020027e 8020027e        0     1                 .LBB2_10
8020027e 8020027e        0     1                 
80200284 80200284        0     1                 
80200290 80200290        0     1                 .LBB2_11
80200290 80200290        0     1                 
80200296 80200296        0     1                 
8020029a 8020029a        0     1                 
802002a6 802002a6        0     1                 
802002b2 802002b2        0     1                 
802002b4 802002b4        0     1                 
802002b8 802002b8        0     1                 
802002c6 802002c6        0     1                 
802002ca 802002ca        0     1                 .LBB2_12
802002ca 802002ca        0     1                 
802002d0 802002d0        0     1                 
802002d4 802002d4        0     1                 
802002d8 802002d8        0     1                 
802002da 802002da        0     1                 
802002de 802002de        0     1                 
802002e2 802002e2        0     1                 .LBB2_13
802002e2 802002e2        0     1                 
802002e8 802002e8        0     1                 
802002f4 802002f4        0     1                 .LBB2_14
802002f4 802002f4        0     1                 
80200304 80200304        0     1                 
80200312 80200312        0     1                 
80200316 80200316        0     1                 
8020031a 8020031a        0     1                 
8020031e 8020031e        0     1                 
80200328 80200328        0     1                 
80200336 80200336        0     1                 
8020033a 8020033a        0     1                 .LBB2_15
8020033a 8020033a        0     1                 
8020033e 8020033e        0     1                 
80200342 80200342        0     1                 
80200348 80200348        0     1                 
8020034c 8020034c        0     1                 .LBB2_16
8020034c 8020034c        0     1                 
8020034c 8020034c        0     1                 
80200350 80200350        0     1                 
80200358 80200358        0     1                 
80200364 80200364        0     1                 .LBB2_17
80200364 80200364        0     1                 
80200368 80200368        0     1                 
80200368 80200368        0     1                 
8020036e 8020036e        0     1                 
80200370 80200370        0     1                 
8020037e 8020037e        0     1                 
80200384 80200384        0     1                 
80200384 80200384        0     1                 
80200388 80200388        0     1                 
8020038c 8020038c        0     1                 .LBB2_18
8020038c 8020038c        0     1                 
80200390 80200390        0     1                 
8020039c 8020039c        0     1                 .LBB2_19
8020039c 8020039c        0     1                 
8020039c 8020039c        0     1                 
802003a0 802003a0        0     1                 
802003a4 802003a4        0     1                 
802003a6 802003a6        0     1                 
802003aa 802003aa        0     1                 
802003ac 802003ac        0     1                 
802003b0 802003b0        0     1                 
802003b4 802003b4        0     1                 
802003c2 802003c2        0     1                 
802003c4 802003c4        0     1                 
802003c8 802003c8        0     1                 .LBB2_20
802003c8 802003c8        0     1                 
802003c8 802003c8        0     1                 
802003d2 802003d2        0     1                 
802003d6 802003d6        0     1                 .LBB2_21
802003d6 802003d6        0     1                 
802003d6 802003d6        0     1                 
802003da 802003da        0     1                 .LBB2_22
802003da 802003da        0     1                 
802003da 802003da        0     1                 
802003de 802003de        0     1                 .LBB2_23
802003de 802003de        0     1                 
802003e2 802003e2        0     1                 
802003e6 802003e6        0     1                 
802003ec 802003ec        0     1                 .LBB2_24
802003ec 802003ec        0     1                 
802003f6 802003f6        0     1                 
802003fa 802003fa        0     1                 .LBB2_25
802003fa 802003fa        0     1                 
802003fe 802003fe        0     1                 
80200402 80200402        0     1                 
80200402 80200402        0     1                 
80200402 80200402        0     1                 
80200402 80200402        0     1                 
80200402 80200402        0     1                 
80200402 80200402       88     1                 print_title
8020040a 8020040a        0     1                 
80200418 80200418        0     1                 
80200422 80200422        0     1                 
8020042c 8020042c        0     1                 
80200436 80200436        0     1                 
80200440 80200440        0     1                 
8020044a 8020044a        0     1                 
80200458 80200458        0     1                 
8020045a 8020045a        0     1                 
80200464 80200464        0     1                 
8020046e 8020046e        0     1                 
80200478 80200478        0     1                 
80200486 80200486        0     1                 
8020048a 8020048a        0     1                 
8020048a 8020048a        0     1                 
8020048a 8020048a        0     1                 
8020048a 8020048a        0     1                 
8020048a 8020048a        0     1                 
8020048a 8020048a       24     1                 initialize_stvec
80200492 80200492        0     1                 
80200492 80200492        0     1                 
802004aa 802004aa        0     1                 
802004aa 802004aa        0     1                 
802004ae 802004ae        0     1                 
802004ae 802004ae        0     1                 
802004b0 802004b0        0     1                 
802004b0 802004b0        0     1                 
802004b0 802004b0        0     1                 
802004b0 802004b0       90     1                 kernel_entry
80200540 80200540        0     1                 
80200540 80200540        0     1                 
80200540 80200540        0     1                 
80200540 80200540        0     1                 
80200540 80200540        0     1                 
80200540 80200540       ae     1                 handle_trap
80200548 80200548        0     1                 
80200548 80200548        0     1                 
8020055c 8020055c        0     1                 
80200560 80200560        0     1                 
80200560 80200560        0     1                 
80200574 80200574        0     1                 
80200578 80200578        0     1                 
80200578 80200578        0     1                 
8020058c 8020058c        0     1                 
80200590 80200590        0     1                 
80200594 80200594        0     1                 
80200596 80200596        0     1                 
8020059a 8020059a        0     1                 
802005a4 802005a4        0     1                 
802005a8 802005a8        0     1                 
802005b6 802005b6        0     1                 
802005c0 802005c0        0     1                 
802005c4 802005c4        0     1                 .LBB6_1
802005c4 802005c4        0     1                 
802005ea 802005ea        0     1                 .LBB6_2
802005ee 802005ee        0     1                 
802005ee 802005ee        0     1                 
802005ee 802005ee        0     1                 
802005ee 802005ee        0     1                 
802005ee 802005ee        0     1                 
802005ee 802005ee       3e     1                 malloc
802005fa 802005fa        0     1                 
80200602 80200602        0     1                 
80200606 80200606        0     1                 
8020060a 8020060a        0     1                 
80200614 80200614        0     1                 
80200618 80200618        0     1                 
8020061e 8020061e        0     1                 
80200620 80200620        0     1                 
80200628 80200628        0     1                 
8020062c 8020062c        0     1                 
8020062c 8020062c        0     1                 
8020062c 8020062c        0     1                 
8020062c 8020062c        0     1                 
8020062c 8020062c        0     1                 
8020062c 8020062c       6a     1                 memset
80200640 80200640        0     1                 
80200644 80200644        0     1                 
8020064a 8020064a        0     1                 
8020064a 8020064a        0     1                 
8020064e 8020064e        0     1                 
80200652 80200652        0     1                 .LBB8_1
80200652 80200652        0     1                 
80200656 80200656        0     1                 
8020065a 8020065a        0     1                 
80200666 80200666        0     1                 .LBB8_2
80200666 80200666        0     1                 
8020066a 8020066a        0     1                 
8020066e 8020066e        0     1                 
80200672 80200672        0     1                 
8020067c 8020067c        0     1                 
80200680 80200680        0     1                 .LBB8_3
80200680 80200680        0     1                 
8020068a 8020068a        0     1                 
8020068e 8020068e        0     1                 .LBB8_4
8020068e 8020068e        0     1                 
80200692 80200692        0     1                 
80200696 80200696        0     1                 
80200696 80200696        0     1                 
80200696 80200696        0     1                 
80200696 80200696       46     1                 malloc_pages
802006a2 802006a2        0     1                 
802006aa 802006aa        0     1                 
802006ae 802006ae        0     1                 
802006b2 802006b2        0     1                 
802006b6 802006b6        0     1                 
802006c0 802006c0        0     1                 
802006c4 802006c4        0     1                 
802006c8 802006c8        0     1                 
802006ce 802006ce        0     1                 
802006d0 802006d0        0     1                 
802006d8 802006d8        0     1                 
802006dc 802006dc        0     1                 
802006dc 802006dc        0     1                 
802006dc 802006dc        0     1                 
802006dc 802006dc        0     1                 
802006dc 802006dc        0     1                 
802006dc 802006dc       6e     1                 memcpy
802006f0 802006f0        0     1                 
802006f4 802006f4        0     1                 
802006f8 802006f8        0     1                 
802006fc 802006fc        0     1                 
80200700 80200700        0     1                 
80200704 80200704        0     1                 .LBB10_1
80200704 80200704        0     1                 
80200710 80200710        0     1                 
8020071a 8020071a        0     1                 .LBB10_2
8020071a 8020071a        0     1                 
80200726 80200726        0     1                 
8020072a 8020072a        0     1                 
80200736 80200736        0     1                 
8020073a 8020073a        0     1                 
8020073e 8020073e        0     1                 .LBB10_3
8020073e 8020073e        0     1                 
80200746 80200746        0     1                 
8020074a 8020074a        0     1                 
8020074a 8020074a        0     1                 
8020074a 8020074a        0     1                 
8020074a 8020074a       46     1                 switch_context
80200790 80200790        0     1                 
80200790 80200790        0     1                 
80200790 80200790        0     1                 
80200790 80200790       32     1                 user_entry
8020079a 8020079a        0     1                 
802007a2 802007a2        0     1                 
802007a6 802007a6        0     1                 
802007aa 802007aa        0     1                 
802007ae 802007ae        0     1                 
802007be 802007be        0     1                 
802007c2 802007c2        0     1                 
802007c2 802007c2        0     1                 
802007c2 802007c2        0     1                 
802007c2 802007c2      2ea     1                 create_process
802007d2 802007d2        0     1                 
802007d6 802007d6        0     1                 
802007e2 802007e2        0     1                 
802007e6 802007e6        0     1                 
802007ea 802007ea        0     1                 .LBB13_1
802007ea 802007ea        0     1                 
802007f0 802007f0        0     1                 
802007fc 802007fc        0     1                 .LBB13_2
802007fc 802007fc        0     1                 
80200804 80200804        0     1                 
80200812 80200812        0     1                 
80200814 80200814        0     1                 
8020081e 8020081e        0     1                 .LBB13_3
8020081e 8020081e        0     1                 
80200826 80200826        0     1                 
80200834 80200834        0     1                 
80200838 80200838        0     1                 
8020083c 8020083c        0     1                 .LBB13_4
8020083c 8020083c        0     1                 
80200840 80200840        0     1                 .LBB13_5
80200840 80200840        0     1                 
8020084a 8020084a        0     1                 
8020084e 8020084e        0     1                 .LBB13_6
8020084e 8020084e        0     1                 
80200854 80200854        0     1                 
80200860 80200860        0     1                 .LBB13_7
80200860 80200860        0     1                 
80200864 80200864        0     1                 .LBB13_8
80200864 80200864        0     1                 
8020087e 8020087e        0     1                 .LBB13_9
80200882 80200882        0     1                 .LBB13_10
80200882 80200882        0     1                 
80200886 80200886        0     1                 
8020088a 8020088a        0     1                 
8020088e 8020088e        0     1                 
80200890 80200890        0     1                 
80200894 80200894        0     1                 
80200894 80200894        0     1                 
802008a0 802008a0        0     1                 
802008a4 802008a4        0     1                 .LBB13_11
802008a4 802008a4        0     1                 
802008a8 802008a8        0     1                 
802008b0 802008b0        0     1                 
802008bc 802008bc        0     1                 .LBB13_12
802008bc 802008bc        0     1                 
802008c0 802008c0        0     1                 
802008c6 802008c6        0     1                 
802008ca 802008ca        0     1                 
802008ce 802008ce        0     1                 .LBB13_13
802008ce 802008ce        0     1                 
802008da 802008da        0     1                 
802008de 802008de        0     1                 .LBB13_14
802008de 802008de        0     1                 
802008de 802008de        0     1                 
802008e8 802008e8        0     1                 
802008ec 802008ec        0     1                 
802008fe 802008fe        0     1                 
80200902 80200902        0     1                 
8020090e 8020090e        0     1                 
80200912 80200912        0     1                 
8020091e 8020091e        0     1                 
80200922 80200922        0     1                 
8020092e 8020092e        0     1                 
80200932 80200932        0     1                 
8020093e 8020093e        0     1                 
80200942 80200942        0     1                 
8020094e 8020094e        0     1                 
80200952 80200952        0     1                 
8020095e 8020095e        0     1                 
80200962 80200962        0     1                 
8020096e 8020096e        0     1                 
80200972 80200972        0     1                 
8020097e 8020097e        0     1                 
80200982 80200982        0     1                 
8020098e 8020098e        0     1                 
80200992 80200992        0     1                 
8020099e 8020099e        0     1                 
802009a2 802009a2        0     1                 
802009ae 802009ae        0     1                 
802009b2 802009b2        0     1                 
802009be 802009be        0     1                 
802009ca 802009ca        0     1                 
802009ca 802009ca        0     1                 
802009ce 802009ce        0     1                 
802009d2 802009d2        0     1                 .LBB13_15
802009d2 802009d2        0     1                 
802009d6 802009d6        0     1                 
802009da 802009da        0     1                 
802009e6 802009e6        0     1                 .LBB13_16
802009e6 802009e6        0     1                 
802009e8 802009e8        0     1                 
802009e8 802009e8        0     1                 
802009ea 802009ea        0     1                 
802009ee 802009ee        0     1                 
802009f2 802009f2        0     1                 
802009f6 802009f6        0     1                 
802009f8 802009f8        0     1                 
802009fa 802009fa        0     1                 
80200a04 80200a04        0     1                 .LBB13_17
80200a04 80200a04        0     1                 
80200a08 80200a08        0     1                 
80200a0c 80200a0c        0     1                 
80200a0e 80200a0e        0     1                 
80200a12 80200a12        0     1                 
80200a16 80200a16        0     1                 .LBB13_18
80200a16 80200a16        0     1                 
80200a18 80200a18        0     1                 
80200a20 80200a20        0     1                 .LBB13_19
80200a20 80200a20        0     1                 
80200a24 80200a24        0     1                 
80200a28 80200a28        0     1                 
80200a2c 80200a2c        0     1                 
80200a2e 80200a2e        0     1                 
80200a32 80200a32        0     1                 
80200a34 80200a34        0     1                 
80200a38 80200a38        0     1                 
80200a40 80200a40        0     1                 
80200a42 80200a42        0     1                 
80200a48 80200a48        0     1                 
80200a4a 80200a4a        0     1                 
80200a4e 80200a4e        0     1                 .LBB13_20
80200a4e 80200a4e        0     1                 
80200a4e 80200a4e        0     1                 
80200a5a 80200a5a        0     1                 
80200a5e 80200a5e        0     1                 .LBB13_21
80200a5e 80200a5e        0     1                 
80200a5e 80200a5e        0     1                 
80200a62 80200a62        0     1                 
80200a66 80200a66        0     1                 
80200a68 80200a68        0     1                 
80200a6c 80200a6c        0     1                 
80200a70 80200a70        0     1                 
80200a72 80200a72        0     1                 
80200a78 80200a78        0     1                 
80200a7a 80200a7a        0     1                 
80200a80 80200a80        0     1                 
80200a82 80200a82        0     1                 
80200a8c 80200a8c        0     1                 
80200a9a 80200a9a        0     1                 
80200a9e 80200a9e        0     1                 
80200aa0 80200aa0        0     1                 
80200aa8 80200aa8        0     1                 
80200aac 80200aac        0     1                 
80200aac 80200aac        0     1                 
80200aac 80200aac        0     1                 
80200aac 80200aac        0     1                 
80200aac 80200aac        0     1                 
80200aac 80200aac       aa     1                 map_page
80200ac4 80200ac4        0     1                 
80200ac8 80200ac8        0     1                 
80200aca 80200aca        0     1                 
80200ace 80200ace        0     1                 
80200ad2 80200ad2        0     1                 
80200ad6 80200ad6        0     1                 
80200ada 80200ada        0     1                 
80200ade 80200ade        0     1                 
80200ae2 80200ae2        0     1                 
80200ae8 80200ae8        0     1                 
80200aea 80200aea        0     1                 
80200af4 80200af4        0     1                 .LBB14_1
80200af4 80200af4        0     1                 
80200af6 80200af6        0     1                 
80200af8 80200af8        0     1                 
80200afc 80200afc        0     1                 
80200b00 80200b00        0     1                 
80200b04 80200b04        0     1                 
80200b06 80200b06        0     1                 
80200b0a 80200b0a        0     1                 
80200b0e 80200b0e        0     1                 
80200b12 80200b12        0     1                 
80200b14 80200b14        0     1                 
80200b18 80200b18        0     1                 .LBB14_2
80200b18 80200b18        0     1                 
80200b1c 80200b1c        0     1                 
80200b20 80200b20        0     1                 
80200b26 80200b26        0     1                 
80200b2a 80200b2a        0     1                 
80200b2e 80200b2e        0     1                 
80200b32 80200b32        0     1                 
80200b36 80200b36        0     1                 
80200b3a 80200b3a        0     1                 
80200b3c 80200b3c        0     1                 
80200b40 80200b40        0     1                 
80200b44 80200b44        0     1                 
80200b48 80200b48        0     1                 
80200b4c 80200b4c        0     1                 
80200b52 80200b52        0     1                 
80200b56 80200b56        0     1                 
80200b56 80200b56        0     1                 
80200b56 80200b56        0     1                 
80200b56 80200b56        0     1                 
80200b56 80200b56        0     1                 
80200b56 80200b56       2e     1                 initialize_processes
80200b60 80200b60        0     1                 
80200b64 80200b64        0     1                 
80200b68 80200b68        0     1                 
80200b6e 80200b6e        0     1                 
80200b70 80200b70        0     1                 
80200b74 80200b74        0     1                 
80200b80 80200b80        0     1                 
80200b84 80200b84        0     1                 
80200b84 80200b84        0     1                 
80200b84 80200b84        0     1                 
80200b84 80200b84        0     1                 
80200b84 80200b84        0     1                 
80200b84 80200b84      106     1                 yield
80200b8c 80200b8c        0     1                 
80200b98 80200b98        0     1                 
80200ba0 80200ba0        0     1                 
80200ba6 80200ba6        0     1                 
80200ba6 80200ba6        0     1                 
80200baa 80200baa        0     1                 
80200bae 80200bae        0     1                 .LBB16_1
80200bae 80200bae        0     1                 
80200bb4 80200bb4        0     1                 
80200bc0 80200bc0        0     1                 .LBB16_2
80200bc0 80200bc0        0     1                 
80200bc8 80200bc8        0     1                 
80200bd6 80200bd6        0     1                 
80200bda 80200bda        0     1                 
80200be6 80200be6        0     1                 .LBB16_3
80200be6 80200be6        0     1                 
80200bea 80200bea        0     1                 
80200bf2 80200bf2        0     1                 
80200bf4 80200bf4        0     1                 
80200c00 80200c00        0     1                 .LBB16_4
80200c00 80200c00        0     1                 
80200c08 80200c08        0     1                 
80200c16 80200c16        0     1                 
80200c1a 80200c1a        0     1                 
80200c1e 80200c1e        0     1                 .LBB16_5
80200c1e 80200c1e        0     1                 
80200c22 80200c22        0     1                 .LBB16_6
80200c22 80200c22        0     1                 
80200c2c 80200c2c        0     1                 
80200c30 80200c30        0     1                 .LBB16_7
80200c30 80200c30        0     1                 
80200c30 80200c30        0     1                 
80200c38 80200c38        0     1                 
80200c3c 80200c3c        0     1                 
80200c40 80200c40        0     1                 
80200c44 80200c44        0     1                 
80200c48 80200c48        0     1                 
80200c4a 80200c4a        0     1                 
80200c50 80200c50        0     1                 
80200c52 80200c52        0     1                 
80200c56 80200c56        0     1                 
80200c5a 80200c5a        0     1                 
80200c64 80200c64        0     1                 
80200c74 80200c74        0     1                 
80200c78 80200c78        0     1                 
80200c7a 80200c7a        0     1                 
80200c7e 80200c7e        0     1                 
80200c80 80200c80        0     1                 
80200c86 80200c86        0     1                 
80200c8a 80200c8a        0     1                 
80200c8a 80200c8a        0     1                 
80200c8c 80200c8c      780     4 .rodata
80200c8c 80200c8c      780     1         <internal>:(.rodata.str1.1)
8020140c 8020140c    200c8     4 .data
8020140c 8020140c       88     4         /tmp/functions-81f992.o:(.data)
8020140c 8020140c        0     1                 $d.2
8020140c 8020140c       88     1                 exception_cause
80201494 80201494    20040     1         ./process/user.bin.o:(.data)
80201494 80201494        0     1                 _binary___process_user_bin_start
802214d4 802214d4        0     1                 _binary___process_user_bin_end
802214d4 802214d4        4     4 .sdata
802214d4 802214d4        4     4         /tmp/functions-81f992.o:(.sdata)
802214d4 802214d4        0     1                 $d.3
802214d4 802214d4        4     1                 next_address
802214d8 802214d8    140d0     4 .bss
802214d8 802214d8        0     1         __bss = .
802214d8 802214d8        4     4         /tmp/kernel-46e316.o:(.sbss)
802214d8 802214d8        0     1                 $d.3
802214d8 802214d8        4     1                 proc_app
802214dc 802214dc    140c8     4         /tmp/functions-81f992.o:(.bss)
802214dc 802214dc        0     1                 $d.4
802214dc 802214dc    140c8     1                 procs
802355a4 802355a4        4     4         /tmp/functions-81f992.o:(.sbss)
802355a4 802355a4        0     1                 $d.5
802355a4 802355a4        4     1                 current_process
802355a8 802355a8        0     1         __bss_end = .
802355a8 802355a8        0     1 . = ALIGN ( 4 )
802355a8 802355a8    20000     1 . += 128 * 1024
802555a8 802555a8        0     1 __stack_top = .
802555a8 802555a8      a58     1 . = ALIGN ( 4096 )
80256000 80256000        0     1 __free_mem = .
80256000 80256000  4000000     1 . += 64 * 1024 * 1024
84256000 84256000        0     1 __free_mem_end = .
       0        0      267     1 .debug_abbrev
       0        0       ac     1         /tmp/kernel-46e316.o:(.debug_abbrev)
       0        0        0     1                 $d.4
      ac       ac      1bb     1         /tmp/functions-81f992.o:(.debug_abbrev)
      ac       ac        0     1                 $d.6
       0        0      c4c     1 .debug_info
       0        0      179     1         /tmp/kernel-46e316.o:(.debug_info)
       0        0        0     1                 $d.5
     179      179      ad3     1         /tmp/functions-81f992.o:(.debug_info)
     179      179        0     1                 $d.7
       0        0       18     1 .debug_ranges
       0        0       18     1         /tmp/kernel-46e316.o:(.debug_ranges)
       0        0        0     1                 
       0        0        0     1                 $d.6
       0        0      46b     1 .debug_str
       0        0      46b     1         <internal>:(.debug_str)
       0        0       7d     1 .comment
       0        0       7d     1         <internal>:(.comment)
       0        0       2b     1 .riscv.attributes
       0        0       2b     1         <internal>:(.riscv.attributes)
       0        0      250     4 .debug_frame
       0        0       78     4         /tmp/kernel-46e316.o:(.debug_frame)
       0        0        0     1                 
       0        0        0     1                 $d.10
      78       78      1d8     4         /tmp/functions-81f992.o:(.debug_frame)
      78       78        0     1                 
      78       78        0     1                 $d.11
       0        0      f6a     1 .debug_line
       0        0       e1     1         /tmp/kernel-46e316.o:(.debug_line)
       0        0        0     1                 .Lline_table_start0
       0        0        0     1                 $d.11
      e1       e1      e89     1         /tmp/functions-81f992.o:(.debug_line)
      e1       e1        0     1                 .Lline_table_start0
      e1       e1        0     1                 $d.12
       0        0     2e10     4 .symtab
       0        0     2e10     4         <internal>:(.symtab)
       0        0       a2     1 .shstrtab
       0        0       a2     1         <internal>:(.shstrtab)
       0        0      266     1 .strtab
       0        0      266     1         <internal>:(.strtab)
