     VMA      LMA     Size Align Out     In      Symbol
       0        0 80200000     1 . = 0x80200000
80200000 80200000      438     4 .text
80200000 80200000        e     2         /tmp/kernel-ab9957.o:(.text.boot)
80200000 80200000        0     1                 
80200000 80200000        0     1                 
80200000 80200000        0     1                 $x.1
80200000 80200000        0     1                 
80200000 80200000        e     1                 boot
8020000e 8020000e        0     1                 
8020000e 8020000e        0     1                 
8020000e 8020000e       a2     2         /tmp/kernel-ab9957.o:(.text)
8020000e 8020000e        0     1                 
8020000e 8020000e        0     1                 
8020000e 8020000e        0     1                 $x.0
8020000e 8020000e        0     1                 
8020000e 8020000e       a2     1                 kernel_main
80200012 80200012        0     1                 
8020001c 8020001c        0     1                 
8020001c 8020001c        0     1                 
8020001e 8020001e        0     1                 
8020001e 8020001e        0     1                 
80200028 80200028        0     1                 
80200028 80200028        0     1                 
80200032 80200032        0     1                 
80200032 80200032        0     1                 
8020003c 8020003c        0     1                 
8020003c 8020003c        0     1                 
80200046 80200046        0     1                 
80200046 80200046        0     1                 
80200050 80200050        0     1                 
80200050 80200050        0     1                 
80200052 80200052        0     1                 
80200064 80200064        0     1                 
80200064 80200064        0     1                 
80200076 80200076        0     1                 
80200076 80200076        0     1                 
8020007a 8020007a        0     1                 
8020007a 8020007a        0     1                 
8020007e 8020007e        0     1                 
8020007e 8020007e        0     1                 
80200082 80200082        0     1                 
80200082 80200082        0     1                 
8020008c 8020008c        0     1                 
8020008c 8020008c        0     1                 
8020008e 8020008e        0     1                 
8020009a 8020009a        0     1                 
8020009a 8020009a        0     1                 
802000ae 802000ae        0     1                 
802000ae 802000ae        0     1                 .LBB0_1
802000b0 802000b0        0     1                 
802000b0 802000b0        0     1                 
802000b0 802000b0      388     4         /tmp/functions-9fa453.o:(.text)
802000b0 802000b0        0     1                 
802000b0 802000b0        0     1                 
802000b0 802000b0        0     1                 $x.0
802000b0 802000b0        0     1                 
802000b0 802000b0        6     1                 sbi_call
802000b4 802000b4        0     1                 
802000b6 802000b6        0     1                 
802000b6 802000b6        0     1                 
802000b6 802000b6        0     1                 
802000b6 802000b6       14     1                 putchar
802000c8 802000c8        0     1                 
802000ca 802000ca        0     1                 
802000ca 802000ca        0     1                 
802000ca 802000ca        0     1                 
802000ca 802000ca      262     1                 printf
802000e6 802000e6        0     1                 
8020010e 8020010e        0     1                 
80200112 80200112        0     1                 
80200116 80200116        0     1                 .LBB2_1
8020011a 8020011a        0     1                 
8020011a 8020011a        0     1                 
8020012c 8020012c        0     1                 
8020012c 8020012c        0     1                 .LBB2_3
8020012c 8020012c        0     1                 
8020012e 8020012e        0     1                 
80200132 80200132        0     1                 
80200136 80200136        0     1                 .LBB2_4
80200136 80200136        0     1                 
80200136 80200136        0     1                 
8020013a 8020013a        0     1                 
8020013e 8020013e        0     1                 
80200148 80200148        0     1                 
80200148 80200148        0     1                 
8020014c 8020014c        0     1                 
80200150 80200150        0     1                 
80200150 80200150        0     1                 .LBB2_7
80200150 80200150        0     1                 
80200154 80200154        0     1                 
80200154 80200154        0     1                 
80200166 80200166        0     1                 
80200166 80200166        0     1                 
8020016a 8020016a        0     1                 
8020016c 8020016c        0     1                 
8020016e 8020016e        0     1                 .LBB2_8
8020016e 8020016e        0     1                 
80200170 80200170        0     1                 
80200170 80200170        0     1                 
80200174 80200174        0     1                 
8020017a 8020017a        0     1                 .LBB2_9
8020017a 8020017a        0     1                 
8020017a 8020017a        0     1                 
8020017c 8020017c        0     1                 
8020017c 8020017c        0     1                 
80200180 80200180        0     1                 .LBB2_10
80200180 80200180        0     1                 
80200180 80200180        0     1                 
8020018a 8020018a        0     1                 
8020018a 8020018a        0     1                 
8020018e 8020018e        0     1                 
80200190 80200190        0     1                 
80200190 80200190        0     1                 .LBB2_12
80200192 80200192        0     1                 
80200192 80200192        0     1                 
80200196 80200196        0     1                 
80200196 80200196        0     1                 
8020019c 8020019c        0     1                 
8020019c 8020019c        0     1                 
802001a2 802001a2        0     1                 
802001a4 802001a4        0     1                 
802001a4 802001a4        0     1                 
802001aa 802001aa        0     1                 .LBB2_13
802001aa 802001aa        0     1                 
802001aa 802001aa        0     1                 
802001ac 802001ac        0     1                 .LBB2_14
802001ac 802001ac        0     1                 
802001ac 802001ac        0     1                 
802001b0 802001b0        0     1                 
802001b2 802001b2        0     1                 
802001b2 802001b2        0     1                 
802001b6 802001b6        0     1                 .LBB2_15
802001b6 802001b6        0     1                 
802001b8 802001b8        0     1                 
802001b8 802001b8        0     1                 
802001be 802001be        0     1                 
802001be 802001be        0     1                 
802001c6 802001c6        0     1                 
802001c6 802001c6        0     1                 
802001ca 802001ca        0     1                 
802001ca 802001ca        0     1                 
802001dc 802001dc        0     1                 
802001dc 802001dc        0     1                 
802001e0 802001e0        0     1                 .LBB2_16
802001e0 802001e0        0     1                 
802001e4 802001e4        0     1                 
802001e4 802001e4        0     1                 
802001f6 802001f6        0     1                 
802001f6 802001f6        0     1                 
802001fa 802001fa        0     1                 .LBB2_17
802001fa 802001fa        0     1                 
802001fa 802001fa        0     1                 
802001fe 802001fe        0     1                 
802001fe 802001fe        0     1                 
80200214 80200214        0     1                 
80200214 80200214        0     1                 
8020022a 8020022a        0     1                 
8020022a 8020022a        0     1                 
80200234 80200234        0     1                 
80200234 80200234        0     1                 
80200238 80200238        0     1                 
80200238 80200238        0     1                 
8020023a 8020023a        0     1                 
8020023e 8020023e        0     1                 
8020023e 8020023e        0     1                 
80200250 80200250        0     1                 
80200250 80200250        0     1                 
80200256 80200256        0     1                 
80200256 80200256        0     1                 
80200258 80200258        0     1                 
8020025c 8020025c        0     1                 
8020025c 8020025c        0     1                 
8020026e 8020026e        0     1                 
8020026e 8020026e        0     1                 
80200274 80200274        0     1                 
80200274 80200274        0     1                 
80200276 80200276        0     1                 
8020027a 8020027a        0     1                 
8020027a 8020027a        0     1                 
8020028c 8020028c        0     1                 
8020028c 8020028c        0     1                 
80200292 80200292        0     1                 
80200292 80200292        0     1                 
80200294 80200294        0     1                 
80200298 80200298        0     1                 
80200298 80200298        0     1                 
802002aa 802002aa        0     1                 
802002aa 802002aa        0     1                 
802002b0 802002b0        0     1                 
802002b0 802002b0        0     1                 
802002b2 802002b2        0     1                 
802002b6 802002b6        0     1                 
802002b6 802002b6        0     1                 
802002c8 802002c8        0     1                 
802002c8 802002c8        0     1                 
802002ce 802002ce        0     1                 
802002ce 802002ce        0     1                 
802002d0 802002d0        0     1                 
802002d4 802002d4        0     1                 
802002d4 802002d4        0     1                 
802002e6 802002e6        0     1                 
802002e6 802002e6        0     1                 
802002ec 802002ec        0     1                 
802002ec 802002ec        0     1                 
802002ee 802002ee        0     1                 
802002f2 802002f2        0     1                 
802002f2 802002f2        0     1                 
80200304 80200304        0     1                 
80200304 80200304        0     1                 
80200306 80200306        0     1                 
80200306 80200306        0     1                 
80200308 80200308        0     1                 
8020030c 8020030c        0     1                 
8020030c 8020030c        0     1                 
8020031e 8020031e        0     1                 
8020031e 8020031e        0     1                 
80200320 80200320        0     1                 .LBB2_19
80200320 80200320        0     1                 
80200328 80200328        0     1                 
8020032c 8020032c        0     1                 
8020032c 8020032c        0     1                 
8020032c 8020032c        0     1                 
8020032c 8020032c        0     1                 
8020032c 8020032c        0     1                 
8020032c 8020032c       44     1                 print_title
80200330 80200330        0     1                 
8020033a 8020033a        0     1                 
8020033a 8020033a        0     1                 
80200344 80200344        0     1                 
80200344 80200344        0     1                 
8020034e 8020034e        0     1                 
8020034e 8020034e        0     1                 
80200358 80200358        0     1                 
80200358 80200358        0     1                 
80200362 80200362        0     1                 
80200362 80200362        0     1                 
8020036c 8020036c        0     1                 
80200370 80200370        0     1                 
80200370 80200370        0     1                 
80200370 80200370        0     1                 
80200370 80200370        0     1                 
80200370 80200370        0     1                 
80200370 80200370        0     1                 
80200370 80200370        e     1                 initialize_stvec
80200378 80200378        0     1                 
8020037c 8020037c        0     1                 
8020037c 8020037c        0     1                 
8020037e 8020037e        0     1                 
8020037e 8020037e        0     1                 
80200380 80200380        0     1                 
80200380 80200380        0     1                 
80200380 80200380        0     1                 
80200380 80200380       90     1                 kernel_entry
80200410 80200410        0     1                 
80200410 80200410        0     1                 
80200410 80200410        0     1                 
80200410 80200410        0     1                 
80200410 80200410        0     1                 
80200410 80200410       28     1                 handle_trap
80200414 80200414        0     1                 
80200414 80200414        0     1                 
80200418 80200418        0     1                 
80200418 80200418        0     1                 
8020041c 8020041c        0     1                 
8020041c 8020041c        0     1                 
80200420 80200420        0     1                 
80200420 80200420        0     1                 
80200436 80200436        0     1                 
80200436 80200436        0     1                 .LBB6_1
80200438 80200438        0     1                 
80200438 80200438        0     1                 
80200438 80200438      56e     4 .rodata
80200438 80200438      56e     1         <internal>:(.rodata.str1.1)
802009a8 802009a8        0     4 .bss
802009a8 802009a8        0     1         __bss = .
802009a8 802009a8        0     1         __bss_end = .
802009a8 802009a8        0     1 . = ALIGN ( 4 )
802009a8 802009a8    20000     1 . += 128 * 1024
802209a8 802209a8        0     1 __stack_top = .
802209a8 802209a8      658     1 . = ALIGN ( 4096 )
80221000 80221000        0     1 __free_mem = .
80221000 80221000  4000000     1 . += 64 * 1024 * 1024
84221000 84221000        0     1 __free_mem_end = .
       0        0      4ae     1 .debug_loc
       0        0       43     1         /tmp/kernel-ab9957.o:(.debug_loc)
       0        0        0     1                 
       0        0        0     1                 $d.3
      1d       1d        0     1                 
      43       43      46b     1         /tmp/functions-9fa453.o:(.debug_loc)
      43       43        0     1                 
      43       43        0     1                 $d.2
      56       56        0     1                 
      69       69        0     1                 
      7c       7c        0     1                 
      90       90        0     1                 
      c4       c4        0     1                 
      d7       d7        0     1                 
      eb       eb        0     1                 
     116      116        0     1                 
     129      129        0     1                 
     13d      13d        0     1                 
     194      194        0     1                 
     1bd      1bd        0     1                 
     1d0      1d0        0     1                 
     1e4      1e4        0     1                 
     1f8      1f8        0     1                 
     20d      20d        0     1                 
     221      221        0     1                 
     235      235        0     1                 
     24a      24a        0     1                 
     2c7      2c7        0     1                 
     2da      2da        0     1                 
     33a      33a        0     1                 
     39a      39a        0     1                 
     3fa      3fa        0     1                 
     462      462        0     1                 
     475      475        0     1                 
     488      488        0     1                 
     49b      49b        0     1                 
       0        0      29b     1 .debug_abbrev
       0        0       dc     1         /tmp/kernel-ab9957.o:(.debug_abbrev)
       0        0        0     1                 $d.4
      dc       dc      1bf     1         /tmp/functions-9fa453.o:(.debug_abbrev)
      dc       dc        0     1                 $d.3
       0        0      b50     1 .debug_info
       0        0      269     1         /tmp/kernel-ab9957.o:(.debug_info)
       0        0        0     1                 $d.5
     269      269      8e7     1         /tmp/functions-9fa453.o:(.debug_info)
     269      269        0     1                 $d.4
       0        0       a8     1 .debug_ranges
       0        0       18     1         /tmp/kernel-ab9957.o:(.debug_ranges)
       0        0        0     1                 
       0        0        0     1                 $d.6
      18       18       90     1         /tmp/functions-9fa453.o:(.debug_ranges)
      18       18        0     1                 
      18       18        0     1                 $d.5
      60       60        0     1                 
       0        0      1ff     1 .debug_str
       0        0      1ff     1         <internal>:(.debug_str)
       0        0       7d     1 .comment
       0        0       7d     1         <internal>:(.comment)
       0        0       2b     1 .riscv.attributes
       0        0       2b     1         <internal>:(.riscv.attributes)
       0        0       dc     4 .debug_frame
       0        0       3c     4         /tmp/kernel-ab9957.o:(.debug_frame)
       0        0        0     1                 
       0        0        0     1                 $d.10
      3c       3c       a0     4         /tmp/functions-9fa453.o:(.debug_frame)
      3c       3c        0     1                 
      3c       3c        0     1                 $d.9
       0        0      415     1 .debug_line
       0        0       cb     1         /tmp/kernel-ab9957.o:(.debug_line)
       0        0        0     1                 .Lline_table_start0
       0        0        0     1                 $d.11
      cb       cb      34a     1         /tmp/functions-9fa453.o:(.debug_line)
      cb       cb        0     1                 .Lline_table_start0
      cb       cb        0     1                 $d.10
       0        0     1780     4 .symtab
       0        0     1780     4         <internal>:(.symtab)
       0        0       a0     1 .shstrtab
       0        0       a0     1         <internal>:(.shstrtab)
       0        0      121     1 .strtab
       0        0      121     1         <internal>:(.strtab)
