     VMA      LMA     Size Align Out     In      Symbol
       0        0 80200000     1 . = 0x80200000
80200000 80200000      178     2 .text
80200000 80200000        e     2         /tmp/kernel-b14678.o:(.text.boot)
80200000 80200000        0     1                 
80200000 80200000        0     1                 
80200000 80200000        0     1                 $x.1
80200000 80200000        0     1                 
80200000 80200000        e     1                 boot
8020000e 8020000e        0     1                 
8020000e 8020000e        0     1                 
8020000e 8020000e      16a     2         /tmp/kernel-b14678.o:(.text)
8020000e 8020000e        0     1                 
8020000e 8020000e        0     1                 
8020000e 8020000e        0     1                 $x.0
8020000e 8020000e        0     1                 
8020000e 8020000e        6     1                 sbi_call
80200012 80200012        0     1                 
80200014 80200014        0     1                 
80200014 80200014        0     1                 
80200014 80200014        0     1                 
80200014 80200014       14     1                 putchar
80200026 80200026        0     1                 
80200028 80200028        0     1                 
80200028 80200028        0     1                 
80200028 80200028        0     1                 
80200028 80200028      12a     1                 printf
80200040 80200040        0     1                 
8020005c 8020005c        0     1                 
80200060 80200060        0     1                 
80200064 80200064        0     1                 .LBB2_1
80200064 80200064        0     1                 
80200066 80200066        0     1                 
80200066 80200066        0     1                 
80200078 80200078        0     1                 
80200078 80200078        0     1                 
8020007a 8020007a        0     1                 
8020007a 8020007a        0     1                 .LBB2_3
8020007a 8020007a        0     1                 
8020007e 8020007e        0     1                 
8020007e 8020007e        0     1                 
80200082 80200082        0     1                 
80200082 80200082        0     1                 
80200094 80200094        0     1                 .LBB2_4
80200094 80200094        0     1                 
80200094 80200094        0     1                 
80200096 80200096        0     1                 
8020009a 8020009a        0     1                 
8020009e 8020009e        0     1                 .LBB2_5
8020009e 8020009e        0     1                 
8020009e 8020009e        0     1                 
802000a2 802000a2        0     1                 
802000a6 802000a6        0     1                 
802000b0 802000b0        0     1                 
802000b0 802000b0        0     1                 
802000b4 802000b4        0     1                 
802000b8 802000b8        0     1                 
802000b8 802000b8        0     1                 .LBB2_8
802000b8 802000b8        0     1                 
802000bc 802000bc        0     1                 
802000bc 802000bc        0     1                 
802000ce 802000ce        0     1                 
802000ce 802000ce        0     1                 
802000d2 802000d2        0     1                 
802000d4 802000d4        0     1                 
802000d6 802000d6        0     1                 .LBB2_9
802000d6 802000d6        0     1                 
802000d8 802000d8        0     1                 
802000d8 802000d8        0     1                 
802000dc 802000dc        0     1                 
802000e2 802000e2        0     1                 .LBB2_10
802000e2 802000e2        0     1                 
802000e2 802000e2        0     1                 
802000e4 802000e4        0     1                 
802000e4 802000e4        0     1                 
802000e8 802000e8        0     1                 .LBB2_11
802000e8 802000e8        0     1                 
802000e8 802000e8        0     1                 
802000f2 802000f2        0     1                 
802000f2 802000f2        0     1                 
802000f6 802000f6        0     1                 
802000f8 802000f8        0     1                 
802000f8 802000f8        0     1                 .LBB2_13
802000fa 802000fa        0     1                 
802000fa 802000fa        0     1                 
802000fe 802000fe        0     1                 
802000fe 802000fe        0     1                 
80200104 80200104        0     1                 
8020010a 8020010a        0     1                 
8020010c 8020010c        0     1                 
8020010c 8020010c        0     1                 
80200112 80200112        0     1                 .LBB2_14
80200112 80200112        0     1                 
80200112 80200112        0     1                 
80200114 80200114        0     1                 .LBB2_15
80200114 80200114        0     1                 
80200114 80200114        0     1                 
80200118 80200118        0     1                 
8020011a 8020011a        0     1                 
8020011a 8020011a        0     1                 
8020011e 8020011e        0     1                 .LBB2_16
8020011e 8020011e        0     1                 
80200120 80200120        0     1                 
80200126 80200126        0     1                 
8020012e 8020012e        0     1                 
8020012e 8020012e        0     1                 
80200132 80200132        0     1                 
80200132 80200132        0     1                 
80200144 80200144        0     1                 
80200144 80200144        0     1                 
8020014a 8020014a        0     1                 .LBB2_17
8020014a 8020014a        0     1                 
8020014a 8020014a        0     1                 
8020014e 8020014e        0     1                 
80200152 80200152        0     1                 
80200152 80200152        0     1                 
80200152 80200152        0     1                 
80200152 80200152        0     1                 
80200152 80200152        0     1                 
80200152 80200152       26     1                 kernel_main
80200156 80200156        0     1                 
80200172 80200172        0     1                 
80200172 80200172        0     1                 .LBB3_1
80200172 80200172        0     1                 
80200176 80200176        0     1                 
80200178 80200178        0     1                 
80200178 80200178        0     1                 
80200178 80200178       14     4 .rodata
80200178 80200178       14     1         <internal>:(.rodata.str1.1)
8020018c 8020018c        0     4 .bss
8020018c 8020018c        0     1         __bss = .
8020018c 8020018c        0     1         __bss_end = .
8020018c 8020018c        0     1 . = ALIGN ( 4 )
8020018c 8020018c    20000     1 . += 128 * 1024
8022018c 8022018c        0     1 __stack_top = .
       0        0      275     1 .debug_loc
       0        0      275     1         /tmp/kernel-b14678.o:(.debug_loc)
       0        0        0     1                 
       0        0        0     1                 $d.3
      1b       1b        0     1                 
      36       36        0     1                 
      51       51        0     1                 
      6e       6e        0     1                 
      aa       aa        0     1                 
      c5       c5        0     1                 
      e0       e0        0     1                 
      fd       fd        0     1                 
     169      169        0     1                 
     186      186        0     1                 
     1a1      1a1        0     1                 
     1d4      1d4        0     1                 
     1ef      1ef        0     1                 
     20c      20c        0     1                 
     23d      23d        0     1                 
     258      258        0     1                 
       0        0      1a2     1 .debug_abbrev
       0        0      1a2     1         /tmp/kernel-b14678.o:(.debug_abbrev)
       0        0        0     1                 $d.4
       0        0      57f     1 .debug_info
       0        0      57f     1         /tmp/kernel-b14678.o:(.debug_info)
       0        0        0     1                 $d.5
       0        0       30     1 .debug_ranges
       0        0       30     1         /tmp/kernel-b14678.o:(.debug_ranges)
       0        0        0     1                 
       0        0        0     1                 $d.6
      18       18        0     1                 
       0        0      17b     1 .debug_str
       0        0      17b     1         <internal>:(.debug_str)
       0        0       7d     1 .comment
       0        0       7d     1         <internal>:(.comment)
       0        0       2b     1 .riscv.attributes
       0        0       2b     1         <internal>:(.riscv.attributes)
       0        0       74     4 .debug_frame
       0        0       74     4         /tmp/kernel-b14678.o:(.debug_frame)
       0        0        0     1                 
       0        0        0     1                 $d.10
       0        0      207     1 .debug_line
       0        0      207     1         /tmp/kernel-b14678.o:(.debug_line)
       0        0        0     1                 .Lline_table_start0
       0        0        0     1                 $d.11
       0        0      b80     4 .symtab
       0        0      b80     4         <internal>:(.symtab)
       0        0       a0     1 .shstrtab
       0        0       a0     1         <internal>:(.shstrtab)
       0        0       8d     1 .strtab
       0        0       8d     1         <internal>:(.strtab)
