     VMA      LMA     Size Align Out     In      Symbol
       0        0 80200000     1 . = 0x80200000
80200000        0        0     1 __kernel_base = .
80200000 80200000      bb0     4 .text
80200000 80200000        e     2         /tmp/kernel-9867ae.o:(.text.boot)
80200000 80200000        0     1                 .L0 
80200000 80200000        0     1                 .L0 
80200000 80200000        0     1                 $x
80200000 80200000        0     1                 .L0 
80200000 80200000        e     1                 boot
8020000e 8020000e        0     1                 .L0 
8020000e 8020000e        0     1                 .L0 
8020000e 8020000e       96     2         /tmp/kernel-9867ae.o:(.text)
8020000e 8020000e        0     1                 .L0 
8020000e 8020000e        0     1                 .L0 
8020000e 8020000e        0     1                 $x
8020000e 8020000e        0     1                 .L0 
8020000e 8020000e       24     1                 process_a_entry
80200016 80200016        0     1                 .L0 
80200020 80200020        0     1                 .L0 
80200026 80200026        0     1                 .L0 
8020002e 8020002e        0     1                 .L0 
80200032 80200032        0     1                 .L0 
80200032 80200032        0     1                 .L0 
80200032 80200032        0     1                 .L0 
80200032 80200032        0     1                 .L0 
80200032 80200032        0     1                 .L0 
80200032 80200032       1e     1                 process_b_entry
8020003a 8020003a        0     1                 .L0 
80200044 80200044        0     1                 .L0 
8020004c 8020004c        0     1                 .L0 
80200050 80200050        0     1                 .L0 
80200050 80200050        0     1                 .L0 
80200050 80200050        0     1                 .L0 
80200050 80200050        0     1                 .L0 
80200050 80200050        0     1                 .L0 
80200050 80200050       54     1                 kernel_main
80200058 80200058        0     1                 .L0 
8020005a 8020005a        0     1                 .L0 
80200064 80200064        0     1                 .L0 
80200066 80200066        0     1                 .L0 
80200078 80200078        0     1                 .L0 
80200080 80200080        0     1                 .L0 
80200084 80200084        0     1                 .L0 
80200088 80200088        0     1                 .L0 
8020008a 8020008a        0     1                 .L0 
8020008a 8020008a        0     1                 .L0 
802000a2 802000a2        0     1                 .L0 
802000a4 802000a4        0     1                 .L0 
802000a4 802000a4        0     1                 .L0 
802000a4 802000a4      b0c     4         /tmp/functions-c3d303.o:(.text)
802000a4 802000a4        0     1                 .L0 
802000a4 802000a4        0     1                 .L0 
802000a4 802000a4        0     1                 $x
802000a4 802000a4        0     1                 .L0 
802000a4 802000a4       b4     1                 sbi_call
802000cc 802000cc        0     1                 .L0 
802000d0 802000d0        0     1                 .L0 
802000d4 802000d4        0     1                 .L0 
802000d8 802000d8        0     1                 .L0 
802000dc 802000dc        0     1                 .L0 
802000e0 802000e0        0     1                 .L0 
802000e4 802000e4        0     1                 .L0 
802000e8 802000e8        0     1                 .L0 
802000ec 802000ec        0     1                 .L0 
802000f0 802000f0        0     1                 .L0 
802000f4 802000f4        0     1                 .L0 
802000f8 802000f8        0     1                 .L0 
802000fc 802000fc        0     1                 .L0 
80200100 80200100        0     1                 .L0 
80200104 80200104        0     1                 .L0 
80200108 80200108        0     1                 .L0 
8020010c 8020010c        0     1                 .L0 
80200110 80200110        0     1                 .L0 
80200114 80200114        0     1                 .L0 
80200118 80200118        0     1                 .L0 
8020011c 8020011c        0     1                 .L0 
80200120 80200120        0     1                 .L0 
80200124 80200124        0     1                 .L0 
80200128 80200128        0     1                 .L0 
8020012c 8020012c        0     1                 .L0 
80200138 80200138        0     1                 .L0 
8020013c 8020013c        0     1                 .L0 
80200140 80200140        0     1                 .L0 
80200144 80200144        0     1                 .L0 
80200148 80200148        0     1                 .L0 
80200154 80200154        0     1                 .L0 
80200158 80200158        0     1                 .L0 
80200158 80200158        0     1                 .L0 
80200158 80200158        0     1                 .L0 
80200158 80200158       30     1                 putchar
80200164 80200164        0     1                 .L0 
8020016c 8020016c        0     1                 .L0 
80200184 80200184        0     1                 .L0 
80200188 80200188        0     1                 .L0 
80200188 80200188        0     1                 .L0 
80200188 80200188        0     1                 .L0 
80200188 80200188        0     1                 .L0 
80200188 80200188        0     1                 .L0 
80200188 80200188      21e     1                 printf
802001aa 802001aa        0     1                 .L0 
802001ae 802001ae        0     1                 .L0 
802001b0 802001b0        0     1                 .L0 
802001b0 802001b0        0     1                 .L0 
802001b4 802001b4        0     1                 .L0 
802001b8 802001b8        0     1                 .L0 
802001be 802001be        0     1                 .L0 
802001be 802001be        0     1                 .L0 
802001c2 802001c2        0     1                 .L0 
802001ca 802001ca        0     1                 .L0 
802001d0 802001d0        0     1                 .L0 
802001d0 802001d0        0     1                 .L0 
802001da 802001da        0     1                 .L0 
802001de 802001de        0     1                 .L0 
802001e6 802001e6        0     1                 .L0 
802001ec 802001ec        0     1                 .L0 
802001ec 802001ec        0     1                 .L0 
802001fa 802001fa        0     1                 .L0 
802001fe 802001fe        0     1                 .L0 
80200200 80200200        0     1                 .L0 
80200200 80200200        0     1                 .L0 
80200204 80200204        0     1                 .L0 
80200208 80200208        0     1                 .L0 
8020020c 8020020c        0     1                 .L0 
8020020c 8020020c        0     1                 .L0 
80200210 80200210        0     1                 .L0 
80200214 80200214        0     1                 .L0 
80200216 80200216        0     1                 .L0 
80200220 80200220        0     1                 .L0 
80200222 80200222        0     1                 .L0 
80200222 80200222        0     1                 .L0 
80200224 80200224        0     1                 .L0 
80200224 80200224        0     1                 .L0 
80200228 80200228        0     1                 .L0 
80200230 80200230        0     1                 .L0 
80200236 80200236        0     1                 .L0 
80200236 80200236        0     1                 .L0 
80200236 80200236        0     1                 .L0 
80200244 80200244        0     1                 .L0 
8020024a 8020024a        0     1                 .L0 
8020024e 8020024e        0     1                 .L0 
80200250 80200250        0     1                 .L0 
80200250 80200250        0     1                 .L0 
80200256 80200256        0     1                 .L0 
8020025c 8020025c        0     1                 .L0 
8020025c 8020025c        0     1                 .L0 
80200262 80200262        0     1                 .L0 
80200266 80200266        0     1                 .L0 
80200272 80200272        0     1                 .L0 
8020027e 8020027e        0     1                 .L0 
80200280 80200280        0     1                 .L0 
80200284 80200284        0     1                 .L0 
80200292 80200292        0     1                 .L0 
80200294 80200294        0     1                 .L0 
80200294 80200294        0     1                 .L0 
8020029a 8020029a        0     1                 .L0 
8020029e 8020029e        0     1                 .L0 
802002a2 802002a2        0     1                 .L0 
802002a4 802002a4        0     1                 .L0 
802002a8 802002a8        0     1                 .L0 
802002aa 802002aa        0     1                 .L0 
802002aa 802002aa        0     1                 .L0 
802002b0 802002b0        0     1                 .L0 
802002b6 802002b6        0     1                 .L0 
802002b6 802002b6        0     1                 .L0 
802002c6 802002c6        0     1                 .L0 
802002d4 802002d4        0     1                 .L0 
802002d8 802002d8        0     1                 .L0 
802002dc 802002dc        0     1                 .L0 
802002e0 802002e0        0     1                 .L0 
802002ea 802002ea        0     1                 .L0 
802002f8 802002f8        0     1                 .L0 
802002fa 802002fa        0     1                 .L0 
802002fa 802002fa        0     1                 .L0 
802002fe 802002fe        0     1                 .L0 
80200302 80200302        0     1                 .L0 
80200308 80200308        0     1                 .L0 
8020030a 8020030a        0     1                 .L0 
8020030a 8020030a        0     1                 .L0 
8020030a 8020030a        0     1                 .L0 
8020030e 8020030e        0     1                 .L0 
80200316 80200316        0     1                 .L0 
8020031c 8020031c        0     1                 .L0 
8020031c 8020031c        0     1                 .L0 
80200320 80200320        0     1                 .L0 
80200320 80200320        0     1                 .L0 
80200326 80200326        0     1                 .L0 
80200328 80200328        0     1                 .L0 
80200336 80200336        0     1                 .L0 
8020033c 8020033c        0     1                 .L0 
8020033c 8020033c        0     1                 .L0 
80200340 80200340        0     1                 .L0 
80200342 80200342        0     1                 .L0 
80200342 80200342        0     1                 .L0 
80200346 80200346        0     1                 .L0 
8020034c 8020034c        0     1                 .L0 
8020034c 8020034c        0     1                 .L0 
8020034c 8020034c        0     1                 .L0 
80200350 80200350        0     1                 .L0 
80200354 80200354        0     1                 .L0 
80200356 80200356        0     1                 .L0 
8020035a 8020035a        0     1                 .L0 
8020035c 8020035c        0     1                 .L0 
80200360 80200360        0     1                 .L0 
80200364 80200364        0     1                 .L0 
80200372 80200372        0     1                 .L0 
80200374 80200374        0     1                 .L0 
80200376 80200376        0     1                 .L0 
80200376 80200376        0     1                 .L0 
80200376 80200376        0     1                 .L0 
80200380 80200380        0     1                 .L0 
80200382 80200382        0     1                 .L0 
80200382 80200382        0     1                 .L0 
80200382 80200382        0     1                 .L0 
80200384 80200384        0     1                 .L0 
80200384 80200384        0     1                 .L0 
80200384 80200384        0     1                 .L0 
80200386 80200386        0     1                 .L0 
80200386 80200386        0     1                 .L0 
8020038a 8020038a        0     1                 .L0 
8020038e 8020038e        0     1                 .L0 
80200392 80200392        0     1                 .L0 
80200392 80200392        0     1                 .L0 
8020039c 8020039c        0     1                 .L0 
8020039e 8020039e        0     1                 .L0 
8020039e 8020039e        0     1                 .L0 
802003a2 802003a2        0     1                 .L0 
802003a6 802003a6        0     1                 .L0 
802003a6 802003a6        0     1                 .L0 
802003a6 802003a6        0     1                 .L0 
802003a6 802003a6        0     1                 .L0 
802003a6 802003a6        0     1                 .L0 
802003a6 802003a6       88     1                 print_title
802003ae 802003ae        0     1                 .L0 
802003bc 802003bc        0     1                 .L0 
802003c6 802003c6        0     1                 .L0 
802003d0 802003d0        0     1                 .L0 
802003da 802003da        0     1                 .L0 
802003e4 802003e4        0     1                 .L0 
802003ee 802003ee        0     1                 .L0 
802003fc 802003fc        0     1                 .L0 
802003fe 802003fe        0     1                 .L0 
80200408 80200408        0     1                 .L0 
80200412 80200412        0     1                 .L0 
8020041c 8020041c        0     1                 .L0 
8020042a 8020042a        0     1                 .L0 
8020042e 8020042e        0     1                 .L0 
8020042e 8020042e        0     1                 .L0 
8020042e 8020042e        0     1                 .L0 
8020042e 8020042e        0     1                 .L0 
8020042e 8020042e        0     1                 .L0 
8020042e 8020042e       24     1                 initialize_stvec
80200436 80200436        0     1                 .L0 
80200436 80200436        0     1                 .L0 
8020044e 8020044e        0     1                 .L0 
8020044e 8020044e        0     1                 .L0 
80200452 80200452        0     1                 .L0 
80200452 80200452        0     1                 .L0 
80200454 80200454        0     1                 .L0 
80200454 80200454        0     1                 .L0 
80200454 80200454        0     1                 .L0 
80200454 80200454       90     1                 kernel_entry
802004e4 802004e4        0     1                 .L0 
802004e4 802004e4        0     1                 .L0 
802004e4 802004e4        0     1                 .L0 
802004e4 802004e4        0     1                 .L0 
802004e4 802004e4        0     1                 .L0 
802004e4 802004e4       aa     1                 handle_trap
802004ec 802004ec        0     1                 .L0 
802004ec 802004ec        0     1                 .L0 
80200500 80200500        0     1                 .L0 
80200504 80200504        0     1                 .L0 
80200504 80200504        0     1                 .L0 
80200518 80200518        0     1                 .L0 
8020051c 8020051c        0     1                 .L0 
8020051c 8020051c        0     1                 .L0 
80200530 80200530        0     1                 .L0 
80200534 80200534        0     1                 .L0 
80200538 80200538        0     1                 .L0 
8020053a 8020053a        0     1                 .L0 
8020053e 8020053e        0     1                 .L0 
80200548 80200548        0     1                 .L0 
8020054c 8020054c        0     1                 .L0 
8020055c 8020055c        0     1                 .L0 
80200566 80200566        0     1                 .L0 
80200568 80200568        0     1                 .L0 
80200568 80200568        0     1                 .L0 
8020058c 8020058c        0     1                 .L0 
8020058e 8020058e        0     1                 .L0 
8020058e 8020058e        0     1                 .L0 
8020058e 8020058e        0     1                 .L0 
8020058e 8020058e        0     1                 .L0 
8020058e 8020058e        0     1                 .L0 
8020058e 8020058e       3e     1                 malloc
8020059a 8020059a        0     1                 .L0 
802005a2 802005a2        0     1                 .L0 
802005a6 802005a6        0     1                 .L0 
802005aa 802005aa        0     1                 .L0 
802005b4 802005b4        0     1                 .L0 
802005b8 802005b8        0     1                 .L0 
802005be 802005be        0     1                 .L0 
802005c0 802005c0        0     1                 .L0 
802005c8 802005c8        0     1                 .L0 
802005cc 802005cc        0     1                 .L0 
802005cc 802005cc        0     1                 .L0 
802005cc 802005cc        0     1                 .L0 
802005cc 802005cc        0     1                 .L0 
802005cc 802005cc        0     1                 .L0 
802005cc 802005cc       5e     1                 memset
802005e0 802005e0        0     1                 .L0 
802005e4 802005e4        0     1                 .L0 
802005ea 802005ea        0     1                 .L0 
802005ea 802005ea        0     1                 .L0 
802005ee 802005ee        0     1                 .L0 
802005f0 802005f0        0     1                 .L0 
802005f0 802005f0        0     1                 .L0 
802005f4 802005f4        0     1                 .L0 
802005f8 802005f8        0     1                 .L0 
802005fe 802005fe        0     1                 .L0 
802005fe 802005fe        0     1                 .L0 
80200602 80200602        0     1                 .L0 
80200606 80200606        0     1                 .L0 
8020060a 8020060a        0     1                 .L0 
80200614 80200614        0     1                 .L0 
80200616 80200616        0     1                 .L0 
80200616 80200616        0     1                 .L0 
80200620 80200620        0     1                 .L0 
80200622 80200622        0     1                 .L0 
80200622 80200622        0     1                 .L0 
80200622 80200622        0     1                 .L0 
80200626 80200626        0     1                 .L0 
8020062a 8020062a        0     1                 .L0 
8020062a 8020062a        0     1                 .L0 
8020062a 8020062a        0     1                 .L0 
8020062a 8020062a        0     1                 .L0 
8020062a 8020062a        0     1                 .L0 
8020062a 8020062a       46     1                 malloc_pages
80200636 80200636        0     1                 .L0 
8020063e 8020063e        0     1                 .L0 
80200642 80200642        0     1                 .L0 
80200646 80200646        0     1                 .L0 
8020064a 8020064a        0     1                 .L0 
80200654 80200654        0     1                 .L0 
80200658 80200658        0     1                 .L0 
8020065c 8020065c        0     1                 .L0 
80200662 80200662        0     1                 .L0 
80200664 80200664        0     1                 .L0 
8020066c 8020066c        0     1                 .L0 
80200670 80200670        0     1                 .L0 
80200670 80200670        0     1                 .L0 
80200670 80200670        0     1                 .L0 
80200670 80200670        0     1                 .L0 
80200670 80200670        0     1                 .L0 
80200670 80200670       64     1                 memcpy
80200684 80200684        0     1                 .L0 
80200688 80200688        0     1                 .L0 
8020068c 8020068c        0     1                 .L0 
80200690 80200690        0     1                 .L0 
80200694 80200694        0     1                 .L0 
80200696 80200696        0     1                 .L0 
80200696 80200696        0     1                 .L0 
802006a2 802006a2        0     1                 .L0 
802006a6 802006a6        0     1                 .L0 
802006a6 802006a6        0     1                 .L0 
802006b2 802006b2        0     1                 .L0 
802006b6 802006b6        0     1                 .L0 
802006c2 802006c2        0     1                 .L0 
802006c6 802006c6        0     1                 .L0 
802006c8 802006c8        0     1                 .L0 
802006c8 802006c8        0     1                 .L0 
802006d0 802006d0        0     1                 .L0 
802006d4 802006d4        0     1                 .L0 
802006d4 802006d4        0     1                 .L0 
802006d4 802006d4        0     1                 .L0 
802006d4 802006d4        0     1                 .L0 
802006d4 802006d4        0     1                 .L0 
802006d4 802006d4       46     1                 switch_context
8020071a 8020071a        0     1                 .L0 
8020071a 8020071a        0     1                 .L0 
8020071a 8020071a        0     1                 .L0 
8020071a 8020071a       32     1                 user_entry
80200724 80200724        0     1                 .L0 
8020072c 8020072c        0     1                 .L0 
80200730 80200730        0     1                 .L0 
80200734 80200734        0     1                 .L0 
80200738 80200738        0     1                 .L0 
80200748 80200748        0     1                 .L0 
8020074c 8020074c        0     1                 .L0 
8020074c 8020074c        0     1                 .L0 
8020074c 8020074c        0     1                 .L0 
8020074c 8020074c      2a8     1                 create_process
8020075c 8020075c        0     1                 .L0 
80200760 80200760        0     1                 .L0 
8020076c 8020076c        0     1                 .L0 
80200770 80200770        0     1                 .L0 
80200772 80200772        0     1                 .L0 
80200772 80200772        0     1                 .L0 
80200778 80200778        0     1                 .L0 
8020077e 8020077e        0     1                 .L0 
8020077e 8020077e        0     1                 .L0 
80200786 80200786        0     1                 .L0 
80200794 80200794        0     1                 .L0 
80200796 80200796        0     1                 .L0 
8020079a 8020079a        0     1                 .L0 
8020079a 8020079a        0     1                 .L0 
802007a2 802007a2        0     1                 .L0 
802007b0 802007b0        0     1                 .L0 
802007b4 802007b4        0     1                 .L0 
802007b6 802007b6        0     1                 .L0 
802007b6 802007b6        0     1                 .L0 
802007b8 802007b8        0     1                 .L0 
802007b8 802007b8        0     1                 .L0 
802007c2 802007c2        0     1                 .L0 
802007c4 802007c4        0     1                 .L0 
802007c4 802007c4        0     1                 .L0 
802007ca 802007ca        0     1                 .L0 
802007d0 802007d0        0     1                 .L0 
802007d0 802007d0        0     1                 .L0 
802007d2 802007d2        0     1                 .L0 
802007d2 802007d2        0     1                 .L0 
802007ea 802007ea        0     1                 .L0 
802007ec 802007ec        0     1                 .L0 
802007ec 802007ec        0     1                 .L0 
802007f0 802007f0        0     1                 .L0 
802007f4 802007f4        0     1                 .L0 
802007f8 802007f8        0     1                 .L0 
802007fa 802007fa        0     1                 .L0 
802007fe 802007fe        0     1                 .L0 
802007fe 802007fe        0     1                 .L0 
8020080a 8020080a        0     1                 .L0 
8020080c 8020080c        0     1                 .L0 
8020080c 8020080c        0     1                 .L0 
80200810 80200810        0     1                 .L0 
80200818 80200818        0     1                 .L0 
8020081e 8020081e        0     1                 .L0 
8020081e 8020081e        0     1                 .L0 
80200822 80200822        0     1                 .L0 
80200828 80200828        0     1                 .L0 
8020082c 8020082c        0     1                 .L0 
8020082e 8020082e        0     1                 .L0 
8020082e 8020082e        0     1                 .L0 
8020083a 8020083a        0     1                 .L0 
8020083c 8020083c        0     1                 .L0 
8020083c 8020083c        0     1                 .L0 
8020083c 8020083c        0     1                 .L0 
80200846 80200846        0     1                 .L0 
8020084a 8020084a        0     1                 .L0 
8020085c 8020085c        0     1                 .L0 
80200860 80200860        0     1                 .L0 
8020086c 8020086c        0     1                 .L0 
80200870 80200870        0     1                 .L0 
8020087c 8020087c        0     1                 .L0 
80200880 80200880        0     1                 .L0 
8020088c 8020088c        0     1                 .L0 
80200890 80200890        0     1                 .L0 
8020089c 8020089c        0     1                 .L0 
802008a0 802008a0        0     1                 .L0 
802008ac 802008ac        0     1                 .L0 
802008b0 802008b0        0     1                 .L0 
802008bc 802008bc        0     1                 .L0 
802008c0 802008c0        0     1                 .L0 
802008cc 802008cc        0     1                 .L0 
802008d0 802008d0        0     1                 .L0 
802008dc 802008dc        0     1                 .L0 
802008e0 802008e0        0     1                 .L0 
802008ec 802008ec        0     1                 .L0 
802008f0 802008f0        0     1                 .L0 
802008fc 802008fc        0     1                 .L0 
80200900 80200900        0     1                 .L0 
8020090c 8020090c        0     1                 .L0 
80200910 80200910        0     1                 .L0 
8020091c 8020091c        0     1                 .L0 
80200928 80200928        0     1                 .L0 
80200928 80200928        0     1                 .L0 
8020092c 8020092c        0     1                 .L0 
8020092e 8020092e        0     1                 .L0 
8020092e 8020092e        0     1                 .L0 
80200932 80200932        0     1                 .L0 
80200936 80200936        0     1                 .L0 
8020093c 8020093c        0     1                 .L0 
8020093c 8020093c        0     1                 .L0 
8020093e 8020093e        0     1                 .L0 
8020093e 8020093e        0     1                 .L0 
80200940 80200940        0     1                 .L0 
80200944 80200944        0     1                 .L0 
80200948 80200948        0     1                 .L0 
8020094c 8020094c        0     1                 .L0 
8020094e 8020094e        0     1                 .L0 
80200950 80200950        0     1                 .L0 
80200954 80200954        0     1                 .L0 
80200954 80200954        0     1                 .L0 
80200958 80200958        0     1                 .L0 
8020095c 8020095c        0     1                 .L0 
8020095e 8020095e        0     1                 .L0 
80200962 80200962        0     1                 .L0 
80200964 80200964        0     1                 .L0 
80200964 80200964        0     1                 .L0 
80200966 80200966        0     1                 .L0 
8020096c 8020096c        0     1                 .L0 
8020096c 8020096c        0     1                 .L0 
80200970 80200970        0     1                 .L0 
80200974 80200974        0     1                 .L0 
80200978 80200978        0     1                 .L0 
8020097a 8020097a        0     1                 .L0 
8020097e 8020097e        0     1                 .L0 
80200980 80200980        0     1                 .L0 
80200984 80200984        0     1                 .L0 
8020098c 8020098c        0     1                 .L0 
8020098e 8020098e        0     1                 .L0 
80200994 80200994        0     1                 .L0 
80200996 80200996        0     1                 .L0 
80200998 80200998        0     1                 .L0 
80200998 80200998        0     1                 .L0 
80200998 80200998        0     1                 .L0 
802009a4 802009a4        0     1                 .L0 
802009a6 802009a6        0     1                 .L0 
802009a6 802009a6        0     1                 .L0 
802009a6 802009a6        0     1                 .L0 
802009aa 802009aa        0     1                 .L0 
802009ae 802009ae        0     1                 .L0 
802009b0 802009b0        0     1                 .L0 
802009b4 802009b4        0     1                 .L0 
802009b8 802009b8        0     1                 .L0 
802009ba 802009ba        0     1                 .L0 
802009c0 802009c0        0     1                 .L0 
802009c2 802009c2        0     1                 .L0 
802009c8 802009c8        0     1                 .L0 
802009ca 802009ca        0     1                 .L0 
802009d4 802009d4        0     1                 .L0 
802009e2 802009e2        0     1                 .L0 
802009e6 802009e6        0     1                 .L0 
802009e8 802009e8        0     1                 .L0 
802009f0 802009f0        0     1                 .L0 
802009f4 802009f4        0     1                 .L0 
802009f4 802009f4        0     1                 .L0 
802009f4 802009f4        0     1                 .L0 
802009f4 802009f4        0     1                 .L0 
802009f4 802009f4        0     1                 .L0 
802009f4 802009f4       a2     1                 map_page
80200a0c 80200a0c        0     1                 .L0 
80200a10 80200a10        0     1                 .L0 
80200a12 80200a12        0     1                 .L0 
80200a16 80200a16        0     1                 .L0 
80200a1a 80200a1a        0     1                 .L0 
80200a1e 80200a1e        0     1                 .L0 
80200a22 80200a22        0     1                 .L0 
80200a26 80200a26        0     1                 .L0 
80200a2a 80200a2a        0     1                 .L0 
80200a30 80200a30        0     1                 .L0 
80200a32 80200a32        0     1                 .L0 
80200a36 80200a36        0     1                 .L0 
80200a36 80200a36        0     1                 .L0 
80200a38 80200a38        0     1                 .L0 
80200a3a 80200a3a        0     1                 .L0 
80200a3e 80200a3e        0     1                 .L0 
80200a42 80200a42        0     1                 .L0 
80200a46 80200a46        0     1                 .L0 
80200a48 80200a48        0     1                 .L0 
80200a4c 80200a4c        0     1                 .L0 
80200a50 80200a50        0     1                 .L0 
80200a54 80200a54        0     1                 .L0 
80200a56 80200a56        0     1                 .L0 
80200a58 80200a58        0     1                 .L0 
80200a58 80200a58        0     1                 .L0 
80200a5c 80200a5c        0     1                 .L0 
80200a60 80200a60        0     1                 .L0 
80200a66 80200a66        0     1                 .L0 
80200a6a 80200a6a        0     1                 .L0 
80200a6e 80200a6e        0     1                 .L0 
80200a72 80200a72        0     1                 .L0 
80200a76 80200a76        0     1                 .L0 
80200a7a 80200a7a        0     1                 .L0 
80200a7c 80200a7c        0     1                 .L0 
80200a80 80200a80        0     1                 .L0 
80200a84 80200a84        0     1                 .L0 
80200a88 80200a88        0     1                 .L0 
80200a8c 80200a8c        0     1                 .L0 
80200a92 80200a92        0     1                 .L0 
80200a96 80200a96        0     1                 .L0 
80200a96 80200a96        0     1                 .L0 
80200a96 80200a96        0     1                 .L0 
80200a96 80200a96        0     1                 .L0 
80200a96 80200a96        0     1                 .L0 
80200a96 80200a96       2e     1                 initialize_processes
80200aa0 80200aa0        0     1                 .L0 
80200aa4 80200aa4        0     1                 .L0 
80200aa8 80200aa8        0     1                 .L0 
80200aae 80200aae        0     1                 .L0 
80200ab0 80200ab0        0     1                 .L0 
80200ab4 80200ab4        0     1                 .L0 
80200ac0 80200ac0        0     1                 .L0 
80200ac4 80200ac4        0     1                 .L0 
80200ac4 80200ac4        0     1                 .L0 
80200ac4 80200ac4        0     1                 .L0 
80200ac4 80200ac4        0     1                 .L0 
80200ac4 80200ac4        0     1                 .L0 
80200ac4 80200ac4       ec     1                 yield
80200acc 80200acc        0     1                 .L0 
80200ad8 80200ad8        0     1                 .L0 
80200ae0 80200ae0        0     1                 .L0 
80200ae6 80200ae6        0     1                 .L0 
80200ae6 80200ae6        0     1                 .L0 
80200aea 80200aea        0     1                 .L0 
80200aec 80200aec        0     1                 .L0 
80200aec 80200aec        0     1                 .L0 
80200af2 80200af2        0     1                 .L0 
80200af8 80200af8        0     1                 .L0 
80200af8 80200af8        0     1                 .L0 
80200b00 80200b00        0     1                 .L0 
80200b0e 80200b0e        0     1                 .L0 
80200b12 80200b12        0     1                 .L0 
80200b18 80200b18        0     1                 .L0 
80200b18 80200b18        0     1                 .L0 
80200b1c 80200b1c        0     1                 .L0 
80200b24 80200b24        0     1                 .L0 
80200b26 80200b26        0     1                 .L0 
80200b2c 80200b2c        0     1                 .L0 
80200b2c 80200b2c        0     1                 .L0 
80200b34 80200b34        0     1                 .L0 
80200b42 80200b42        0     1                 .L0 
80200b46 80200b46        0     1                 .L0 
80200b48 80200b48        0     1                 .L0 
80200b48 80200b48        0     1                 .L0 
80200b4a 80200b4a        0     1                 .L0 
80200b4a 80200b4a        0     1                 .L0 
80200b54 80200b54        0     1                 .L0 
80200b56 80200b56        0     1                 .L0 
80200b56 80200b56        0     1                 .L0 
80200b56 80200b56        0     1                 .L0 
80200b5e 80200b5e        0     1                 .L0 
80200b62 80200b62        0     1                 .L0 
80200b66 80200b66        0     1                 .L0 
80200b6a 80200b6a        0     1                 .L0 
80200b6e 80200b6e        0     1                 .L0 
80200b70 80200b70        0     1                 .L0 
80200b76 80200b76        0     1                 .L0 
80200b78 80200b78        0     1                 .L0 
80200b7c 80200b7c        0     1                 .L0 
80200b80 80200b80        0     1                 .L0 
80200b8a 80200b8a        0     1                 .L0 
80200b9a 80200b9a        0     1                 .L0 
80200b9e 80200b9e        0     1                 .L0 
80200ba0 80200ba0        0     1                 .L0 
80200ba4 80200ba4        0     1                 .L0 
80200ba6 80200ba6        0     1                 .L0 
80200bac 80200bac        0     1                 .L0 
80200bb0 80200bb0        0     1                 .L0 
80200bb0 80200bb0        0     1                 .L0 
80200bb0 80200bb0      780     4 .rodata
80200bb0 80200bb0      780     1         <internal>:(.rodata.str1.1)
80201330 80201330    200b8     4 .data
80201330 80201330       88     4         /tmp/functions-c3d303.o:(.data)
80201330 80201330        0     1                 $d
80201330 80201330       88     1                 exception_cause
802013b8 802013b8    20030     1         ./process/user.bin.o:(.data)
802013b8 802013b8        0     1                 _binary___process_user_bin_start
802213e8 802213e8        0     1                 _binary___process_user_bin_end
802213e8 802213e8        4     4 .sdata
802213e8 802213e8        4     4         /tmp/functions-c3d303.o:(.sdata)
802213e8 802213e8        0     1                 $d
802213e8 802213e8        4     1                 next_address
802213ec 802213ec    140d0     4 .bss
802213ec 802213ec        0     1         __bss = .
802213ec 802213ec        4     4         /tmp/kernel-9867ae.o:(.sbss)
802213ec 802213ec        0     1                 $d
802213ec 802213ec        4     1                 proc_app
802213f0 802213f0    140c8     4         /tmp/functions-c3d303.o:(.bss)
802213f0 802213f0        0     1                 $d
802213f0 802213f0    140c8     1                 procs
802354b8 802354b8        4     4         /tmp/functions-c3d303.o:(.sbss)
802354b8 802354b8        0     1                 $d
802354b8 802354b8        4     1                 current_process
802354bc 802354bc        0     1         __bss_end = .
802354bc 802354bc        0     1 . = ALIGN ( 4 )
802354bc 802354bc    20000     1 . += 128 * 1024
802554bc 802554bc        0     1 __stack_top = .
802554bc 802554bc      b44     1 . = ALIGN ( 4096 )
80256000 80256000        0     1 __free_mem = .
80256000 80256000  4000000     1 . += 64 * 1024 * 1024
84256000 84256000        0     1 __free_mem_end = .
       0        0      271     1 .debug_abbrev
       0        0       b2     1         /tmp/kernel-9867ae.o:(.debug_abbrev)
       0        0        0     1                 $d
      b2       b2      1bf     1         /tmp/functions-c3d303.o:(.debug_abbrev)
      b2       b2        0     1                 $d
       0        0      9ce     1 .debug_info
       0        0      129     1         /tmp/kernel-9867ae.o:(.debug_info)
       0        0        0     1                 $d
     129      129      8a5     1         /tmp/functions-c3d303.o:(.debug_info)
     129      129        0     1                 $d
       0        0       18     1 .debug_rnglists
       0        0       18     1         /tmp/kernel-9867ae.o:(.debug_rnglists)
       0        0        0     1                 $d
       c        c        0     1                 .L0 
       0        0      204     1 .debug_str_offsets
       0        0       58     1         /tmp/kernel-9867ae.o:(.debug_str_offsets)
       0        0        0     1                 $d
       8        8        0     1                 .L0 
      58       58      1ac     1         /tmp/functions-c3d303.o:(.debug_str_offsets)
      58       58        0     1                 $d
      60       60        0     1                 .L0 
       0        0      46b     1 .debug_str
       0        0      46b     1         <internal>:(.debug_str)
       0        0      15c     1 .debug_addr
       0        0       30     1         /tmp/kernel-9867ae.o:(.debug_addr)
       0        0        0     1                 $d
       8        8        0     1                 .L0 
      30       30      12c     1         /tmp/functions-c3d303.o:(.debug_addr)
      30       30        0     1                 $d
      38       38        0     1                 .L0 
       0        0       d1     1 .comment
       0        0       d1     1         <internal>:(.comment)
       0        0       34     1 .riscv.attributes
       0        0       34     1         <internal>:(.riscv.attributes)
       0        0      250     4 .debug_frame
       0        0       78     4         /tmp/kernel-9867ae.o:(.debug_frame)
       0        0        0     1                 .L0 
       0        0        0     1                 $d
      78       78      1d8     4         /tmp/functions-c3d303.o:(.debug_frame)
      78       78        0     1                 .L0 
      78       78        0     1                 $d
       0        0      fb5     1 .debug_line
       0        0      109     1         /tmp/kernel-9867ae.o:(.debug_line)
       0        0        0     1                 .Lline_table_start0
       0        0        0     1                 $d
     109      109      eac     1         /tmp/functions-c3d303.o:(.debug_line)
     109      109        0     1                 .Lline_table_start0
     109      109        0     1                 $d
       0        0       3d     1 .debug_line_str
       0        0       3d     1         <internal>:(.debug_line_str)
       0        0      450     4 .symtab
       0        0      450     4         <internal>:(.symtab)
       0        0       d3     1 .shstrtab
       0        0       d3     1         <internal>:(.shstrtab)
       0        0      241     1 .strtab
       0        0      241     1         <internal>:(.strtab)
