     VMA      LMA     Size Align Out     In      Symbol
       0        0 80200000     1 . = 0x80200000
80200000 80200000      452     4 .text
80200000 80200000        e     2         /tmp/kernel-7b2082.o:(.text.boot)
80200000 80200000        0     1                 
80200000 80200000        0     1                 
80200000 80200000        0     1                 $x.1
80200000 80200000        0     1                 
80200000 80200000        e     1                 boot
8020000e 8020000e        0     1                 
8020000e 8020000e        0     1                 
8020000e 8020000e       28     2         /tmp/kernel-7b2082.o:(.text)
8020000e 8020000e        0     1                 
8020000e 8020000e        0     1                 
8020000e 8020000e        0     1                 $x.0
8020000e 8020000e        0     1                 
8020000e 8020000e       28     1                 kernel_main
80200012 80200012        0     1                 
80200014 80200014        0     1                 
80200014 80200014        0     1                 
8020001e 8020001e        0     1                 
8020001e 8020001e        0     1                 
80200020 80200020        0     1                 
80200034 80200034        0     1                 
80200034 80200034        0     1                 .LBB0_1
80200036 80200036        0     1                 
80200036 80200036        0     1                 
80200038 80200038      41a     4         /tmp/functions-cbbce9.o:(.text)
80200038 80200038        0     1                 
80200038 80200038        0     1                 
80200038 80200038        0     1                 $x.0
80200038 80200038        0     1                 
80200038 80200038        6     1                 sbi_call
8020003c 8020003c        0     1                 
8020003e 8020003e        0     1                 
8020003e 8020003e        0     1                 
8020003e 8020003e        0     1                 
8020003e 8020003e       14     1                 putchar
80200050 80200050        0     1                 
80200052 80200052        0     1                 
80200052 80200052        0     1                 
80200052 80200052        0     1                 
80200052 80200052      264     1                 printf
8020006e 8020006e        0     1                 
80200096 80200096        0     1                 
8020009a 8020009a        0     1                 
8020009e 8020009e        0     1                 .LBB2_1
802000a2 802000a2        0     1                 
802000a2 802000a2        0     1                 
802000b4 802000b4        0     1                 
802000b4 802000b4        0     1                 .LBB2_3
802000b4 802000b4        0     1                 
802000b6 802000b6        0     1                 
802000ba 802000ba        0     1                 
802000be 802000be        0     1                 .LBB2_4
802000be 802000be        0     1                 
802000c2 802000c2        0     1                 
802000c4 802000c4        0     1                 
802000c8 802000c8        0     1                 
802000d2 802000d2        0     1                 
802000d2 802000d2        0     1                 
802000d6 802000d6        0     1                 
802000da 802000da        0     1                 
802000da 802000da        0     1                 .LBB2_7
802000da 802000da        0     1                 
802000de 802000de        0     1                 
802000de 802000de        0     1                 
802000f0 802000f0        0     1                 
802000f0 802000f0        0     1                 
802000f4 802000f4        0     1                 
802000f6 802000f6        0     1                 
802000f8 802000f8        0     1                 .LBB2_8
802000f8 802000f8        0     1                 
802000fc 802000fc        0     1                 
80200100 80200100        0     1                 .LBB2_9
80200100 80200100        0     1                 
80200106 80200106        0     1                 .LBB2_10
80200106 80200106        0     1                 
8020010a 8020010a        0     1                 .LBB2_11
8020010a 8020010a        0     1                 
8020010a 8020010a        0     1                 
80200114 80200114        0     1                 
80200114 80200114        0     1                 
80200118 80200118        0     1                 
8020011a 8020011a        0     1                 
8020011a 8020011a        0     1                 .LBB2_13
8020011c 8020011c        0     1                 
8020011c 8020011c        0     1                 
80200120 80200120        0     1                 
80200120 80200120        0     1                 
80200126 80200126        0     1                 
80200126 80200126        0     1                 
8020012c 8020012c        0     1                 
8020012e 8020012e        0     1                 
8020012e 8020012e        0     1                 
80200134 80200134        0     1                 .LBB2_14
80200134 80200134        0     1                 
80200134 80200134        0     1                 
80200136 80200136        0     1                 .LBB2_15
80200136 80200136        0     1                 
80200136 80200136        0     1                 
8020013a 8020013a        0     1                 
8020013c 8020013c        0     1                 
8020013c 8020013c        0     1                 
80200140 80200140        0     1                 .LBB2_16
80200140 80200140        0     1                 
80200142 80200142        0     1                 
80200142 80200142        0     1                 
80200148 80200148        0     1                 
80200148 80200148        0     1                 
80200150 80200150        0     1                 
80200150 80200150        0     1                 
80200154 80200154        0     1                 
80200154 80200154        0     1                 
80200166 80200166        0     1                 
80200166 80200166        0     1                 
8020016a 8020016a        0     1                 .LBB2_17
8020016a 8020016a        0     1                 
8020016e 8020016e        0     1                 
8020016e 8020016e        0     1                 
80200180 80200180        0     1                 
80200180 80200180        0     1                 
80200184 80200184        0     1                 
80200188 80200188        0     1                 .LBB2_18
80200188 80200188        0     1                 
80200188 80200188        0     1                 
8020019e 8020019e        0     1                 
8020019e 8020019e        0     1                 
802001b4 802001b4        0     1                 
802001b4 802001b4        0     1                 
802001be 802001be        0     1                 
802001be 802001be        0     1                 
802001c2 802001c2        0     1                 
802001c2 802001c2        0     1                 
802001c4 802001c4        0     1                 
802001c8 802001c8        0     1                 
802001c8 802001c8        0     1                 
802001da 802001da        0     1                 
802001da 802001da        0     1                 
802001e0 802001e0        0     1                 
802001e0 802001e0        0     1                 
802001e2 802001e2        0     1                 
802001e6 802001e6        0     1                 
802001e6 802001e6        0     1                 
802001f8 802001f8        0     1                 
802001f8 802001f8        0     1                 
802001fe 802001fe        0     1                 
802001fe 802001fe        0     1                 
80200200 80200200        0     1                 
80200204 80200204        0     1                 
80200204 80200204        0     1                 
80200216 80200216        0     1                 
80200216 80200216        0     1                 
8020021c 8020021c        0     1                 
8020021c 8020021c        0     1                 
8020021e 8020021e        0     1                 
80200222 80200222        0     1                 
80200222 80200222        0     1                 
80200234 80200234        0     1                 
80200234 80200234        0     1                 
8020023a 8020023a        0     1                 
8020023a 8020023a        0     1                 
8020023c 8020023c        0     1                 
80200240 80200240        0     1                 
80200240 80200240        0     1                 
80200252 80200252        0     1                 
80200252 80200252        0     1                 
80200258 80200258        0     1                 
80200258 80200258        0     1                 
8020025a 8020025a        0     1                 
8020025e 8020025e        0     1                 
8020025e 8020025e        0     1                 
80200270 80200270        0     1                 
80200270 80200270        0     1                 
80200276 80200276        0     1                 
80200276 80200276        0     1                 
80200278 80200278        0     1                 
8020027c 8020027c        0     1                 
8020027c 8020027c        0     1                 
8020028e 8020028e        0     1                 
8020028e 8020028e        0     1                 
80200290 80200290        0     1                 
80200290 80200290        0     1                 
80200292 80200292        0     1                 
80200296 80200296        0     1                 
80200296 80200296        0     1                 
802002a8 802002a8        0     1                 
802002a8 802002a8        0     1                 
802002aa 802002aa        0     1                 .LBB2_19
802002aa 802002aa        0     1                 
802002b2 802002b2        0     1                 
802002b6 802002b6        0     1                 
802002b6 802002b6        0     1                 
802002b6 802002b6        0     1                 
802002b6 802002b6        0     1                 
802002b6 802002b6        0     1                 
802002b6 802002b6       80     1                 print_title
802002bc 802002bc        0     1                 
802002c8 802002c8        0     1                 
802002c8 802002c8        0     1                 
802002d2 802002d2        0     1                 
802002d2 802002d2        0     1                 
802002dc 802002dc        0     1                 
802002dc 802002dc        0     1                 
802002e6 802002e6        0     1                 
802002e6 802002e6        0     1                 
802002f0 802002f0        0     1                 
802002f0 802002f0        0     1                 
802002fa 802002fa        0     1                 
802002fa 802002fa        0     1                 
80200304 80200304        0     1                 
80200304 80200304        0     1                 
80200308 80200308        0     1                 
80200308 80200308        0     1                 
80200312 80200312        0     1                 
80200312 80200312        0     1                 
8020031c 8020031c        0     1                 
8020031c 8020031c        0     1                 
80200326 80200326        0     1                 
80200326 80200326        0     1                 
80200332 80200332        0     1                 
80200336 80200336        0     1                 
80200336 80200336        0     1                 
80200336 80200336        0     1                 
80200336 80200336        0     1                 
80200336 80200336        0     1                 
80200336 80200336        0     1                 
80200336 80200336        e     1                 initialize_stvec
8020033e 8020033e        0     1                 
80200342 80200342        0     1                 
80200342 80200342        0     1                 
80200344 80200344        0     1                 
80200344 80200344        0     1                 
80200344 80200344        0     1                 
80200344 80200344        0     1                 
80200344 80200344        0     1                 
80200344 80200344       90     1                 kernel_entry
802003d4 802003d4        0     1                 
802003d4 802003d4        0     1                 
802003d4 802003d4        0     1                 
802003d4 802003d4        0     1                 
802003d4 802003d4        0     1                 
802003d4 802003d4       68     1                 handle_trap
802003e0 802003e0        0     1                 
802003e0 802003e0        0     1                 
802003e4 802003e4        0     1                 
802003e4 802003e4        0     1                 
802003e8 802003e8        0     1                 
802003e8 802003e8        0     1                 
802003ec 802003ec        0     1                 
802003ec 802003ec        0     1                 
802003f0 802003f0        0     1                 
802003f0 802003f0        0     1                 
802003fc 802003fc        0     1                 
802003fc 802003fc        0     1                 
80200406 80200406        0     1                 
80200406 80200406        0     1                 
80200410 80200410        0     1                 
80200414 80200414        0     1                 
8020041e 8020041e        0     1                 
8020041e 8020041e        0     1                 
8020043a 8020043a        0     1                 
8020043a 8020043a        0     1                 .LBB6_1
8020043c 8020043c        0     1                 
8020043c 8020043c        0     1                 
8020043c 8020043c        0     1                 
8020043c 8020043c        0     1                 
8020043c 8020043c        0     1                 
8020043c 8020043c       16     1                 memset
8020043e 8020043e        0     1                 
80200440 80200440        0     1                 
80200440 80200440        0     1                 .LBB7_2
80200440 80200440        0     1                 
80200444 80200444        0     1                 
80200446 80200446        0     1                 
8020044a 8020044a        0     1                 
8020044c 8020044c        0     1                 
80200450 80200450        0     1                 .LBB7_3
80200450 80200450        0     1                 
80200450 80200450        0     1                 
80200452 80200452        0     1                 
80200452 80200452        0     1                 
80200454 80200454      701     4 .rodata
80200454 80200454      701     1         <internal>:(.rodata.str1.1)
80200b58 80200b58       88     4 .data
80200b58 80200b58       88     4         /tmp/functions-cbbce9.o:(.data)
80200b58 80200b58        0     1                 $d.2
80200b58 80200b58       88     1                 exception_cause
80200be0 80200be0        0     4 .bss
80200be0 80200be0        0     1         __bss = .
80200be0 80200be0        0     1         __bss_end = .
80200be0 80200be0        0     1 . = ALIGN ( 4 )
80200be0 80200be0    20000     1 . += 128 * 1024
80220be0 80220be0        0     1 __stack_top = .
80220be0 80220be0      420     1 . = ALIGN ( 4096 )
80221000 80221000        0     1 __free_mem = .
80221000 80221000  4000000     1 . += 64 * 1024 * 1024
84221000 84221000        0     1 __free_mem_end = .
       0        0      2e2     1 .debug_abbrev
       0        0       b7     1         /tmp/kernel-7b2082.o:(.debug_abbrev)
       0        0        0     1                 $d.3
      b7       b7      22b     1         /tmp/functions-cbbce9.o:(.debug_abbrev)
      b7       b7        0     1                 $d.4
       0        0      d1a     1 .debug_info
       0        0       d8     1         /tmp/kernel-7b2082.o:(.debug_info)
       0        0        0     1                 $d.4
      d8       d8      c42     1         /tmp/functions-cbbce9.o:(.debug_info)
      d8       d8        0     1                 $d.5
       0        0       a8     1 .debug_ranges
       0        0       18     1         /tmp/kernel-7b2082.o:(.debug_ranges)
       0        0        0     1                 
       0        0        0     1                 $d.5
      18       18       90     1         /tmp/functions-cbbce9.o:(.debug_ranges)
      18       18        0     1                 
      18       18        0     1                 $d.6
      60       60        0     1                 
       0        0      264     1 .debug_str
       0        0      264     1         <internal>:(.debug_str)
       0        0       7d     1 .comment
       0        0       7d     1         <internal>:(.comment)
       0        0       2b     1 .riscv.attributes
       0        0       2b     1         <internal>:(.riscv.attributes)
       0        0       f4     4 .debug_frame
       0        0       3c     4         /tmp/kernel-7b2082.o:(.debug_frame)
       0        0        0     1                 
       0        0        0     1                 $d.9
      3c       3c       b8     4         /tmp/functions-cbbce9.o:(.debug_frame)
      3c       3c        0     1                 
      3c       3c        0     1                 $d.10
       0        0      451     1 .debug_line
       0        0       77     1         /tmp/kernel-7b2082.o:(.debug_line)
       0        0        0     1                 .Lline_table_start0
       0        0        0     1                 $d.10
      77       77      3da     1         /tmp/functions-cbbce9.o:(.debug_line)
      77       77        0     1                 .Lline_table_start0
      77       77        0     1                 $d.11
       0        0      49a     1 .debug_loc
       0        0      49a     1         /tmp/functions-cbbce9.o:(.debug_loc)
       0        0        0     1                 
       0        0        0     1                 $d.3
      13       13        0     1                 
      26       26        0     1                 
      39       39        0     1                 
      4d       4d        0     1                 
      6b       6b        0     1                 
      7e       7e        0     1                 
      92       92        0     1                 
      bd       bd        0     1                 
      d0       d0        0     1                 
      e4       e4        0     1                 
     13b      13b        0     1                 
     164      164        0     1                 
     177      177        0     1                 
     18b      18b        0     1                 
     19f      19f        0     1                 
     1b4      1b4        0     1                 
     1c8      1c8        0     1                 
     1dc      1dc        0     1                 
     1f1      1f1        0     1                 
     26e      26e        0     1                 
     281      281        0     1                 
     2e1      2e1        0     1                 
     341      341        0     1                 
     3a1      3a1        0     1                 
     409      409        0     1                 
     41c      41c        0     1                 
     42f      42f        0     1                 
     442      442        0     1                 
     455      455        0     1                 
     468      468        0     1                 
     47b      47b        0     1                 
       0        0     1850     4 .symtab
       0        0     1850     4         <internal>:(.symtab)
       0        0       a6     1 .shstrtab
       0        0       a6     1         <internal>:(.shstrtab)
       0        0      138     1 .strtab
       0        0      138     1         <internal>:(.strtab)
