     VMA      LMA     Size Align Out     In      Symbol
       0        0 80200000     1 . = 0x80200000
80200000 80200000      66c     4 .text
80200000 80200000        e     2         /tmp/kernel-4a4cdb.o:(.text.boot)
80200000 80200000        0     1                 
80200000 80200000        0     1                 
80200000 80200000        0     1                 $x.1
80200000 80200000        0     1                 
80200000 80200000        e     1                 boot
8020000e 8020000e        0     1                 
8020000e 8020000e        0     1                 
8020000e 8020000e       c6     2         /tmp/kernel-4a4cdb.o:(.text)
8020000e 8020000e        0     1                 
8020000e 8020000e        0     1                 
8020000e 8020000e        0     1                 $x.0
8020000e 8020000e        0     1                 
8020000e 8020000e       2e     1                 process_a_entry
80200012 80200012        0     1                 
8020001c 8020001c        0     1                 
8020001c 8020001c        0     1                 
80200022 80200022        0     1                 
8020002a 8020002a        0     1                 
80200032 80200032        0     1                 
80200034 80200034        0     1                 
80200038 80200038        0     1                 
8020003c 8020003c        0     1                 
8020003c 8020003c        0     1                 
8020003c 8020003c        0     1                 
8020003c 8020003c        0     1                 
8020003c 8020003c        0     1                 
8020003c 8020003c        0     1                 
8020003c 8020003c       28     1                 process_b_entry
80200040 80200040        0     1                 
8020004a 8020004a        0     1                 
8020004a 8020004a        0     1                 
80200052 80200052        0     1                 
8020005a 8020005a        0     1                 
8020005c 8020005c        0     1                 
80200060 80200060        0     1                 
80200064 80200064        0     1                 
80200064 80200064        0     1                 
80200064 80200064        0     1                 
80200064 80200064        0     1                 
80200064 80200064        0     1                 
80200064 80200064        0     1                 
80200064 80200064       70     1                 kernel_main
8020006c 8020006c        0     1                 
8020006e 8020006e        0     1                 
8020006e 8020006e        0     1                 
80200078 80200078        0     1                 
80200078 80200078        0     1                 
8020007a 8020007a        0     1                 
80200084 80200084        0     1                 
80200084 80200084        0     1                 
8020008c 8020008c        0     1                 
80200096 80200096        0     1                 
80200096 80200096        0     1                 
8020009e 8020009e        0     1                 
8020009e 8020009e        0     1                 
802000a8 802000a8        0     1                 
802000a8 802000a8        0     1                 
802000ae 802000ae        0     1                 
802000b2 802000b2        0     1                 
802000b6 802000b6        0     1                 
802000b8 802000b8        0     1                 
802000ba 802000ba        0     1                 
802000bc 802000bc        0     1                 
802000bc 802000bc        0     1                 
802000d2 802000d2        0     1                 
802000d2 802000d2        0     1                 .LBB2_1
802000d4 802000d4        0     1                 
802000d4 802000d4        0     1                 
802000d4 802000d4      598     4         /tmp/functions-3f8b89.o:(.text)
802000d4 802000d4        0     1                 
802000d4 802000d4        0     1                 
802000d4 802000d4        0     1                 $x.0
802000d4 802000d4        0     1                 
802000d4 802000d4        6     1                 sbi_call
802000d8 802000d8        0     1                 
802000da 802000da        0     1                 
802000da 802000da        0     1                 
802000da 802000da        0     1                 
802000da 802000da       14     1                 putchar
802000ec 802000ec        0     1                 
802000ee 802000ee        0     1                 
802000ee 802000ee        0     1                 
802000ee 802000ee        0     1                 
802000ee 802000ee      264     1                 printf
8020010a 8020010a        0     1                 
80200132 80200132        0     1                 
80200136 80200136        0     1                 
8020013a 8020013a        0     1                 .LBB2_1
8020013e 8020013e        0     1                 
8020013e 8020013e        0     1                 
80200150 80200150        0     1                 
80200150 80200150        0     1                 .LBB2_3
80200150 80200150        0     1                 
80200152 80200152        0     1                 
80200156 80200156        0     1                 
8020015a 8020015a        0     1                 .LBB2_4
8020015a 8020015a        0     1                 
8020015e 8020015e        0     1                 
80200160 80200160        0     1                 
80200164 80200164        0     1                 
8020016e 8020016e        0     1                 
8020016e 8020016e        0     1                 
80200172 80200172        0     1                 
80200176 80200176        0     1                 
80200176 80200176        0     1                 .LBB2_7
80200176 80200176        0     1                 
8020017a 8020017a        0     1                 
8020017a 8020017a        0     1                 
8020018c 8020018c        0     1                 
8020018c 8020018c        0     1                 
80200190 80200190        0     1                 
80200192 80200192        0     1                 
80200194 80200194        0     1                 .LBB2_8
80200194 80200194        0     1                 
80200198 80200198        0     1                 
8020019c 8020019c        0     1                 .LBB2_9
8020019c 8020019c        0     1                 
802001a2 802001a2        0     1                 .LBB2_10
802001a2 802001a2        0     1                 
802001a6 802001a6        0     1                 .LBB2_11
802001a6 802001a6        0     1                 
802001a6 802001a6        0     1                 
802001b0 802001b0        0     1                 
802001b0 802001b0        0     1                 
802001b4 802001b4        0     1                 
802001b6 802001b6        0     1                 
802001b6 802001b6        0     1                 .LBB2_13
802001b8 802001b8        0     1                 
802001b8 802001b8        0     1                 
802001bc 802001bc        0     1                 
802001bc 802001bc        0     1                 
802001c2 802001c2        0     1                 
802001c2 802001c2        0     1                 
802001c8 802001c8        0     1                 
802001ca 802001ca        0     1                 
802001ca 802001ca        0     1                 
802001d0 802001d0        0     1                 .LBB2_14
802001d0 802001d0        0     1                 
802001d0 802001d0        0     1                 
802001d2 802001d2        0     1                 .LBB2_15
802001d2 802001d2        0     1                 
802001d2 802001d2        0     1                 
802001d6 802001d6        0     1                 
802001d8 802001d8        0     1                 
802001d8 802001d8        0     1                 
802001dc 802001dc        0     1                 .LBB2_16
802001dc 802001dc        0     1                 
802001de 802001de        0     1                 
802001de 802001de        0     1                 
802001e4 802001e4        0     1                 
802001e4 802001e4        0     1                 
802001ec 802001ec        0     1                 
802001ec 802001ec        0     1                 
802001f0 802001f0        0     1                 
802001f0 802001f0        0     1                 
80200202 80200202        0     1                 
80200202 80200202        0     1                 
80200206 80200206        0     1                 .LBB2_17
80200206 80200206        0     1                 
8020020a 8020020a        0     1                 
8020020a 8020020a        0     1                 
8020021c 8020021c        0     1                 
8020021c 8020021c        0     1                 
80200220 80200220        0     1                 
80200224 80200224        0     1                 .LBB2_18
80200224 80200224        0     1                 
80200224 80200224        0     1                 
8020023a 8020023a        0     1                 
8020023a 8020023a        0     1                 
80200250 80200250        0     1                 
80200250 80200250        0     1                 
8020025a 8020025a        0     1                 
8020025a 8020025a        0     1                 
8020025e 8020025e        0     1                 
8020025e 8020025e        0     1                 
80200260 80200260        0     1                 
80200264 80200264        0     1                 
80200264 80200264        0     1                 
80200276 80200276        0     1                 
80200276 80200276        0     1                 
8020027c 8020027c        0     1                 
8020027c 8020027c        0     1                 
8020027e 8020027e        0     1                 
80200282 80200282        0     1                 
80200282 80200282        0     1                 
80200294 80200294        0     1                 
80200294 80200294        0     1                 
8020029a 8020029a        0     1                 
8020029a 8020029a        0     1                 
8020029c 8020029c        0     1                 
802002a0 802002a0        0     1                 
802002a0 802002a0        0     1                 
802002b2 802002b2        0     1                 
802002b2 802002b2        0     1                 
802002b8 802002b8        0     1                 
802002b8 802002b8        0     1                 
802002ba 802002ba        0     1                 
802002be 802002be        0     1                 
802002be 802002be        0     1                 
802002d0 802002d0        0     1                 
802002d0 802002d0        0     1                 
802002d6 802002d6        0     1                 
802002d6 802002d6        0     1                 
802002d8 802002d8        0     1                 
802002dc 802002dc        0     1                 
802002dc 802002dc        0     1                 
802002ee 802002ee        0     1                 
802002ee 802002ee        0     1                 
802002f4 802002f4        0     1                 
802002f4 802002f4        0     1                 
802002f6 802002f6        0     1                 
802002fa 802002fa        0     1                 
802002fa 802002fa        0     1                 
8020030c 8020030c        0     1                 
8020030c 8020030c        0     1                 
80200312 80200312        0     1                 
80200312 80200312        0     1                 
80200314 80200314        0     1                 
80200318 80200318        0     1                 
80200318 80200318        0     1                 
8020032a 8020032a        0     1                 
8020032a 8020032a        0     1                 
8020032c 8020032c        0     1                 
8020032c 8020032c        0     1                 
8020032e 8020032e        0     1                 
80200332 80200332        0     1                 
80200332 80200332        0     1                 
80200344 80200344        0     1                 
80200344 80200344        0     1                 
80200346 80200346        0     1                 .LBB2_19
80200346 80200346        0     1                 
8020034e 8020034e        0     1                 
80200352 80200352        0     1                 
80200352 80200352        0     1                 
80200352 80200352        0     1                 
80200352 80200352        0     1                 
80200352 80200352        0     1                 
80200352 80200352       80     1                 print_title
80200358 80200358        0     1                 
80200364 80200364        0     1                 
80200364 80200364        0     1                 
8020036e 8020036e        0     1                 
8020036e 8020036e        0     1                 
80200378 80200378        0     1                 
80200378 80200378        0     1                 
80200382 80200382        0     1                 
80200382 80200382        0     1                 
8020038c 8020038c        0     1                 
8020038c 8020038c        0     1                 
80200396 80200396        0     1                 
80200396 80200396        0     1                 
802003a0 802003a0        0     1                 
802003a0 802003a0        0     1                 
802003a4 802003a4        0     1                 
802003a4 802003a4        0     1                 
802003ae 802003ae        0     1                 
802003ae 802003ae        0     1                 
802003b8 802003b8        0     1                 
802003b8 802003b8        0     1                 
802003c2 802003c2        0     1                 
802003c2 802003c2        0     1                 
802003ce 802003ce        0     1                 
802003d2 802003d2        0     1                 
802003d2 802003d2        0     1                 
802003d2 802003d2        0     1                 
802003d2 802003d2        0     1                 
802003d2 802003d2        0     1                 
802003d2 802003d2        0     1                 
802003d2 802003d2        e     1                 initialize_stvec
802003da 802003da        0     1                 
802003de 802003de        0     1                 
802003de 802003de        0     1                 
802003e0 802003e0        0     1                 
802003e0 802003e0        0     1                 
802003e0 802003e0        0     1                 
802003e0 802003e0        0     1                 
802003e0 802003e0        0     1                 
802003e0 802003e0       90     1                 kernel_entry
80200470 80200470        0     1                 
80200470 80200470        0     1                 
80200470 80200470        0     1                 
80200470 80200470        0     1                 
80200470 80200470        0     1                 
80200470 80200470       5c     1                 handle_trap
8020047c 8020047c        0     1                 
8020047c 8020047c        0     1                 
80200480 80200480        0     1                 
80200480 80200480        0     1                 
80200484 80200484        0     1                 
80200484 80200484        0     1                 
80200488 80200488        0     1                 
80200488 80200488        0     1                 
8020048c 8020048c        0     1                 
8020048c 8020048c        0     1                 
80200496 80200496        0     1                 
80200496 80200496        0     1                 
802004a0 802004a0        0     1                 
802004a4 802004a4        0     1                 
802004ae 802004ae        0     1                 
802004ae 802004ae        0     1                 
802004ca 802004ca        0     1                 
802004ca 802004ca        0     1                 .LBB6_1
802004cc 802004cc        0     1                 
802004cc 802004cc        0     1                 
802004cc 802004cc        0     1                 
802004cc 802004cc        0     1                 
802004cc 802004cc        0     1                 
802004cc 802004cc       3a     1                 malloc
802004d0 802004d0        0     1                 
802004d0 802004d0        0     1                 
802004d2 802004d2        0     1                 
802004de 802004de        0     1                 
802004de 802004de        0     1                 .LBB7_2
802004de 802004de        0     1                 
802004e0 802004e0        0     1                 
802004e4 802004e4        0     1                 .LBB7_3
802004e4 802004e4        0     1                 
802004e4 802004e4        0     1                 
802004e6 802004e6        0     1                 
802004ea 802004ea        0     1                 
802004ea 802004ea        0     1                 .LBB7_5
802004ea 802004ea        0     1                 
802004ee 802004ee        0     1                 
802004f0 802004f0        0     1                 
802004f4 802004f4        0     1                 
802004f6 802004f6        0     1                 
802004fc 802004fc        0     1                 .LBB7_6
802004fc 802004fc        0     1                 
802004fc 802004fc        0     1                 
80200500 80200500        0     1                 
80200506 80200506        0     1                 
80200506 80200506        0     1                 
80200506 80200506        0     1                 
80200506 80200506        0     1                 
80200506 80200506        0     1                 
80200506 80200506       16     1                 memset
80200508 80200508        0     1                 
8020050a 8020050a        0     1                 
8020050a 8020050a        0     1                 .LBB8_2
8020050a 8020050a        0     1                 
8020050e 8020050e        0     1                 
80200510 80200510        0     1                 
80200514 80200514        0     1                 
80200516 80200516        0     1                 
8020051a 8020051a        0     1                 .LBB8_3
8020051a 8020051a        0     1                 
8020051a 8020051a        0     1                 
8020051c 8020051c        0     1                 
8020051c 8020051c        0     1                 
8020051c 8020051c        0     1                 
8020051c 8020051c        0     1                 
8020051c 8020051c        0     1                 
8020051c 8020051c       46     1                 switch_context
80200562 80200562        0     1                 
80200562 80200562        0     1                 
80200562 80200562        0     1                 
80200562 80200562      10a     1                 create_process
8020056c 8020056c        0     1                 
8020056c 8020056c        0     1                 
8020056e 8020056e        0     1                 
8020056e 8020056e        0     1                 
80200574 80200574        0     1                 
80200576 80200576        0     1                 
80200576 80200576        0     1                 
80200584 80200584        0     1                 
80200586 80200586        0     1                 
80200586 80200586        0     1                 
8020058c 8020058c        0     1                 
8020058e 8020058e        0     1                 
8020058e 8020058e        0     1                 
8020059c 8020059c        0     1                 
8020059e 8020059e        0     1                 
8020059e 8020059e        0     1                 
802005a4 802005a4        0     1                 
802005a6 802005a6        0     1                 
802005a6 802005a6        0     1                 
802005b4 802005b4        0     1                 
802005b6 802005b6        0     1                 
802005b6 802005b6        0     1                 
802005bc 802005bc        0     1                 
802005be 802005be        0     1                 
802005be 802005be        0     1                 
802005cc 802005cc        0     1                 
802005ce 802005ce        0     1                 
802005ce 802005ce        0     1                 
802005d4 802005d4        0     1                 
802005d8 802005d8        0     1                 
802005da 802005da        0     1                 
802005da 802005da        0     1                 
802005de 802005de        0     1                 
802005f0 802005f0        0     1                 
802005f0 802005f0        0     1                 
802005f4 802005f4        0     1                 .LBB10_11
802005f4 802005f4        0     1                 
802005f6 802005f6        0     1                 .LBB10_12
802005f6 802005f6        0     1                 
802005f6 802005f6        0     1                 
802005fa 802005fa        0     1                 .LBB10_13
802005fa 802005fa        0     1                 
802005fe 802005fe        0     1                 .LBB10_14
802005fe 802005fe        0     1                 
80200602 80200602        0     1                 .LBB10_15
80200602 80200602        0     1                 
80200606 80200606        0     1                 .LBB10_16
80200606 80200606        0     1                 
8020060a 8020060a        0     1                 .LBB10_17
8020060a 8020060a        0     1                 
8020060e 8020060e        0     1                 .LBB10_18
8020060e 8020060e        0     1                 
80200612 80200612        0     1                 .LBB10_19
80200612 80200612        0     1                 
80200616 80200616        0     1                 .LBB10_20
80200616 80200616        0     1                 
80200618 80200618        0     1                 .LBB10_21
80200618 80200618        0     1                 
80200618 80200618        0     1                 
8020061e 8020061e        0     1                 
80200624 80200624        0     1                 
80200624 80200624        0     1                 
80200626 80200626        0     1                 
8020062a 8020062a        0     1                 
8020062e 8020062e        0     1                 
80200632 80200632        0     1                 
80200636 80200636        0     1                 
8020063a 8020063a        0     1                 
8020063e 8020063e        0     1                 
80200642 80200642        0     1                 
80200646 80200646        0     1                 
8020064a 8020064a        0     1                 
8020064e 8020064e        0     1                 
80200652 80200652        0     1                 
80200656 80200656        0     1                 
8020065e 8020065e        0     1                 
80200660 80200660        0     1                 
80200660 80200660        0     1                 
80200662 80200662        0     1                 
80200666 80200666        0     1                 
80200666 80200666        0     1                 
80200668 80200668        0     1                 
8020066c 8020066c        0     1                 
8020066c 8020066c        0     1                 
8020066c 8020066c      74b     4 .rodata
8020066c 8020066c      74b     1         <internal>:(.rodata.str1.1)
80200db8 80200db8       88     4 .data
80200db8 80200db8       88     4         /tmp/functions-3f8b89.o:(.data)
80200db8 80200db8        0     1                 $d.2
80200db8 80200db8       88     1                 exception_cause
80200e40 80200e40    14080     4 .bss
80200e40 80200e40        0     1         __bss = .
80200e40 80200e40        8     4         /tmp/kernel-4a4cdb.o:(.sbss)
80200e40 80200e40        0     1                 $d.3
80200e40 80200e40        4     1                 proc_a
80200e44 80200e44        4     1                 proc_b
80200e48 80200e48    14078     4         /tmp/functions-3f8b89.o:(.bss)
80200e48 80200e48        0     1                 $d.3
80200e48 80200e48    14078     1                 procs
80214ec0 80214ec0        0     1         __bss_end = .
80214ec0 80214ec0        0     1 . = ALIGN ( 4 )
80214ec0 80214ec0    20000     1 . += 128 * 1024
80234ec0 80234ec0        0     1 __stack_top = .
80234ec0 80234ec0      140     1 . = ALIGN ( 4096 )
80235000 80235000        0     1 __free_mem = .
80235000 80235000  4000000     1 . += 64 * 1024 * 1024
84235000 84235000        0     1 __free_mem_end = .
       0        0      3f0     1 .debug_abbrev
       0        0      154     1         /tmp/kernel-4a4cdb.o:(.debug_abbrev)
       0        0        0     1                 $d.4
     154      154      29c     1         /tmp/functions-3f8b89.o:(.debug_abbrev)
     154      154        0     1                 $d.5
       0        0     1008     1 .debug_info
       0        0      224     1         /tmp/kernel-4a4cdb.o:(.debug_info)
       0        0        0     1                 $d.5
     224      224      de4     1         /tmp/functions-3f8b89.o:(.debug_info)
     224      224        0     1                 $d.6
       0        0       a8     1 .debug_ranges
       0        0       18     1         /tmp/kernel-4a4cdb.o:(.debug_ranges)
       0        0        0     1                 
       0        0        0     1                 $d.6
      18       18       90     1         /tmp/functions-3f8b89.o:(.debug_ranges)
      18       18        0     1                 
      18       18        0     1                 $d.7
      60       60        0     1                 
       0        0      323     1 .debug_str
       0        0      323     1         <internal>:(.debug_str)
       0        0       7d     1 .comment
       0        0       7d     1         <internal>:(.comment)
       0        0       2b     1 .riscv.attributes
       0        0       2b     1         <internal>:(.riscv.attributes)
       0        0      160     4 .debug_frame
       0        0       70     4         /tmp/kernel-4a4cdb.o:(.debug_frame)
       0        0        0     1                 
       0        0        0     1                 $d.10
      70       70       f0     4         /tmp/functions-3f8b89.o:(.debug_frame)
      70       70        0     1                 
      70       70        0     1                 $d.11
       0        0      6fe     1 .debug_line
       0        0      15d     1         /tmp/kernel-4a4cdb.o:(.debug_line)
       0        0        0     1                 .Lline_table_start0
       0        0        0     1                 $d.11
     15d      15d      5a1     1         /tmp/functions-3f8b89.o:(.debug_line)
     15d      15d        0     1                 .Lline_table_start0
     15d      15d        0     1                 $d.12
       0        0      65d     1 .debug_loc
       0        0      65d     1         /tmp/functions-3f8b89.o:(.debug_loc)
       0        0        0     1                 
       0        0        0     1                 $d.4
      13       13        0     1                 
      26       26        0     1                 
      39       39        0     1                 
      4d       4d        0     1                 
      6b       6b        0     1                 
      7e       7e        0     1                 
      92       92        0     1                 
      bd       bd        0     1                 
      d0       d0        0     1                 
      e4       e4        0     1                 
     13b      13b        0     1                 
     164      164        0     1                 
     177      177        0     1                 
     18b      18b        0     1                 
     19f      19f        0     1                 
     1b4      1b4        0     1                 
     1c8      1c8        0     1                 
     1dc      1dc        0     1                 
     1f1      1f1        0     1                 
     26e      26e        0     1                 
     281      281        0     1                 
     2e1      2e1        0     1                 
     341      341        0     1                 
     3a1      3a1        0     1                 
     409      409        0     1                 
     41c      41c        0     1                 
     42f      42f        0     1                 
     442      442        0     1                 
     455      455        0     1                 
     468      468        0     1                 
     47b      47b        0     1                 
     49a      49a        0     1                 
     4b9      4b9        0     1                 
     4cc      4cc        0     1                 
     4df      4df        0     1                 
     4fe      4fe        0     1                 
     51c      51c        0     1                 
     628      628        0     1                 
     63b      63b        0     1                 
       0        0     2410     4 .symtab
       0        0     2410     4         <internal>:(.symtab)
       0        0       a6     1 .shstrtab
       0        0       a6     1         <internal>:(.shstrtab)
       0        0      19d     1 .strtab
       0        0      19d     1         <internal>:(.strtab)
